Archive member included to satisfy reference by file (symbol)

/home/swift/st/stm32cubeide_1.14.0/plugins/com.st.stm32cube.ide.mcu.externaltools.gnu-tools-for-stm32.11.3.rel1.linux64_1.1.100.202309141235/tools/bin/../lib/gcc/arm-none-eabi/11.3.1/../../../../arm-none-eabi/lib/thumb/v7e-m+fp/hard/libc_nano.a(libc_a-exit.o)
                              /home/swift/st/stm32cubeide_1.14.0/plugins/com.st.stm32cube.ide.mcu.externaltools.gnu-tools-for-stm32.11.3.rel1.linux64_1.1.100.202309141235/tools/bin/../lib/gcc/arm-none-eabi/11.3.1/../../../../arm-none-eabi/lib/thumb/v7e-m+fp/hard/crt0.o (exit)
/home/swift/st/stm32cubeide_1.14.0/plugins/com.st.stm32cube.ide.mcu.externaltools.gnu-tools-for-stm32.11.3.rel1.linux64_1.1.100.202309141235/tools/bin/../lib/gcc/arm-none-eabi/11.3.1/../../../../arm-none-eabi/lib/thumb/v7e-m+fp/hard/libc_nano.a(libc_a-findfp.o)
                              /home/swift/st/stm32cubeide_1.14.0/plugins/com.st.stm32cube.ide.mcu.externaltools.gnu-tools-for-stm32.11.3.rel1.linux64_1.1.100.202309141235/tools/bin/../lib/gcc/arm-none-eabi/11.3.1/../../../../arm-none-eabi/lib/thumb/v7e-m+fp/hard/libc_nano.a(libc_a-exit.o) (__stdio_exit_handler)
/home/swift/st/stm32cubeide_1.14.0/plugins/com.st.stm32cube.ide.mcu.externaltools.gnu-tools-for-stm32.11.3.rel1.linux64_1.1.100.202309141235/tools/bin/../lib/gcc/arm-none-eabi/11.3.1/../../../../arm-none-eabi/lib/thumb/v7e-m+fp/hard/libc_nano.a(libc_a-fwalk.o)
                              /home/swift/st/stm32cubeide_1.14.0/plugins/com.st.stm32cube.ide.mcu.externaltools.gnu-tools-for-stm32.11.3.rel1.linux64_1.1.100.202309141235/tools/bin/../lib/gcc/arm-none-eabi/11.3.1/../../../../arm-none-eabi/lib/thumb/v7e-m+fp/hard/libc_nano.a(libc_a-findfp.o) (_fwalk_sglue)
/home/swift/st/stm32cubeide_1.14.0/plugins/com.st.stm32cube.ide.mcu.externaltools.gnu-tools-for-stm32.11.3.rel1.linux64_1.1.100.202309141235/tools/bin/../lib/gcc/arm-none-eabi/11.3.1/../../../../arm-none-eabi/lib/thumb/v7e-m+fp/hard/libc_nano.a(libc_a-stdio.o)
                              /home/swift/st/stm32cubeide_1.14.0/plugins/com.st.stm32cube.ide.mcu.externaltools.gnu-tools-for-stm32.11.3.rel1.linux64_1.1.100.202309141235/tools/bin/../lib/gcc/arm-none-eabi/11.3.1/../../../../arm-none-eabi/lib/thumb/v7e-m+fp/hard/libc_nano.a(libc_a-findfp.o) (__sread)
/home/swift/st/stm32cubeide_1.14.0/plugins/com.st.stm32cube.ide.mcu.externaltools.gnu-tools-for-stm32.11.3.rel1.linux64_1.1.100.202309141235/tools/bin/../lib/gcc/arm-none-eabi/11.3.1/../../../../arm-none-eabi/lib/thumb/v7e-m+fp/hard/libc_nano.a(libc_a-memset.o)
                              /home/swift/st/stm32cubeide_1.14.0/plugins/com.st.stm32cube.ide.mcu.externaltools.gnu-tools-for-stm32.11.3.rel1.linux64_1.1.100.202309141235/tools/bin/../lib/gcc/arm-none-eabi/11.3.1/../../../../arm-none-eabi/lib/thumb/v7e-m+fp/hard/crt0.o (memset)
/home/swift/st/stm32cubeide_1.14.0/plugins/com.st.stm32cube.ide.mcu.externaltools.gnu-tools-for-stm32.11.3.rel1.linux64_1.1.100.202309141235/tools/bin/../lib/gcc/arm-none-eabi/11.3.1/../../../../arm-none-eabi/lib/thumb/v7e-m+fp/hard/libc_nano.a(libc_a-closer.o)
                              /home/swift/st/stm32cubeide_1.14.0/plugins/com.st.stm32cube.ide.mcu.externaltools.gnu-tools-for-stm32.11.3.rel1.linux64_1.1.100.202309141235/tools/bin/../lib/gcc/arm-none-eabi/11.3.1/../../../../arm-none-eabi/lib/thumb/v7e-m+fp/hard/libc_nano.a(libc_a-stdio.o) (_close_r)
/home/swift/st/stm32cubeide_1.14.0/plugins/com.st.stm32cube.ide.mcu.externaltools.gnu-tools-for-stm32.11.3.rel1.linux64_1.1.100.202309141235/tools/bin/../lib/gcc/arm-none-eabi/11.3.1/../../../../arm-none-eabi/lib/thumb/v7e-m+fp/hard/libc_nano.a(libc_a-reent.o)
                              /home/swift/st/stm32cubeide_1.14.0/plugins/com.st.stm32cube.ide.mcu.externaltools.gnu-tools-for-stm32.11.3.rel1.linux64_1.1.100.202309141235/tools/bin/../lib/gcc/arm-none-eabi/11.3.1/../../../../arm-none-eabi/lib/thumb/v7e-m+fp/hard/libc_nano.a(libc_a-closer.o) (errno)
/home/swift/st/stm32cubeide_1.14.0/plugins/com.st.stm32cube.ide.mcu.externaltools.gnu-tools-for-stm32.11.3.rel1.linux64_1.1.100.202309141235/tools/bin/../lib/gcc/arm-none-eabi/11.3.1/../../../../arm-none-eabi/lib/thumb/v7e-m+fp/hard/libc_nano.a(libc_a-impure.o)
                              /home/swift/st/stm32cubeide_1.14.0/plugins/com.st.stm32cube.ide.mcu.externaltools.gnu-tools-for-stm32.11.3.rel1.linux64_1.1.100.202309141235/tools/bin/../lib/gcc/arm-none-eabi/11.3.1/../../../../arm-none-eabi/lib/thumb/v7e-m+fp/hard/libc_nano.a(libc_a-reent.o) (_impure_ptr)
/home/swift/st/stm32cubeide_1.14.0/plugins/com.st.stm32cube.ide.mcu.externaltools.gnu-tools-for-stm32.11.3.rel1.linux64_1.1.100.202309141235/tools/bin/../lib/gcc/arm-none-eabi/11.3.1/../../../../arm-none-eabi/lib/thumb/v7e-m+fp/hard/libc_nano.a(libc_a-lseekr.o)
[...]
Memory Configuration

Name             Origin             Length             Attributes
RAM              0x0000000020000000 0x0000000000020000 xrw
FLASH            0x0000000008000000 0x0000000000080000 xr
*default*        0x0000000000000000 0xffffffffffffffff

Linker script and memory map

LOAD /home/swift/st/stm32cubeide_1.14.0/plugins/com.st.stm32cube.ide.mcu.externaltools.gnu-tools-for-stm32.11.3.rel1.linux64_1.1.100.202309141235/tools/bin/../lib/gcc/arm-none-eabi/11.3.1/thumb/v7e-m+fp/hard/crti.o
LOAD /home/swift/st/stm32cubeide_1.14.0/plugins/com.st.stm32cube.ide.mcu.externaltools.gnu-tools-for-stm32.11.3.rel1.linux64_1.1.100.202309141235/tools/bin/../lib/gcc/arm-none-eabi/11.3.1/thumb/v7e-m+fp/hard/crtbegin.o
LOAD /home/swift/st/stm32cubeide_1.14.0/plugins/com.st.stm32cube.ide.mcu.externaltools.gnu-tools-for-stm32.11.3.rel1.linux64_1.1.100.202309141235/tools/bin/../lib/gcc/arm-none-eabi/11.3.1/../../../../arm-none-eabi/lib/thumb/v7e-m+fp/hard/crt0.o
LOAD ./Core/Src/Utils/SEGGER_RTT.o
LOAD ./Core/Src/Utils/SEGGER_RTT_printf.o
LOAD ./Core/Src/gpio.o
LOAD ./Core/Src/main.o
LOAD ./Core/Src/stm32f4xx_hal_msp.o
LOAD ./Core/Src/stm32f4xx_it.o
LOAD ./Core/Src/syscalls.o
LOAD ./Core/Src/sysmem.o
LOAD ./Core/Src/system_stm32f4xx.o
LOAD ./Core/Startup/startup_stm32f411ceux.o
LOAD ./Drivers/STM32F4xx_HAL_Driver/Src/stm32f4xx_hal.o
LOAD ./Drivers/STM32F4xx_HAL_Driver/Src/stm32f4xx_hal_cortex.o
LOAD ./Drivers/STM32F4xx_HAL_Driver/Src/stm32f4xx_hal_dma.o
LOAD ./Drivers/STM32F4xx_HAL_Driver/Src/stm32f4xx_hal_dma_ex.o
LOAD ./Drivers/STM32F4xx_HAL_Driver/Src/stm32f4xx_hal_exti.o
LOAD ./Drivers/STM32F4xx_HAL_Driver/Src/stm32f4xx_hal_flash.o
LOAD ./Drivers/STM32F4xx_HAL_Driver/Src/stm32f4xx_hal_flash_ex.o
LOAD ./Drivers/STM32F4xx_HAL_Driver/Src/stm32f4xx_hal_flash_ramfunc.o
LOAD ./Drivers/STM32F4xx_HAL_Driver/Src/stm32f4xx_hal_gpio.o
LOAD ./Drivers/STM32F4xx_HAL_Driver/Src/stm32f4xx_hal_pwr.o
LOAD ./Drivers/STM32F4xx_HAL_Driver/Src/stm32f4xx_hal_pwr_ex.o
LOAD ./Drivers/STM32F4xx_HAL_Driver/Src/stm32f4xx_hal_rcc.o
LOAD ./Drivers/STM32F4xx_HAL_Driver/Src/stm32f4xx_hal_rcc_ex.o
LOAD ./Drivers/STM32F4xx_HAL_Driver/Src/stm32f4xx_hal_tim.o
LOAD ./Drivers/STM32F4xx_HAL_Driver/Src/stm32f4xx_hal_tim_ex.o
START GROUP
LOAD /home/swift/st/stm32cubeide_1.14.0/plugins/com.st.stm32cube.ide.mcu.externaltools.gnu-tools-for-stm32.11.3.rel1.linux64_1.1.100.202309141235/tools/bin/../lib/gcc/arm-none-eabi/11.3.1/../../../../arm-none-eabi/lib/thumb/v7e-m+fp/hard/libc_nano.a
LOAD /home/swift/st/stm32cubeide_1.14.0/plugins/com.st.stm32cube.ide.mcu.externaltools.gnu-tools-for-stm32.11.3.rel1.linux64_1.1.100.202309141235/tools/bin/../lib/gcc/arm-none-eabi/11.3.1/../../../../arm-none-eabi/lib/thumb/v7e-m+fp/hard/libm.a
END GROUP
START GROUP
LOAD /home/swift/st/stm32cubeide_1.14.0/plugins/com.st.stm32cube.ide.mcu.externaltools.gnu-tools-for-stm32.11.3.rel1.linux64_1.1.100.202309141235/tools/bin/../lib/gcc/arm-none-eabi/11.3.1/thumb/v7e-m+fp/hard/libgcc.a
LOAD /home/swift/st/stm32cubeide_1.14.0/plugins/com.st.stm32cube.ide.mcu.externaltools.gnu-tools-for-stm32.11.3.rel1.linux64_1.1.100.202309141235/tools/bin/../lib/gcc/arm-none-eabi/11.3.1/../../../../arm-none-eabi/lib/thumb/v7e-m+fp/hard/libc_nano.a
END GROUP
START GROUP
LOAD /home/swift/st/stm32cubeide_1.14.0/plugins/com.st.stm32cube.ide.mcu.externaltools.gnu-tools-for-stm32.11.3.rel1.linux64_1.1.100.202309141235/tools/bin/../lib/gcc/arm-none-eabi/11.3.1/thumb/v7e-m+fp/hard/libgcc.a
LOAD /home/swift/st/stm32cubeide_1.14.0/plugins/com.st.stm32cube.ide.mcu.externaltools.gnu-tools-for-stm32.11.3.rel1.linux64_1.1.100.202309141235/tools/bin/../lib/gcc/arm-none-eabi/11.3.1/../../../../arm-none-eabi/lib/thumb/v7e-m+fp/hard/libc_nano.a
LOAD /home/swift/st/stm32cubeide_1.14.0/plugins/com.st.stm32cube.ide.mcu.externaltools.gnu-tools-for-stm32.11.3.rel1.linux64_1.1.100.202309141235/tools/bin/../lib/gcc/arm-none-eabi/11.3.1/../../../../arm-none-eabi/lib/thumb/v7e-m+fp/hard/libnosys.a
END GROUP
START GROUP
LOAD /home/swift/st/stm32cubeide_1.14.0/plugins/com.st.stm32cube.ide.mcu.externaltools.gnu-tools-for-stm32.11.3.rel1.linux64_1.1.100.202309141235/tools/bin/../lib/gcc/arm-none-eabi/11.3.1/thumb/v7e-m+fp/hard/libgcc.a
LOAD /home/swift/st/stm32cubeide_1.14.0/plugins/com.st.stm32cube.ide.mcu.externaltools.gnu-tools-for-stm32.11.3.rel1.linux64_1.1.100.202309141235/tools/bin/../lib/gcc/arm-none-eabi/11.3.1/../../../../arm-none-eabi/lib/thumb/v7e-m+fp/hard/libc_nano.a
LOAD /home/swift/st/stm32cubeide_1.14.0/plugins/com.st.stm32cube.ide.mcu.externaltools.gnu-tools-for-stm32.11.3.rel1.linux64_1.1.100.202309141235/tools/bin/../lib/gcc/arm-none-eabi/11.3.1/../../../../arm-none-eabi/lib/thumb/v7e-m+fp/hard/libnosys.a
END GROUP
LOAD /home/swift/st/stm32cubeide_1.14.0/plugins/com.st.stm32cube.ide.mcu.externaltools.gnu-tools-for-stm32.11.3.rel1.linux64_1.1.100.202309141235/tools/bin/../lib/gcc/arm-none-eabi/11.3.1/thumb/v7e-m+fp/hard/crtend.o
LOAD /home/swift/st/stm32cubeide_1.14.0/plugins/com.st.stm32cube.ide.mcu.externaltools.gnu-tools-for-stm32.11.3.rel1.linux64_1.1.100.202309141235/tools/bin/../lib/gcc/arm-none-eabi/11.3.1/thumb/v7e-m+fp/hard/crtn.o
                0x0000000020020000                _estack = (ORIGIN (RAM) + LENGTH (RAM))
                0x0000000000000200                _Min_Heap_Size = 0x200
                0x0000000000000400                _Min_Stack_Size = 0x400

.isr_vector     0x0000000008000000      0x198
                0x0000000008000000                . = ALIGN (0x4)
 *(.isr_vector)
 .isr_vector    0x0000000008000000      0x198 ./Core/Startup/startup_stm32f411ceux.o
                0x0000000008000000                g_pfnVectors
                0x0000000008000198                . = ALIGN (0x4)

.text           0x0000000008000198     0x1d60
                0x0000000008000198                . = ALIGN (0x4)
 *(.text)
 .text          0x0000000008000198       0x40 /home/swift/st/stm32cubeide_1.14.0/plugins/com.st.stm32cube.ide.mcu.externaltools.gnu-tools-for-stm32.11.3.rel1.linux64_1.1.100.202309141235/tools/bin/../lib/gcc/arm-none-eabi/11.3.1/thumb/v7e-m+fp/hard/crtbegin.o
 .text          0x00000000080001d8       0x30 /home/swift/st/stm32cubeide_1.14.0/plugins/com.st.stm32cube.ide.mcu.externaltools.gnu-tools-for-stm32.11.3.rel1.linux64_1.1.100.202309141235/tools/bin/../lib/gcc/arm-none-eabi/11.3.1/thumb/v7e-m+fp/hard/libgcc.a(_aeabi_uldivmod.o)
                0x00000000080001d8                __aeabi_uldivmod
 .text          0x0000000008000208      0x2c8 /home/swift/st/stm32cubeide_1.14.0/plugins/com.st.stm32cube.ide.mcu.externaltools.gnu-tools-for-stm32.11.3.rel1.linux64_1.1.100.202309141235/tools/bin/../lib/gcc/arm-none-eabi/11.3.1/thumb/v7e-m+fp/hard/libgcc.a(_udivmoddi4.o)
                0x0000000008000208                __udivmoddi4
 .text          0x00000000080004d0        0x4 /home/swift/st/stm32cubeide_1.14.0/plugins/com.st.stm32cube.ide.mcu.externaltools.gnu-tools-for-stm32.11.3.rel1.linux64_1.1.100.202309141235/tools/bin/../lib/gcc/arm-none-eabi/11.3.1/thumb/v7e-m+fp/hard/libgcc.a(_dvmd_tls.o)
                0x00000000080004d0                __aeabi_ldiv0
                0x00000000080004d0                __aeabi_idiv0
 *(.text*)
 .text._DoInit  0x00000000080004d4       0xa4 ./Core/Src/Utils/SEGGER_RTT.o
 .text._WriteBlocking
                0x0000000008000578       0xb4 ./Core/Src/Utils/SEGGER_RTT.o
 .text._WriteNoCheck
                0x000000000800062c       0x80 ./Core/Src/Utils/SEGGER_RTT.o
 .text._GetAvailWriteSpace
                0x00000000080006ac       0x46 ./Core/Src/Utils/SEGGER_RTT.o
 *fill*         0x00000000080006f2        0x2 
 .text.SEGGER_RTT_WriteNoLock
                0x00000000080006f4       0xa0 ./Core/Src/Utils/SEGGER_RTT.o
                0x00000000080006f4                SEGGER_RTT_WriteNoLock
 .text.SEGGER_RTT_Write
                0x0000000008000794       0x48 ./Core/Src/Utils/SEGGER_RTT.o
                0x0000000008000794                SEGGER_RTT_Write
 .text._StoreChar
                0x00000000080007dc       0x7c ./Core/Src/Utils/SEGGER_RTT_printf.o
 .text._PrintUnsigned
                0x0000000008000858      0x158 ./Core/Src/Utils/SEGGER_RTT_printf.o
 .text._PrintInt
                0x00000000080009b0      0x14e ./Core/Src/Utils/SEGGER_RTT_printf.o
 *fill*         0x0000000008000afe        0x2 
 .text.SEGGER_RTT_vprintf
                0x0000000008000b00      0x578 ./Core/Src/Utils/SEGGER_RTT_printf.o
                0x0000000008000b00                SEGGER_RTT_vprintf
 .text.SEGGER_RTT_printf
                0x0000000008001078       0x30 ./Core/Src/Utils/SEGGER_RTT_printf.o
                0x0000000008001078                SEGGER_RTT_printf
 .text.MX_GPIO_Init
                0x00000000080010a8       0x34 ./Core/Src/gpio.o
                0x00000000080010a8                MX_GPIO_Init
 .text.main     0x00000000080010dc       0x20 ./Core/Src/main.o
                0x00000000080010dc                main
 .text.SystemClock_Config
                0x00000000080010fc       0xd0 ./Core/Src/main.o
                0x00000000080010fc                SystemClock_Config
 .text.Error_Handler
                0x00000000080011cc        0xa ./Core/Src/main.o
                0x00000000080011cc                Error_Handler
 *fill*         0x00000000080011d6        0x2 
 .text.HAL_MspInit
                0x00000000080011d8       0x50 ./Core/Src/stm32f4xx_hal_msp.o
                0x00000000080011d8                HAL_MspInit
 .text.NMI_Handler
                0x0000000008001228        0x6 ./Core/Src/stm32f4xx_it.o
                0x0000000008001228                NMI_Handler
 .text.HardFault_Handler
                0x000000000800122e        0x6 ./Core/Src/stm32f4xx_it.o
                0x000000000800122e                HardFault_Handler
 .text.MemManage_Handler
                0x0000000008001234        0x6 ./Core/Src/stm32f4xx_it.o
                0x0000000008001234                MemManage_Handler
 .text.BusFault_Handler
                0x000000000800123a        0x6 ./Core/Src/stm32f4xx_it.o
                0x000000000800123a                BusFault_Handler
 .text.UsageFault_Handler
                0x0000000008001240        0x6 ./Core/Src/stm32f4xx_it.o
                0x0000000008001240                UsageFault_Handler
 .text.SVC_Handler
                0x0000000008001246        0xe ./Core/Src/stm32f4xx_it.o
                0x0000000008001246                SVC_Handler
 .text.DebugMon_Handler
                0x0000000008001254        0xe ./Core/Src/stm32f4xx_it.o
                0x0000000008001254                DebugMon_Handler
 .text.PendSV_Handler
                0x0000000008001262        0xe ./Core/Src/stm32f4xx_it.o
                0x0000000008001262                PendSV_Handler
 .text.SysTick_Handler
                0x0000000008001270        0xc ./Core/Src/stm32f4xx_it.o
                0x0000000008001270                SysTick_Handler
 .text.SystemInit
                0x000000000800127c       0x24 ./Core/Src/system_stm32f4xx.o
                0x000000000800127c                SystemInit
 .text.Reset_Handler
                0x00000000080012a0       0x50 ./Core/Startup/startup_stm32f411ceux.o
                0x00000000080012a0                Reset_Handler
 .text.Default_Handler
                0x00000000080012f0        0x2 ./Core/Startup/startup_stm32f411ceux.o
                0x00000000080012f0                RTC_Alarm_IRQHandler
                0x00000000080012f0                EXTI2_IRQHandler
                0x00000000080012f0                SPI4_IRQHandler
                0x00000000080012f0                TIM1_CC_IRQHandler
                0x00000000080012f0                DMA2_Stream5_IRQHandler
                0x00000000080012f0                DMA1_Stream5_IRQHandler
                0x00000000080012f0                PVD_IRQHandler
                0x00000000080012f0                SDIO_IRQHandler
                0x00000000080012f0                TAMP_STAMP_IRQHandler
                0x00000000080012f0                EXTI3_IRQHandler
                0x00000000080012f0                TIM1_UP_TIM10_IRQHandler
                0x00000000080012f0                I2C3_ER_IRQHandler
                0x00000000080012f0                EXTI0_IRQHandler
                0x00000000080012f0                I2C2_EV_IRQHandler
                0x00000000080012f0                DMA1_Stream2_IRQHandler
                0x00000000080012f0                FPU_IRQHandler
                0x00000000080012f0                DMA2_Stream2_IRQHandler
                0x00000000080012f0                SPI1_IRQHandler
                0x00000000080012f0                TIM1_BRK_TIM9_IRQHandler
                0x00000000080012f0                DMA2_Stream3_IRQHandler
                0x00000000080012f0                USART6_IRQHandler
                0x00000000080012f0                DMA2_Stream0_IRQHandler
                0x00000000080012f0                TIM4_IRQHandler
                0x00000000080012f0                I2C1_EV_IRQHandler
                0x00000000080012f0                DMA1_Stream6_IRQHandler
                0x00000000080012f0                DMA1_Stream1_IRQHandler
                0x00000000080012f0                TIM3_IRQHandler
                0x00000000080012f0                RCC_IRQHandler
                0x00000000080012f0                Default_Handler
                0x00000000080012f0                EXTI15_10_IRQHandler
                0x00000000080012f0                ADC_IRQHandler
                0x00000000080012f0                DMA1_Stream7_IRQHandler
                0x00000000080012f0                SPI5_IRQHandler
                0x00000000080012f0                TIM5_IRQHandler
                0x00000000080012f0                DMA2_Stream7_IRQHandler
                0x00000000080012f0                I2C3_EV_IRQHandler
                0x00000000080012f0                EXTI9_5_IRQHandler
                0x00000000080012f0                RTC_WKUP_IRQHandler
                0x00000000080012f0                SPI2_IRQHandler
                0x00000000080012f0                DMA1_Stream0_IRQHandler
                0x00000000080012f0                EXTI4_IRQHandler
                0x00000000080012f0                WWDG_IRQHandler
                0x00000000080012f0                TIM2_IRQHandler
                0x00000000080012f0                OTG_FS_WKUP_IRQHandler
                0x00000000080012f0                TIM1_TRG_COM_TIM11_IRQHandler
                0x00000000080012f0                EXTI1_IRQHandler
                0x00000000080012f0                USART2_IRQHandler
                0x00000000080012f0                I2C2_ER_IRQHandler
                0x00000000080012f0                DMA2_Stream1_IRQHandler
                0x00000000080012f0                FLASH_IRQHandler
                0x00000000080012f0                DMA2_Stream4_IRQHandler
                0x00000000080012f0                USART1_IRQHandler
                0x00000000080012f0                OTG_FS_IRQHandler
                0x00000000080012f0                SPI3_IRQHandler
                0x00000000080012f0                DMA1_Stream4_IRQHandler
                0x00000000080012f0                I2C1_ER_IRQHandler
                0x00000000080012f0                DMA2_Stream6_IRQHandler
                0x00000000080012f0                DMA1_Stream3_IRQHandler
 *fill*         0x00000000080012f2        0x2 
 .text.HAL_Init
                0x00000000080012f4       0x44 ./Drivers/STM32F4xx_HAL_Driver/Src/stm32f4xx_hal.o
                0x00000000080012f4                HAL_Init
 .text.HAL_InitTick
                0x0000000008001338       0x60 ./Drivers/STM32F4xx_HAL_Driver/Src/stm32f4xx_hal.o
                0x0000000008001338                HAL_InitTick
 .text.HAL_IncTick
                0x0000000008001398       0x28 ./Drivers/STM32F4xx_HAL_Driver/Src/stm32f4xx_hal.o
                0x0000000008001398                HAL_IncTick
 .text.HAL_GetTick
                0x00000000080013c0       0x18 ./Drivers/STM32F4xx_HAL_Driver/Src/stm32f4xx_hal.o
                0x00000000080013c0                HAL_GetTick
 .text.__NVIC_SetPriorityGrouping
                0x00000000080013d8       0x48 ./Drivers/STM32F4xx_HAL_Driver/Src/stm32f4xx_hal_cortex.o
 .text.__NVIC_GetPriorityGrouping
                0x0000000008001420       0x1c ./Drivers/STM32F4xx_HAL_Driver/Src/stm32f4xx_hal_cortex.o
 .text.__NVIC_SetPriority
                0x000000000800143c       0x54 ./Drivers/STM32F4xx_HAL_Driver/Src/stm32f4xx_hal_cortex.o
 .text.NVIC_EncodePriority
                0x0000000008001490       0x66 ./Drivers/STM32F4xx_HAL_Driver/Src/stm32f4xx_hal_cortex.o
 *fill*         0x00000000080014f6        0x2 
 .text.SysTick_Config
                0x00000000080014f8       0x44 ./Drivers/STM32F4xx_HAL_Driver/Src/stm32f4xx_hal_cortex.o
 .text.HAL_NVIC_SetPriorityGrouping
                0x000000000800153c       0x16 ./Drivers/STM32F4xx_HAL_Driver/Src/stm32f4xx_hal_cortex.o
                0x000000000800153c                HAL_NVIC_SetPriorityGrouping
 .text.HAL_NVIC_SetPriority
                0x0000000008001552       0x38 ./Drivers/STM32F4xx_HAL_Driver/Src/stm32f4xx_hal_cortex.o
                0x0000000008001552                HAL_NVIC_SetPriority
 .text.HAL_SYSTICK_Config
                0x000000000800158a       0x18 ./Drivers/STM32F4xx_HAL_Driver/Src/stm32f4xx_hal_cortex.o
                0x000000000800158a                HAL_SYSTICK_Config
 *fill*         0x00000000080015a2        0x2 
 .text.HAL_RCC_OscConfig
                0x00000000080015a4      0x4f0 ./Drivers/STM32F4xx_HAL_Driver/Src/stm32f4xx_hal_rcc.o
                0x00000000080015a4                HAL_RCC_OscConfig
 .text.HAL_RCC_ClockConfig
                0x0000000008001a94      0x1cc ./Drivers/STM32F4xx_HAL_Driver/Src/stm32f4xx_hal_rcc.o
                0x0000000008001a94                HAL_RCC_ClockConfig
 .text.HAL_RCC_GetSysClockFreq
                0x0000000008001c60      0x20c ./Drivers/STM32F4xx_HAL_Driver/Src/stm32f4xx_hal_rcc.o
                0x0000000008001c60                HAL_RCC_GetSysClockFreq
 .text.memset   0x0000000008001e6c       0x10 /home/swift/st/stm32cubeide_1.14.0/plugins/com.st.stm32cube.ide.mcu.externaltools.gnu-tools-for-stm32.11.3.rel1.linux64_1.1.100.202309141235/tools/bin/../lib/gcc/arm-none-eabi/11.3.1/../../../../arm-none-eabi/lib/thumb/v7e-m+fp/hard/libc_nano.a(libc_a-memset.o)
                0x0000000008001e6c                memset
 .text.__libc_init_array
                0x0000000008001e7c       0x48 /home/swift/st/stm32cubeide_1.14.0/plugins/com.st.stm32cube.ide.mcu.externaltools.gnu-tools-for-stm32.11.3.rel1.linux64_1.1.100.202309141235/tools/bin/../lib/gcc/arm-none-eabi/11.3.1/../../../../arm-none-eabi/lib/thumb/v7e-m+fp/hard/libc_nano.a(libc_a-init.o)
                0x0000000008001e7c                __libc_init_array
 .text.memcpy   0x0000000008001ec4       0x1c /home/swift/st/stm32cubeide_1.14.0/plugins/com.st.stm32cube.ide.mcu.externaltools.gnu-tools-for-stm32.11.3.rel1.linux64_1.1.100.202309141235/tools/bin/../lib/gcc/arm-none-eabi/11.3.1/../../../../arm-none-eabi/lib/thumb/v7e-m+fp/hard/libc_nano.a(libc_a-memcpy-stub.o)
                0x0000000008001ec4                memcpy
 *(.glue_7)
 .glue_7        0x0000000008001ee0        0x0 linker stubs
 *(.glue_7t)
 .glue_7t       0x0000000008001ee0        0x0 linker stubs
 *(.eh_frame)
 .eh_frame      0x0000000008001ee0        0x0 /home/swift/st/stm32cubeide_1.14.0/plugins/com.st.stm32cube.ide.mcu.externaltools.gnu-tools-for-stm32.11.3.rel1.linux64_1.1.100.202309141235/tools/bin/../lib/gcc/arm-none-eabi/11.3.1/thumb/v7e-m+fp/hard/crtbegin.o
 *(.init)
 .init          0x0000000008001ee0        0x4 /home/swift/st/stm32cubeide_1.14.0/plugins/com.st.stm32cube.ide.mcu.externaltools.gnu-tools-for-stm32.11.3.rel1.linux64_1.1.100.202309141235/tools/bin/../lib/gcc/arm-none-eabi/11.3.1/thumb/v7e-m+fp/hard/crti.o
                0x0000000008001ee0                _init
 .init          0x0000000008001ee4        0x8 /home/swift/st/stm32cubeide_1.14.0/plugins/com.st.stm32cube.ide.mcu.externaltools.gnu-tools-for-stm32.11.3.rel1.linux64_1.1.100.202309141235/tools/bin/../lib/gcc/arm-none-eabi/11.3.1/thumb/v7e-m+fp/hard/crtn.o
 *(.fini)
 .fini          0x0000000008001eec        0x4 /home/swift/st/stm32cubeide_1.14.0/plugins/com.st.stm32cube.ide.mcu.externaltools.gnu-tools-for-stm32.11.3.rel1.linux64_1.1.100.202309141235/tools/bin/../lib/gcc/arm-none-eabi/11.3.1/thumb/v7e-m+fp/hard/crti.o
                0x0000000008001eec                _fini
 .fini          0x0000000008001ef0        0x8 /home/swift/st/stm32cubeide_1.14.0/plugins/com.st.stm32cube.ide.mcu.externaltools.gnu-tools-for-stm32.11.3.rel1.linux64_1.1.100.202309141235/tools/bin/../lib/gcc/arm-none-eabi/11.3.1/thumb/v7e-m+fp/hard/crtn.o
                0x0000000008001ef8                . = ALIGN (0x4)
                0x0000000008001ef8                _etext = .

.vfp11_veneer   0x0000000008001ef8        0x0
 .vfp11_veneer  0x0000000008001ef8        0x0 linker stubs

.v4_bx          0x0000000008001ef8        0x0
 .v4_bx         0x0000000008001ef8        0x0 linker stubs

.iplt           0x0000000008001ef8        0x0
 .iplt          0x0000000008001ef8        0x0 /home/swift/st/stm32cubeide_1.14.0/plugins/com.st.stm32cube.ide.mcu.externaltools.gnu-tools-for-stm32.11.3.rel1.linux64_1.1.100.202309141235/tools/bin/../lib/gcc/arm-none-eabi/11.3.1/thumb/v7e-m+fp/hard/crtbegin.o

.rodata         0x0000000008001ef8       0x48
                0x0000000008001ef8                . = ALIGN (0x4)
 *(.rodata)
 .rodata        0x0000000008001ef8       0x17 ./Core/Src/Utils/SEGGER_RTT.o
 *fill*         0x0000000008001f0f        0x1 
 .rodata        0x0000000008001f10        0xe ./Core/Src/main.o
 *(.rodata*)
 *fill*         0x0000000008001f1e        0x2 
 .rodata._aV2C.0
                0x0000000008001f20       0x10 ./Core/Src/Utils/SEGGER_RTT_printf.o
 .rodata.AHBPrescTable
                0x0000000008001f30       0x10 ./Core/Src/system_stm32f4xx.o
                0x0000000008001f30                AHBPrescTable
                0x0000000008001f40                . = ALIGN (0x4)

.ARM.extab      0x0000000008001f40        0x0
                0x0000000008001f40                . = ALIGN (0x4)
 *(.ARM.extab* .gnu.linkonce.armextab.*)
                0x0000000008001f40                . = ALIGN (0x4)

.ARM            0x0000000008001f40        0x8
                0x0000000008001f40                . = ALIGN (0x4)
                0x0000000008001f40                __exidx_start = .
 *(.ARM.exidx*)
 .ARM.exidx     0x0000000008001f40        0x8 /home/swift/st/stm32cubeide_1.14.0/plugins/com.st.stm32cube.ide.mcu.externaltools.gnu-tools-for-stm32.11.3.rel1.linux64_1.1.100.202309141235/tools/bin/../lib/gcc/arm-none-eabi/11.3.1/thumb/v7e-m+fp/hard/libgcc.a(_udivmoddi4.o)
                0x0000000008001f48                __exidx_end = .
                0x0000000008001f48                . = ALIGN (0x4)

.rel.dyn        0x0000000008001f48        0x0
 .rel.iplt      0x0000000008001f48        0x0 /home/swift/st/stm32cubeide_1.14.0/plugins/com.st.stm32cube.ide.mcu.externaltools.gnu-tools-for-stm32.11.3.rel1.linux64_1.1.100.202309141235/tools/bin/../lib/gcc/arm-none-eabi/11.3.1/thumb/v7e-m+fp/hard/crtbegin.o

.preinit_array  0x0000000008001f48        0x0
                0x0000000008001f48                . = ALIGN (0x4)
                0x0000000008001f48                PROVIDE (__preinit_array_start = .)
 *(.preinit_array*)
                0x0000000008001f48                PROVIDE (__preinit_array_end = .)
                0x0000000008001f48                . = ALIGN (0x4)

.init_array     0x0000000008001f48        0x4
                0x0000000008001f48                . = ALIGN (0x4)
                0x0000000008001f48                PROVIDE (__init_array_start = .)
 *(SORT_BY_NAME(.init_array.*))
 *(.init_array*)
 .init_array    0x0000000008001f48        0x4 /home/swift/st/stm32cubeide_1.14.0/plugins/com.st.stm32cube.ide.mcu.externaltools.gnu-tools-for-stm32.11.3.rel1.linux64_1.1.100.202309141235/tools/bin/../lib/gcc/arm-none-eabi/11.3.1/thumb/v7e-m+fp/hard/crtbegin.o
                0x0000000008001f4c                PROVIDE (__init_array_end = .)
                0x0000000008001f4c                . = ALIGN (0x4)

.fini_array     0x0000000008001f4c        0x4
                0x0000000008001f4c                . = ALIGN (0x4)
                [!provide]                        PROVIDE (__fini_array_start = .)
 *(SORT_BY_NAME(.fini_array.*))
 *(.fini_array*)
 .fini_array    0x0000000008001f4c        0x4 /home/swift/st/stm32cubeide_1.14.0/plugins/com.st.stm32cube.ide.mcu.externaltools.gnu-tools-for-stm32.11.3.rel1.linux64_1.1.100.202309141235/tools/bin/../lib/gcc/arm-none-eabi/11.3.1/thumb/v7e-m+fp/hard/crtbegin.o
                [!provide]                        PROVIDE (__fini_array_end = .)
                0x0000000008001f50                . = ALIGN (0x4)
                0x0000000008001f50                _sidata = LOADADDR (.data)

.data           0x0000000020000000        0xc load address 0x0000000008001f50
                0x0000000020000000                . = ALIGN (0x4)
                0x0000000020000000                _sdata = .
 *(.data)
 *(.data*)
 .data.SystemCoreClock
                0x0000000020000000        0x4 ./Core/Src/system_stm32f4xx.o
                0x0000000020000000                SystemCoreClock
 .data.uwTickPrio
                0x0000000020000004        0x4 ./Drivers/STM32F4xx_HAL_Driver/Src/stm32f4xx_hal.o
                0x0000000020000004                uwTickPrio
 .data.uwTickFreq
                0x0000000020000008        0x1 ./Drivers/STM32F4xx_HAL_Driver/Src/stm32f4xx_hal.o
                0x0000000020000008                uwTickFreq
 *(.RamFunc)
 *(.RamFunc*)
                0x000000002000000c                . = ALIGN (0x4)
 *fill*         0x0000000020000009        0x3 
                0x000000002000000c                _edata = .

.igot.plt       0x000000002000000c        0x0 load address 0x0000000008001f5c
 .igot.plt      0x000000002000000c        0x0 /home/swift/st/stm32cubeide_1.14.0/plugins/com.st.stm32cube.ide.mcu.externaltools.gnu-tools-for-stm32.11.3.rel1.linux64_1.1.100.202309141235/tools/bin/../lib/gcc/arm-none-eabi/11.3.1/thumb/v7e-m+fp/hard/crtbegin.o
                0x000000002000000c                . = ALIGN (0x4)

.bss            0x000000002000000c     0x10e8 load address 0x0000000008001f5c
                0x000000002000000c                _sbss = .
                0x000000002000000c                __bss_start__ = _sbss
 *(.bss)
 .bss           0x000000002000000c       0x1c /home/swift/st/stm32cubeide_1.14.0/plugins/com.st.stm32cube.ide.mcu.externaltools.gnu-tools-for-stm32.11.3.rel1.linux64_1.1.100.202309141235/tools/bin/../lib/gcc/arm-none-eabi/11.3.1/thumb/v7e-m+fp/hard/crtbegin.o
 *(.bss*)
 .bss._SEGGER_RTT
                0x0000000020000028       0xa8 ./Core/Src/Utils/SEGGER_RTT.o
                0x0000000020000028                _SEGGER_RTT
 .bss._acUpBuffer
                0x00000000200000d0     0x1000 ./Core/Src/Utils/SEGGER_RTT.o
 .bss._acDownBuffer
                0x00000000200010d0       0x20 ./Core/Src/Utils/SEGGER_RTT.o
 .bss.uwTick    0x00000000200010f0        0x4 ./Drivers/STM32F4xx_HAL_Driver/Src/stm32f4xx_hal.o
                0x00000000200010f0                uwTick
 *(COMMON)
                0x00000000200010f4                . = ALIGN (0x4)
                0x00000000200010f4                _ebss = .
                0x00000000200010f4                __bss_end__ = _ebss

._user_heap_stack
                0x00000000200010f4      0x604 load address 0x0000000008001f5c
                0x00000000200010f8                . = ALIGN (0x8)
 *fill*         0x00000000200010f4        0x4 
                [!provide]                        PROVIDE (end = .)
                0x00000000200010f8                PROVIDE (_end = .)
                0x00000000200012f8                . = (. + _Min_Heap_Size)
 *fill*         0x00000000200010f8      0x200 
                0x00000000200016f8                . = (. + _Min_Stack_Size)
 *fill*         0x00000000200012f8      0x400 
                0x00000000200016f8                . = ALIGN (0x8)

/DISCARD/
 libc.a(*)
 libm.a(*)
 libgcc.a(*)

.ARM.attributes
                0x0000000000000000       0x30
 *(.ARM.attributes)
 .ARM.attributes
                0x0000000000000000       0x1e /home/swift/st/stm32cubeide_1.14.0/plugins/com.st.stm32cube.ide.mcu.externaltools.gnu-tools-for-stm32.11.3.rel1.linux64_1.1.100.202309141235/tools/bin/../lib/gcc/arm-none-eabi/11.3.1/thumb/v7e-m+fp/hard/crti.o
 .ARM.attributes
                0x000000000000001e       0x34 /home/swift/st/stm32cubeide_1.14.0/plugins/com.st.stm32cube.ide.mcu.externaltools.gnu-tools-for-stm32.11.3.rel1.linux64_1.1.100.202309141235/tools/bin/../lib/gcc/arm-none-eabi/11.3.1/thumb/v7e-m+fp/hard/crtbegin.o
 .ARM.attributes
                0x0000000000000052       0x34 ./Core/Src/Utils/SEGGER_RTT.o
 .ARM.attributes
                0x0000000000000086       0x34 ./Core/Src/Utils/SEGGER_RTT_printf.o
 .ARM.attributes
                0x00000000000000ba       0x34 ./Core/Src/gpio.o
 .ARM.attributes
                0x00000000000000ee       0x34 ./Core/Src/main.o
 .ARM.attributes
                0x0000000000000122       0x34 ./Core/Src/stm32f4xx_hal_msp.o
 .ARM.attributes
                0x0000000000000156       0x34 ./Core/Src/stm32f4xx_it.o
 .ARM.attributes
                0x000000000000018a       0x34 ./Core/Src/system_stm32f4xx.o
 .ARM.attributes
                0x00000000000001be       0x21 ./Core/Startup/startup_stm32f411ceux.o
 .ARM.attributes
                0x00000000000001df       0x34 ./Drivers/STM32F4xx_HAL_Driver/Src/stm32f4xx_hal.o
 .ARM.attributes
                0x0000000000000213       0x34 ./Drivers/STM32F4xx_HAL_Driver/Src/stm32f4xx_hal_cortex.o
 .ARM.attributes
                0x0000000000000247       0x34 ./Drivers/STM32F4xx_HAL_Driver/Src/stm32f4xx_hal_rcc.o
 .ARM.attributes
                0x000000000000027b       0x34 /home/swift/st/stm32cubeide_1.14.0/plugins/com.st.stm32cube.ide.mcu.externaltools.gnu-tools-for-stm32.11.3.rel1.linux64_1.1.100.202309141235/tools/bin/../lib/gcc/arm-none-eabi/11.3.1/../../../../arm-none-eabi/lib/thumb/v7e-m+fp/hard/libc_nano.a(libc_a-memset.o)
 .ARM.attributes
                0x00000000000002af       0x34 /home/swift/st/stm32cubeide_1.14.0/plugins/com.st.stm32cube.ide.mcu.externaltools.gnu-tools-for-stm32.11.3.rel1.linux64_1.1.100.202309141235/tools/bin/../lib/gcc/arm-none-eabi/11.3.1/../../../../arm-none-eabi/lib/thumb/v7e-m+fp/hard/libc_nano.a(libc_a-init.o)
 .ARM.attributes
                0x00000000000002e3       0x34 /home/swift/st/stm32cubeide_1.14.0/plugins/com.st.stm32cube.ide.mcu.externaltools.gnu-tools-for-stm32.11.3.rel1.linux64_1.1.100.202309141235/tools/bin/../lib/gcc/arm-none-eabi/11.3.1/../../../../arm-none-eabi/lib/thumb/v7e-m+fp/hard/libc_nano.a(libc_a-memcpy-stub.o)
 .ARM.attributes
                0x0000000000000317       0x1e /home/swift/st/stm32cubeide_1.14.0/plugins/com.st.stm32cube.ide.mcu.externaltools.gnu-tools-for-stm32.11.3.rel1.linux64_1.1.100.202309141235/tools/bin/../lib/gcc/arm-none-eabi/11.3.1/thumb/v7e-m+fp/hard/libgcc.a(_aeabi_uldivmod.o)
 .ARM.attributes
                0x0000000000000335       0x34 /home/swift/st/stm32cubeide_1.14.0/plugins/com.st.stm32cube.ide.mcu.externaltools.gnu-tools-for-stm32.11.3.rel1.linux64_1.1.100.202309141235/tools/bin/../lib/gcc/arm-none-eabi/11.3.1/thumb/v7e-m+fp/hard/libgcc.a(_udivmoddi4.o)
 .ARM.attributes
                0x0000000000000369       0x1e /home/swift/st/stm32cubeide_1.14.0/plugins/com.st.stm32cube.ide.mcu.externaltools.gnu-tools-for-stm32.11.3.rel1.linux64_1.1.100.202309141235/tools/bin/../lib/gcc/arm-none-eabi/11.3.1/thumb/v7e-m+fp/hard/libgcc.a(_dvmd_tls.o)
 .ARM.attributes
                0x0000000000000387       0x1e /home/swift/st/stm32cubeide_1.14.0/plugins/com.st.stm32cube.ide.mcu.externaltools.gnu-tools-for-stm32.11.3.rel1.linux64_1.1.100.202309141235/tools/bin/../lib/gcc/arm-none-eabi/11.3.1/thumb/v7e-m+fp/hard/crtn.o
OUTPUT(swiftF4.elf elf32-littlearm)
LOAD linker stubs
LOAD /home/swift/st/stm32cubeide_1.14.0/plugins/com.st.stm32cube.ide.mcu.externaltools.gnu-tools-for-stm32.11.3.rel1.linux64_1.1.100.202309141235/tools/bin/../lib/gcc/arm-none-eabi/11.3.1/../../../../arm-none-eabi/lib/thumb/v7e-m+fp/hard/libc.a
LOAD /home/swift/st/stm32cubeide_1.14.0/plugins/com.st.stm32cube.ide.mcu.externaltools.gnu-tools-for-stm32.11.3.rel1.linux64_1.1.100.202309141235/tools/bin/../lib/gcc/arm-none-eabi/11.3.1/../../../../arm-none-eabi/lib/thumb/v7e-m+fp/hard/libm.a
LOAD /home/swift/st/stm32cubeide_1.14.0/plugins/com.st.stm32cube.ide.mcu.externaltools.gnu-tools-for-stm32.11.3.rel1.linux64_1.1.100.202309141235/tools/bin/../lib/gcc/arm-none-eabi/11.3.1/thumb/v7e-m+fp/hard/libgcc.a

.comment        0x0000000000000000       0x43
 .comment       0x0000000000000000       0x43 /home/swift/st/stm32cubeide_1.14.0/plugins/com.st.stm32cube.ide.mcu.externaltools.gnu-tools-for-stm32.11.3.rel1.linux64_1.1.100.202309141235/tools/bin/../lib/gcc/arm-none-eabi/11.3.1/thumb/v7e-m+fp/hard/crtbegin.o
                                         0x44 (size before relaxing)
 .comment       0x0000000000000043       0x44 ./Core/Src/Utils/SEGGER_RTT.o
 .comment       0x0000000000000043       0x44 ./Core/Src/Utils/SEGGER_RTT_printf.o
 .comment       0x0000000000000043       0x44 ./Core/Src/gpio.o
 .comment       0x0000000000000043       0x44 ./Core/Src/main.o
 .comment       0x0000000000000043       0x44 ./Core/Src/stm32f4xx_hal_msp.o
 .comment       0x0000000000000043       0x44 ./Core/Src/stm32f4xx_it.o
 .comment       0x0000000000000043       0x44 ./Core/Src/system_stm32f4xx.o
 .comment       0x0000000000000043       0x44 ./Drivers/STM32F4xx_HAL_Driver/Src/stm32f4xx_hal.o
 .comment       0x0000000000000043       0x44 ./Drivers/STM32F4xx_HAL_Driver/Src/stm32f4xx_hal_cortex.o
 .comment       0x0000000000000043       0x44 ./Drivers/STM32F4xx_HAL_Driver/Src/stm32f4xx_hal_rcc.o

.debug_info     0x0000000000000000     0x416a
 .debug_info    0x0000000000000000      0xe5d ./Core/Src/Utils/SEGGER_RTT.o
 .debug_info    0x0000000000000e5d      0x413 ./Core/Src/Utils/SEGGER_RTT_printf.o
 .debug_info    0x0000000000001270      0x278 ./Core/Src/gpio.o
 .debug_info    0x00000000000014e8      0x501 ./Core/Src/main.o
 .debug_info    0x00000000000019e9      0x291 ./Core/Src/stm32f4xx_hal_msp.o
 .debug_info    0x0000000000001c7a      0x112 ./Core/Src/stm32f4xx_it.o
 .debug_info    0x0000000000001d8c      0x53e ./Core/Src/system_stm32f4xx.o
 .debug_info    0x00000000000022ca       0x23 ./Core/Startup/startup_stm32f411ceux.o
 .debug_info    0x00000000000022ed      0x8c4 ./Drivers/STM32F4xx_HAL_Driver/Src/stm32f4xx_hal.o
 .debug_info    0x0000000000002bb1      0xcc7 ./Drivers/STM32F4xx_HAL_Driver/Src/stm32f4xx_hal_cortex.o
 .debug_info    0x0000000000003878      0x8f2 ./Drivers/STM32F4xx_HAL_Driver/Src/stm32f4xx_hal_rcc.o

.debug_abbrev   0x0000000000000000     0x114d
 .debug_abbrev  0x0000000000000000      0x22e ./Core/Src/Utils/SEGGER_RTT.o
 .debug_abbrev  0x000000000000022e      0x1bc ./Core/Src/Utils/SEGGER_RTT_printf.o
 .debug_abbrev  0x00000000000003ea       0xcb ./Core/Src/gpio.o
 .debug_abbrev  0x00000000000004b5      0x1f9 ./Core/Src/main.o
 .debug_abbrev  0x00000000000006ae       0xd8 ./Core/Src/stm32f4xx_hal_msp.o
 .debug_abbrev  0x0000000000000786       0x73 ./Core/Src/stm32f4xx_it.o
 .debug_abbrev  0x00000000000007f9      0x11a ./Core/Src/system_stm32f4xx.o
 .debug_abbrev  0x0000000000000913       0x12 ./Core/Startup/startup_stm32f411ceux.o
 .debug_abbrev  0x0000000000000925      0x24b ./Drivers/STM32F4xx_HAL_Driver/Src/stm32f4xx_hal.o
 .debug_abbrev  0x0000000000000b70      0x328 ./Drivers/STM32F4xx_HAL_Driver/Src/stm32f4xx_hal_cortex.o
 .debug_abbrev  0x0000000000000e98      0x2b5 ./Drivers/STM32F4xx_HAL_Driver/Src/stm32f4xx_hal_rcc.o

.debug_aranges  0x0000000000000000      0x500
 .debug_aranges
                0x0000000000000000      0x108 ./Core/Src/Utils/SEGGER_RTT.o
 .debug_aranges
                0x0000000000000108       0x40 ./Core/Src/Utils/SEGGER_RTT_printf.o
 .debug_aranges
                0x0000000000000148       0x20 ./Core/Src/gpio.o
 .debug_aranges
                0x0000000000000168       0x30 ./Core/Src/main.o
 .debug_aranges
                0x0000000000000198       0x20 ./Core/Src/stm32f4xx_hal_msp.o
 .debug_aranges
                0x00000000000001b8       0x60 ./Core/Src/stm32f4xx_it.o
 .debug_aranges
                0x0000000000000218       0x28 ./Core/Src/system_stm32f4xx.o
 .debug_aranges
                0x0000000000000240       0x28 ./Core/Startup/startup_stm32f411ceux.o
 .debug_aranges
                0x0000000000000268       0xf0 ./Drivers/STM32F4xx_HAL_Driver/Src/stm32f4xx_hal.o
 .debug_aranges
                0x0000000000000358      0x120 ./Drivers/STM32F4xx_HAL_Driver/Src/stm32f4xx_hal_cortex.o
 .debug_aranges
                0x0000000000000478       0x88 ./Drivers/STM32F4xx_HAL_Driver/Src/stm32f4xx_hal_rcc.o

.debug_rnglists
                0x0000000000000000      0x3ae
 .debug_rnglists
                0x0000000000000000       0xcf ./Core/Src/Utils/SEGGER_RTT.o
 .debug_rnglists
                0x00000000000000cf       0x3a ./Core/Src/Utils/SEGGER_RTT_printf.o
 .debug_rnglists
                0x0000000000000109       0x13 ./Core/Src/gpio.o
 .debug_rnglists
                0x000000000000011c       0x20 ./Core/Src/main.o
 .debug_rnglists
                0x000000000000013c       0x13 ./Core/Src/stm32f4xx_hal_msp.o
 .debug_rnglists
                0x000000000000014f       0x43 ./Core/Src/stm32f4xx_it.o
 .debug_rnglists
                0x0000000000000192       0x1a ./Core/Src/system_stm32f4xx.o
 .debug_rnglists
                0x00000000000001ac       0x19 ./Core/Startup/startup_stm32f411ceux.o
 .debug_rnglists
                0x00000000000001c5       0xaf ./Drivers/STM32F4xx_HAL_Driver/Src/stm32f4xx_hal.o
 .debug_rnglists
                0x0000000000000274       0xd4 ./Drivers/STM32F4xx_HAL_Driver/Src/stm32f4xx_hal_cortex.o
 .debug_rnglists
                0x0000000000000348       0x66 ./Drivers/STM32F4xx_HAL_Driver/Src/stm32f4xx_hal_rcc.o

.debug_macro    0x0000000000000000    0x15422
 .debug_macro   0x0000000000000000      0x1ac ./Core/Src/Utils/SEGGER_RTT.o
 .debug_macro   0x00000000000001ac      0xaa8 ./Core/Src/Utils/SEGGER_RTT.o
 .debug_macro   0x0000000000000c54       0x10 ./Core/Src/Utils/SEGGER_RTT.o
 .debug_macro   0x0000000000000c64       0x2a ./Core/Src/Utils/SEGGER_RTT.o
 .debug_macro   0x0000000000000c8e       0x22 ./Core/Src/Utils/SEGGER_RTT.o
 .debug_macro   0x0000000000000cb0       0x5b ./Core/Src/Utils/SEGGER_RTT.o
 .debug_macro   0x0000000000000d0b       0x94 ./Core/Src/Utils/SEGGER_RTT.o
 .debug_macro   0x0000000000000d9f       0x43 ./Core/Src/Utils/SEGGER_RTT.o
 .debug_macro   0x0000000000000de2       0x34 ./Core/Src/Utils/SEGGER_RTT.o
 .debug_macro   0x0000000000000e16       0x16 ./Core/Src/Utils/SEGGER_RTT.o
 .debug_macro   0x0000000000000e2c      0x10e ./Core/Src/Utils/SEGGER_RTT.o
 .debug_macro   0x0000000000000f3a       0x8d ./Core/Src/Utils/SEGGER_RTT.o
 .debug_macro   0x0000000000000fc7       0x16 ./Core/Src/Utils/SEGGER_RTT.o
 .debug_macro   0x0000000000000fdd       0x43 ./Core/Src/Utils/SEGGER_RTT.o
 .debug_macro   0x0000000000001020       0x57 ./Core/Src/Utils/SEGGER_RTT.o
 .debug_macro   0x0000000000001077       0x34 ./Core/Src/Utils/SEGGER_RTT.o
 .debug_macro   0x00000000000010ab       0x10 ./Core/Src/Utils/SEGGER_RTT.o
 .debug_macro   0x00000000000010bb       0x58 ./Core/Src/Utils/SEGGER_RTT.o
 .debug_macro   0x0000000000001113       0x8e ./Core/Src/Utils/SEGGER_RTT.o
 .debug_macro   0x00000000000011a1       0x1c ./Core/Src/Utils/SEGGER_RTT.o
 .debug_macro   0x00000000000011bd      0x177 ./Core/Src/Utils/SEGGER_RTT.o
 .debug_macro   0x0000000000001334      0x369 ./Core/Src/Utils/SEGGER_RTT.o
 .debug_macro   0x000000000000169d       0x16 ./Core/Src/Utils/SEGGER_RTT.o
 .debug_macro   0x00000000000016b3       0x29 ./Core/Src/Utils/SEGGER_RTT.o
 .debug_macro   0x00000000000016dc       0x58 ./Core/Src/Utils/SEGGER_RTT.o
 .debug_macro   0x0000000000001734       0x48 ./Core/Src/Utils/SEGGER_RTT.o
 .debug_macro   0x000000000000177c      0x11c ./Core/Src/Utils/SEGGER_RTT.o
 .debug_macro   0x0000000000001898       0x16 ./Core/Src/Utils/SEGGER_RTT.o
 .debug_macro   0x00000000000018ae       0x35 ./Core/Src/Utils/SEGGER_RTT.o
 .debug_macro   0x00000000000018e3       0x20 ./Core/Src/Utils/SEGGER_RTT.o
 .debug_macro   0x0000000000001903      0x13b ./Core/Src/Utils/SEGGER_RTT_printf.o
 .debug_macro   0x0000000000001a3e      0x1c4 ./Core/Src/gpio.o
 .debug_macro   0x0000000000001c02      0x28f ./Core/Src/gpio.o
 .debug_macro   0x0000000000001e91       0x2e ./Core/Src/gpio.o
 .debug_macro   0x0000000000001ebf       0x28 ./Core/Src/gpio.o
 .debug_macro   0x0000000000001ee7       0x8e ./Core/Src/gpio.o
 .debug_macro   0x0000000000001f75       0x51 ./Core/Src/gpio.o
 .debug_macro   0x0000000000001fc6      0x103 ./Core/Src/gpio.o
 .debug_macro   0x00000000000020c9       0x6a ./Core/Src/gpio.o
 .debug_macro   0x0000000000002133      0x1df ./Core/Src/gpio.o
 .debug_macro   0x0000000000002312       0x1c ./Core/Src/gpio.o
 .debug_macro   0x000000000000232e       0x22 ./Core/Src/gpio.o
 .debug_macro   0x0000000000002350       0xfb ./Core/Src/gpio.o
 .debug_macro   0x000000000000244b     0x1011 ./Core/Src/gpio.o
 .debug_macro   0x000000000000345c      0x11f ./Core/Src/gpio.o
 .debug_macro   0x000000000000357b     0xb953 ./Core/Src/gpio.o
 .debug_macro   0x000000000000eece       0x6d ./Core/Src/gpio.o
 .debug_macro   0x000000000000ef3b     0x368c ./Core/Src/gpio.o
 .debug_macro   0x00000000000125c7      0x174 ./Core/Src/gpio.o
 .debug_macro   0x000000000001273b       0x5c ./Core/Src/gpio.o
 .debug_macro   0x0000000000012797      0x45c ./Core/Src/gpio.o
 .debug_macro   0x0000000000012bf3      0x9e9 ./Core/Src/gpio.o
 .debug_macro   0x00000000000135dc      0x115 ./Core/Src/gpio.o
 .debug_macro   0x00000000000136f1      0x11b ./Core/Src/gpio.o
 .debug_macro   0x000000000001380c       0xa5 ./Core/Src/gpio.o
 .debug_macro   0x00000000000138b1      0x15f ./Core/Src/gpio.o
 .debug_macro   0x0000000000013a10      0x287 ./Core/Src/gpio.o
 .debug_macro   0x0000000000013c97       0x5f ./Core/Src/gpio.o
 .debug_macro   0x0000000000013cf6      0x236 ./Core/Src/gpio.o
 .debug_macro   0x0000000000013f2c      0x132 ./Core/Src/gpio.o
 .debug_macro   0x000000000001405e      0x264 ./Core/Src/gpio.o
 .debug_macro   0x00000000000142c2       0x2e ./Core/Src/gpio.o
 .debug_macro   0x00000000000142f0      0x127 ./Core/Src/gpio.o
 .debug_macro   0x0000000000014417       0x85 ./Core/Src/gpio.o
 .debug_macro   0x000000000001449c       0x89 ./Core/Src/gpio.o
 .debug_macro   0x0000000000014525      0x126 ./Core/Src/gpio.o
 .debug_macro   0x000000000001464b      0x2b4 ./Core/Src/main.o
 .debug_macro   0x00000000000148ff       0x61 ./Core/Src/main.o
 .debug_macro   0x0000000000014960      0x1ba ./Core/Src/stm32f4xx_hal_msp.o
 .debug_macro   0x0000000000014b1a      0x1c4 ./Core/Src/stm32f4xx_it.o
 .debug_macro   0x0000000000014cde      0x1b0 ./Core/Src/system_stm32f4xx.o
 .debug_macro   0x0000000000014e8e      0x210 ./Drivers/STM32F4xx_HAL_Driver/Src/stm32f4xx_hal.o
 .debug_macro   0x000000000001509e      0x1b0 ./Drivers/STM32F4xx_HAL_Driver/Src/stm32f4xx_hal_cortex.o
 .debug_macro   0x000000000001524e      0x1d4 ./Drivers/STM32F4xx_HAL_Driver/Src/stm32f4xx_hal_rcc.o

.debug_line     0x0000000000000000     0x5bd8
 .debug_line    0x0000000000000000      0xcdc ./Core/Src/Utils/SEGGER_RTT.o
 .debug_line    0x0000000000000cdc      0x8b0 ./Core/Src/Utils/SEGGER_RTT_printf.o
 .debug_line    0x000000000000158c      0x662 ./Core/Src/gpio.o
 .debug_line    0x0000000000001bee      0x8c9 ./Core/Src/main.o
 .debug_line    0x00000000000024b7      0x667 ./Core/Src/stm32f4xx_hal_msp.o
 .debug_line    0x0000000000002b1e      0x729 ./Core/Src/stm32f4xx_it.o
 .debug_line    0x0000000000003247      0x6e8 ./Core/Src/system_stm32f4xx.o
 .debug_line    0x000000000000392f       0x7a ./Core/Startup/startup_stm32f411ceux.o
 .debug_line    0x00000000000039a9      0x94e ./Drivers/STM32F4xx_HAL_Driver/Src/stm32f4xx_hal.o
 .debug_line    0x00000000000042f7      0xc1a ./Drivers/STM32F4xx_HAL_Driver/Src/stm32f4xx_hal_cortex.o
 .debug_line    0x0000000000004f11      0xcc7 ./Drivers/STM32F4xx_HAL_Driver/Src/stm32f4xx_hal_rcc.o

.debug_str      0x0000000000000000    0x83474
 .debug_str     0x0000000000000000     0x7513 ./Core/Src/Utils/SEGGER_RTT.o
                                       0x768a (size before relaxing)
 .debug_str     0x0000000000007513      0x199 ./Core/Src/Utils/SEGGER_RTT_printf.o
                                       0x71d0 (size before relaxing)
 .debug_str     0x00000000000076ac    0x7aa14 ./Core/Src/gpio.o
                                      0x7e048 (size before relaxing)
 .debug_str     0x00000000000820c0      0x1cd ./Core/Src/main.o
                                      0x81d39 (size before relaxing)
 .debug_str     0x000000000008228d       0x2c ./Core/Src/stm32f4xx_hal_msp.o
                                      0x7e048 (size before relaxing)
 .debug_str     0x00000000000822b9       0xc9 ./Core/Src/stm32f4xx_it.o
                                      0x7dfbc (size before relaxing)
 .debug_str     0x0000000000082382       0xdb ./Core/Src/system_stm32f4xx.o
                                      0x7e0f8 (size before relaxing)
 .debug_str     0x000000000008245d       0x34 ./Core/Startup/startup_stm32f411ceux.o
                                         0x60 (size before relaxing)
 .debug_str     0x0000000000082491      0x9c9 ./Drivers/STM32F4xx_HAL_Driver/Src/stm32f4xx_hal.o
                                      0x7eb24 (size before relaxing)
 .debug_str     0x0000000000082e5a      0x366 ./Drivers/STM32F4xx_HAL_Driver/Src/stm32f4xx_hal_cortex.o
                                      0x7e85c (size before relaxing)
 .debug_str     0x00000000000831c0      0x2b4 ./Drivers/STM32F4xx_HAL_Driver/Src/stm32f4xx_hal_rcc.o
                                      0x7e52c (size before relaxing)

.debug_frame    0x0000000000000000     0x125c
 .debug_frame   0x0000000000000000      0x454 ./Core/Src/Utils/SEGGER_RTT.o
 .debug_frame   0x0000000000000454       0xe0 ./Core/Src/Utils/SEGGER_RTT_printf.o
 .debug_frame   0x0000000000000534       0x38 ./Core/Src/gpio.o
 .debug_frame   0x000000000000056c       0x68 ./Core/Src/main.o
 .debug_frame   0x00000000000005d4       0x38 ./Core/Src/stm32f4xx_hal_msp.o
 .debug_frame   0x000000000000060c      0x104 ./Core/Src/stm32f4xx_it.o
 .debug_frame   0x0000000000000710       0x58 ./Core/Src/system_stm32f4xx.o
 .debug_frame   0x0000000000000768      0x374 ./Drivers/STM32F4xx_HAL_Driver/Src/stm32f4xx_hal.o
 .debug_frame   0x0000000000000adc      0x4b8 ./Drivers/STM32F4xx_HAL_Driver/Src/stm32f4xx_hal_cortex.o
 .debug_frame   0x0000000000000f94      0x1f4 ./Drivers/STM32F4xx_HAL_Driver/Src/stm32f4xx_hal_rcc.o
 .debug_frame   0x0000000000001188       0x20 /home/swift/st/stm32cubeide_1.14.0/plugins/com.st.stm32cube.ide.mcu.externaltools.gnu-tools-for-stm32.11.3.rel1.linux64_1.1.100.202309141235/tools/bin/../lib/gcc/arm-none-eabi/11.3.1/../../../../arm-none-eabi/lib/thumb/v7e-m+fp/hard/libc_nano.a(libc_a-memset.o)
 .debug_frame   0x00000000000011a8       0x2c /home/swift/st/stm32cubeide_1.14.0/plugins/com.st.stm32cube.ide.mcu.externaltools.gnu-tools-for-stm32.11.3.rel1.linux64_1.1.100.202309141235/tools/bin/../lib/gcc/arm-none-eabi/11.3.1/../../../../arm-none-eabi/lib/thumb/v7e-m+fp/hard/libc_nano.a(libc_a-init.o)
 .debug_frame   0x00000000000011d4       0x28 /home/swift/st/stm32cubeide_1.14.0/plugins/com.st.stm32cube.ide.mcu.externaltools.gnu-tools-for-stm32.11.3.rel1.linux64_1.1.100.202309141235/tools/bin/../lib/gcc/arm-none-eabi/11.3.1/../../../../arm-none-eabi/lib/thumb/v7e-m+fp/hard/libc_nano.a(libc_a-memcpy-stub.o)
 .debug_frame   0x00000000000011fc       0x2c /home/swift/st/stm32cubeide_1.14.0/plugins/com.st.stm32cube.ide.mcu.externaltools.gnu-tools-for-stm32.11.3.rel1.linux64_1.1.100.202309141235/tools/bin/../lib/gcc/arm-none-eabi/11.3.1/thumb/v7e-m+fp/hard/libgcc.a(_aeabi_uldivmod.o)
 .debug_frame   0x0000000000001228       0x34 /home/swift/st/stm32cubeide_1.14.0/plugins/com.st.stm32cube.ide.mcu.externaltools.gnu-tools-for-stm32.11.3.rel1.linux64_1.1.100.202309141235/tools/bin/../lib/gcc/arm-none-eabi/11.3.1/thumb/v7e-m+fp/hard/libgcc.a(_udivmoddi4.o)

.debug_line_str
                0x0000000000000000       0x54
 .debug_line_str
                0x0000000000000000       0x54 ./Core/Startup/startup_stm32f411ceux.o
                                         0x6c (size before relaxing)
