../Core/Src/App/app_channel.c:45:6:appchannelSendPacket	16	static
../Core/Src/App/app_channel.c:50:5:appchannelSendDataPacket	16	static
../Core/Src/App/app_channel.c:55:6:appchannelSendDataPacketBlock	16	static
../Core/Src/App/app_channel.c:61:8:appchannelReceivePacket	24	static
../Core/Src/App/app_channel.c:65:8:appchannelReceiveDataPacket	40	static
../Core/Src/App/app_channel.c:86:6:appchannelHasOverflowOccurred	16	static
../Core/Src/App/app_channel.c:94:6:appchannelHasOverflowOccured	8	static
../Core/Src/App/app_channel.c:98:6:appchannelInit	8	static
../Core/Src/App/app_channel.c:107:6:appchannelIncomingPacket	24	static
../Core/Src/App/app_channel.c:116:12:sendDataPacket	32	static
