/home/swift/workspace/project/swiftF4/Core/Inc/Algo/math3d.h:46:21:radians	16	static
/home/swift/workspace/project/swiftF4/Core/Inc/Algo/math3d.h:111:26:mkvec	64	static
/home/swift/workspace/project/swiftF4/Core/Inc/Algo/math3d.h:117:26:vrepeat	48	static
/home/swift/workspace/project/swiftF4/Core/Inc/Algo/math3d.h:121:26:vzero	40	static
/home/swift/workspace/project/swiftF4/Core/Inc/Algo/math3d.h:136:26:vscl	56	static
/home/swift/workspace/project/swiftF4/Core/Inc/Algo/math3d.h:140:26:vneg	56	static
/home/swift/workspace/project/swiftF4/Core/Inc/Algo/math3d.h:145:26:vdiv	56	static
/home/swift/workspace/project/swiftF4/Core/Inc/Algo/math3d.h:157:21:vdot	32	static
/home/swift/workspace/project/swiftF4/Core/Inc/Algo/math3d.h:173:21:vmag2	24	static
/home/swift/workspace/project/swiftF4/Core/Inc/Algo/math3d.h:177:21:vmag	24	static
/home/swift/workspace/project/swiftF4/Core/Inc/Algo/math3d.h:189:26:vnormalize	56	static
/home/swift/workspace/project/swiftF4/Core/Inc/Algo/math3d.h:201:26:vcross	64	static
/home/swift/workspace/project/swiftF4/Core/Inc/Algo/math3d.h:465:26:mvmul	64	static
/home/swift/workspace/project/swiftF4/Core/Inc/Algo/math3d.h:573:27:mkquat	72	static
/home/swift/workspace/project/swiftF4/Core/Inc/Algo/math3d.h:587:27:qeye	40	static
/home/swift/workspace/project/swiftF4/Core/Inc/Algo/math3d.h:745:27:qqmul	88	static
/home/swift/workspace/project/swiftF4/Core/Inc/Algo/math3d.h:753:27:qinv	56	static
/home/swift/workspace/project/swiftF4/Core/Inc/Algo/math3d.h:758:27:qneg	56	static
/home/swift/workspace/project/swiftF4/Core/Inc/Algo/math3d.h:769:21:qdot	40	static
/home/swift/workspace/project/swiftF4/Core/Inc/Algo/math3d.h:784:27:qnormalize	64	static
../Core/Src/Interface/controller_brescianini.c:84:6:controllerBrescianiniInit	4	static
../Core/Src/Interface/controller_brescianini.c:96:6:controllerBrescianini	488	static
../Core/Src/Interface/controller_brescianini.c:404:6:controllerBrescianiniTest	4	static
