/home/swift/workspace/project/swiftF4/Core/Inc/Algo/math3d.h:45:21:fsqr	16	static
/home/swift/workspace/project/swiftF4/Core/Inc/Algo/math3d.h:46:21:radians	16	static
/home/swift/workspace/project/swiftF4/Core/Inc/Algo/math3d.h:47:21:degrees	16	static
/home/swift/workspace/project/swiftF4/Core/Inc/Algo/math3d.h:77:21:clamp	24	static
/home/swift/workspace/project/swiftF4/Core/Inc/Algo/math3d.h:111:26:mkvec	64	static
/home/swift/workspace/project/swiftF4/Core/Inc/Algo/math3d.h:136:26:vscl	56	static
/home/swift/workspace/project/swiftF4/Core/Inc/Algo/math3d.h:140:26:vneg	56	static
/home/swift/workspace/project/swiftF4/Core/Inc/Algo/math3d.h:145:26:vdiv	56	static
/home/swift/workspace/project/swiftF4/Core/Inc/Algo/math3d.h:149:26:vadd	64	static
/home/swift/workspace/project/swiftF4/Core/Inc/Algo/math3d.h:153:26:vsub	72	static
/home/swift/workspace/project/swiftF4/Core/Inc/Algo/math3d.h:157:21:vdot	32	static
/home/swift/workspace/project/swiftF4/Core/Inc/Algo/math3d.h:173:21:vmag2	24	static
/home/swift/workspace/project/swiftF4/Core/Inc/Algo/math3d.h:177:21:vmag	24	static
/home/swift/workspace/project/swiftF4/Core/Inc/Algo/math3d.h:189:26:vnormalize	56	static
/home/swift/workspace/project/swiftF4/Core/Inc/Algo/math3d.h:201:26:vcross	64	static
/home/swift/workspace/project/swiftF4/Core/Inc/Algo/math3d.h:364:28:mcolumns	96	static
/home/swift/workspace/project/swiftF4/Core/Inc/Algo/math3d.h:408:26:mcolumn	40	static
/home/swift/workspace/project/swiftF4/Core/Inc/Algo/math3d.h:465:26:mvmul	64	static
/home/swift/workspace/project/swiftF4/Core/Inc/Algo/math3d.h:573:27:mkquat	72	static
/home/swift/workspace/project/swiftF4/Core/Inc/Algo/math3d.h:681:26:quat2rpy	72	static
/home/swift/workspace/project/swiftF4/Core/Inc/Algo/math3d.h:709:28:quat2rotmat	96	static
../Core/Src/Interface/controller_mellinger.c:92:6:controllerMellingerReset	16	static
../Core/Src/Interface/controller_mellinger.c:102:6:controllerMellingerInit	16	static
../Core/Src/Interface/controller_mellinger.c:110:6:controllerMellingerTest	16	static
../Core/Src/Interface/controller_mellinger.c:115:6:controllerMellinger	472	static
../Core/Src/Interface/controller_mellinger.c:318:6:controllerMellingerFirmwareInit	8	static
../Core/Src/Interface/controller_mellinger.c:323:6:controllerMellingerFirmwareTest	8	static
../Core/Src/Interface/controller_mellinger.c:328:6:controllerMellingerFirmware	32	static
