/home/swift/workspace/project/swiftF4/Core/Inc/Interface/filter.h:101:20:init_second_order_low_pass	40	static
/home/swift/workspace/project/swiftF4/Core/Inc/Interface/filter.h:119:21:update_second_order_low_pass	24	static
/home/swift/workspace/project/swiftF4/Core/Inc/Interface/filter.h:167:20:init_butterworth_2_low_pass	24	static
/home/swift/workspace/project/swiftF4/Core/Inc/Interface/filter.h:178:21:update_butterworth_2_low_pass	16	static
/home/swift/workspace/project/swiftF4/Core/Inc/Algo/math3d.h:46:21:radians	16	static
/home/swift/workspace/project/swiftF4/Core/Inc/Algo/math3d.h:77:21:clamp	24	static
../Core/Src/Interface/controller_indi.c:55:20:float_rates_zero	16	static
../Core/Src/Interface/controller_indi.c:61:6:indi_init_filters	40	static
../Core/Src/Interface/controller_indi.c:81:20:filter_pqr	16	static
../Core/Src/Interface/controller_indi.c:95:20:finite_difference_from_filter	24	static
../Core/Src/Interface/controller_indi.c:102:14:capAngle	24	static
../Core/Src/Interface/controller_indi.c:117:6:controllerINDIInit	8	static
../Core/Src/Interface/controller_indi.c:136:6:controllerINDITest	16	static
../Core/Src/Interface/controller_indi.c:145:6:controllerINDI	48	static
