../Core/Src/Interface/deck_info.c:61:6:deckInfoInit	8	static
../Core/Src/Interface/deck_info.c:74:5:deckCount	4	static
../Core/Src/Interface/deck_info.c:79:12:deckInfo	16	static
../Core/Src/Interface/deck_info.c:92:27:findDriver	56	static
../Core/Src/Interface/deck_info.c:112:6:printDeckInfo	72	static
../Core/Src/Interface/deck_info.c:137:13:infoDecode	24	static
../Core/Src/Interface/deck_info.c:172:13:enumerateDecks	64	dynamic
../Core/Src/Interface/deck_info.c:259:13:checkPeriphAndGpioConflicts	32	static
../Core/Src/Interface/deck_info.c:300:12:findType	24	static
../Core/Src/Interface/deck_info.c:313:6:deckTlvHasElement	16	static
../Core/Src/Interface/deck_info.c:317:5:deckTlvGetString	32	static
../Core/Src/Interface/deck_info.c:339:7:deckTlvGetBuffer	32	static
../Core/Src/Interface/deck_info.c:349:6:deckTlvGetTlv	24	static
../Core/Src/Interface/deck_info.c:354:13:scanRequiredSystemProperties	16	static
../Core/Src/Interface/deck_info.c:369:13:registerRequiredEstimator	24	static
../Core/Src/Interface/deck_info.c:391:20:deckGetRequiredEstimator	4	static
../Core/Src/Interface/deck_info.c:396:6:deckGetRequiredLowInterferenceRadioMode	4	static
