../Core/Src/Interface/estimator.c:105:6:stateEstimatorInit	24	static
../Core/Src/Interface/estimator.c:110:6:stateEstimatorSwitchTo	24	static
../Core/Src/Interface/estimator.c:146:20:stateEstimatorGetType	4	static
../Core/Src/Interface/estimator.c:150:13:initEstimator	16	static
../Core/Src/Interface/estimator.c:156:13:deinitEstimator	16	static
../Core/Src/Interface/estimator.c:162:6:stateEstimatorTest	8	static
../Core/Src/Interface/estimator.c:166:6:stateEstimator	16	static
../Core/Src/Interface/estimator.c:170:13:stateEstimatorGetName	4	static
../Core/Src/Interface/estimator.c:175:6:estimatorEnqueue	32	static,ignoring_inline_asm
../Core/Src/Interface/estimator.c:261:6:estimatorDequeue	16	static
