/home/swift/workspace/project/swiftF4/Core/Inc/Utils/cf_math.h:58:20:assert_aligned_4_bytes	24	static
/home/swift/workspace/project/swiftF4/Core/Inc/Utils/cf_math.h:79:20:mat_mult	32	static
/home/swift/workspace/project/swiftF4/Core/Inc/Utils/cf_math.h:88:21:arm_sqrt	32	static
/home/swift/workspace/project/swiftF4/Core/Inc/Utils/cf_math.h:103:21:clip1	16	static
../Core/Src/Interface/estimator_ukf.c:243:6:errorEstimatorUkfTaskInit	24	static
../Core/Src/Interface/estimator_ukf.c:258:6:errorEstimatorUkfTaskTest	4	static
../Core/Src/Interface/estimator_ukf.c:263:13:errorUkfTask	176	static
../Core/Src/Interface/estimator_ukf.c:472:6:errorEstimatorUkf	16	static
../Core/Src/Interface/estimator_ukf.c:487:6:errorEstimatorUkfInit	32	static
../Core/Src/Interface/estimator_ukf.c:507:6:errorEstimatorUkfTest	4	static
../Core/Src/Interface/estimator_ukf.c:512:6:errorEstimatorUkfGetEstimatedPos	16	static
../Core/Src/Interface/estimator_ukf.c:519:6:errorEstimatorUkfGetEstimatedRot	16	static
../Core/Src/Interface/estimator_ukf.c:525:13:updateStrapdownAlgorithm	144	static
../Core/Src/Interface/estimator_ukf.c:578:13:navigationInit	24	static
../Core/Src/Interface/estimator_ukf.c:647:13:predictNavigationFilter	1104	static
../Core/Src/Interface/estimator_ukf.c:777:13:updateQueuedMeasurements	240	static
../Core/Src/Interface/estimator_ukf.c:1171:13:computeOutputBaro	16	static
../Core/Src/Interface/estimator_ukf.c:1176:13:computeOutputTof	16	static
../Core/Src/Interface/estimator_ukf.c:1181:13:computeOutputFlow_x	48	static
../Core/Src/Interface/estimator_ukf.c:1203:13:computeOutputFlow_y	48	static
../Core/Src/Interface/estimator_ukf.c:1225:13:computeOutputTdoa	104	static
../Core/Src/Interface/estimator_ukf.c:1250:13:computeOutputSweep	112	static
../Core/Src/Interface/estimator_ukf.c:1293:13:computeSigmaPoints	336	static
../Core/Src/Interface/estimator_ukf.c:1322:13:ukfUpdate	720	static
../Core/Src/Interface/estimator_ukf.c:1368:13:resetNavigationStates	72	static
../Core/Src/Interface/estimator_ukf.c:1415:16:cholesky	40	static
../Core/Src/Interface/estimator_ukf.c:1430:13:transposeMatrix	16	static
../Core/Src/Interface/estimator_ukf.c:1446:13:directionCosineMatrix	32	static
../Core/Src/Interface/estimator_ukf.c:1468:13:quatToEuler	64	static
../Core/Src/Interface/estimator_ukf.c:1504:13:multQuat	24	static
../Core/Src/Interface/estimator_ukf.c:1513:13:quatFromAtt	40	static
