/home/swift/workspace/project/swiftF4/Core/Inc/Algo/math3d.h:51:21:normalize_radians	24	static
/home/swift/workspace/project/swiftF4/Core/Inc/Algo/math3d.h:63:21:fmodf_floored	16	static
/home/swift/workspace/project/swiftF4/Core/Inc/Algo/math3d.h:70:21:shortest_signed_angle_radians	24	static
/home/swift/workspace/project/swiftF4/Core/Inc/Algo/math3d.h:111:26:mkvec	64	static
/home/swift/workspace/project/swiftF4/Core/Inc/Algo/math3d.h:117:26:vrepeat	48	static
/home/swift/workspace/project/swiftF4/Core/Inc/Algo/math3d.h:121:26:vzero	40	static
/home/swift/workspace/project/swiftF4/Core/Inc/Algo/math3d.h:140:26:vneg	56	static
/home/swift/workspace/project/swiftF4/Core/Inc/Algo/math3d.h:149:26:vadd	64	static
/home/swift/workspace/project/swiftF4/Core/Inc/Algo/math3d.h:153:26:vsub	72	static
/home/swift/workspace/project/swiftF4/Core/Inc/Interface/pptraj.h:154:21:piecewise_duration	24	static
/home/swift/workspace/project/swiftF4/Core/Inc/Interface/pptraj.h:178:20:piecewise_is_finished	24	static
/home/swift/workspace/project/swiftF4/Core/Inc/Interface/pptraj_compressed.h:68:14:piecewise_compressed_duration	16	static
/home/swift/workspace/project/swiftF4/Core/Inc/Interface/pptraj_compressed.h:73:20:piecewise_compressed_is_finished	24	static
../Core/Src/Interface/planner.c:43:13:plan_takeoff_or_landing	144	static
../Core/Src/Interface/planner.c:62:6:plan_init	16	static
../Core/Src/Interface/planner.c:72:6:plan_stop	16	static
../Core/Src/Interface/planner.c:77:6:plan_is_finished	16	static
../Core/Src/Interface/planner.c:91:6:plan_is_stopped	16	static
../Core/Src/Interface/planner.c:96:6:plan_disable	16	static
../Core/Src/Interface/planner.c:101:6:plan_is_disabled	16	static
../Core/Src/Interface/planner.c:106:18:plan_current_goal	24	static
../Core/Src/Interface/planner.c:122:18:plan_eval	24	static
../Core/Src/Interface/planner.c:149:5:plan_takeoff	48	static
../Core/Src/Interface/planner.c:164:5:plan_land	48	static
../Core/Src/Interface/planner.c:179:5:plan_go_to_from	128	static
../Core/Src/Interface/planner.c:203:5:plan_go_to	96	static
../Core/Src/Interface/planner.c:209:5:plan_start_trajectory	160	static
../Core/Src/Interface/planner.c:235:5:plan_start_compressed_trajectory	104	static
