../Core/Src/Interface/position_controller_pid.c:166:6:positionControllerInit	8	static
../Core/Src/Interface/position_controller_pid.c:183:14:runPid	24	static
../Core/Src/Interface/position_controller_pid.c:193:6:positionController	64	static
../Core/Src/Interface/position_controller_pid.c:236:6:velocityController	40	static
../Core/Src/Interface/position_controller_pid.c:269:6:positionControllerResetAllPID	8	static
../Core/Src/Interface/position_controller_pid.c:279:6:positionControllerResetAllfilters	8	static
