/home/swift/workspace/project/swiftF4/Core/Inc/Interface/filter.h:101:20:init_second_order_low_pass	40	static
/home/swift/workspace/project/swiftF4/Core/Inc/Interface/filter.h:119:21:update_second_order_low_pass	24	static
/home/swift/workspace/project/swiftF4/Core/Inc/Interface/filter.h:167:20:init_butterworth_2_low_pass	24	static
/home/swift/workspace/project/swiftF4/Core/Inc/Interface/filter.h:178:21:update_butterworth_2_low_pass	16	static
/home/swift/workspace/project/swiftF4/Core/Inc/Algo/math3d.h:46:21:radians	16	static
/home/swift/workspace/project/swiftF4/Core/Inc/Algo/math3d.h:77:21:clamp	24	static
../Core/Src/Interface/position_controller_indi.c:59:6:position_indi_init_filters	32	static
../Core/Src/Interface/position_controller_indi.c:74:20:filter_ddxi	24	static
../Core/Src/Interface/position_controller_indi.c:82:20:filter_ang	24	static
../Core/Src/Interface/position_controller_indi.c:90:20:filter_thrust	24	static
../Core/Src/Interface/position_controller_indi.c:97:6:m_ob	32	static
../Core/Src/Interface/position_controller_indi.c:111:6:positionControllerINDIInit	8	static
../Core/Src/Interface/position_controller_indi.c:118:6:positionControllerINDI	232	static
