../Core/Src/Interface/supervisor.c:94:6:supervisorCanFly	4	static
../Core/Src/Interface/supervisor.c:98:6:supervisorIsFlying	4	static
../Core/Src/Interface/supervisor.c:102:6:supervisorIsTumbled	4	static
../Core/Src/Interface/supervisor.c:106:6:supervisorCanArm	4	static
../Core/Src/Interface/supervisor.c:110:6:supervisorIsArmed	4	static
../Core/Src/Interface/supervisor.c:114:6:supervisorIsLocked	4	static
../Core/Src/Interface/supervisor.c:118:6:supervisorRequestArming	16	static
../Core/Src/Interface/supervisor.c:134:13:isFlyingCheck	48	static
../Core/Src/Interface/supervisor.c:167:13:isTumbledCheck	56	static
../Core/Src/Interface/supervisor.c:207:13:checkEmergencyStopWatchdog	24	static
../Core/Src/Interface/supervisor.c:218:13:postTransitionActions	24	static
../Core/Src/Interface/supervisor.c:248:34:updateAndPopulateConditions	40	static
../Core/Src/Interface/supervisor.c:288:13:updateLogData	16	static
../Core/Src/Interface/supervisor.c:317:6:supervisorUpdate	40	static
../Core/Src/Interface/supervisor.c:341:6:supervisorOverrideSetpoint	24	static
../Core/Src/Interface/supervisor.c:369:6:supervisorAreMotorsAllowedToRun	16	static
../Core/Src/Interface/supervisor.c:376:6:infoDump	40	static
