/home/swift/workspace/project/swiftF4/Core/Inc/Algo/math3d.h:46:21:radians	16	static
/home/swift/workspace/project/swiftF4/Core/Inc/Algo/math3d.h:47:21:degrees	16	static
/home/swift/workspace/project/swiftF4/Core/Inc/Algo/math3d.h:111:26:mkvec	64	static
/home/swift/workspace/project/swiftF4/Core/Inc/Algo/math3d.h:117:26:vrepeat	48	static
/home/swift/workspace/project/swiftF4/Core/Inc/Algo/math3d.h:121:26:vzero	40	static
/home/swift/workspace/project/swiftF4/Core/Inc/Interface/pptraj_compressed.h:68:14:piecewise_compressed_duration	16	static
../Core/Src/Comms/crtp_commander_high_level.c:116:17:handleMemGetSize	8	static
../Core/Src/Comms/crtp_commander_high_level.c:252:19:state2vec	64	static
../Core/Src/Comms/crtp_commander_high_level.c:257:6:isInGroup	16	static
../Core/Src/Comms/crtp_commander_high_level.c:261:6:crtpCommanderHighLevelInit	24	static
../Core/Src/Comms/crtp_commander_high_level.c:284:6:crtpCommanderHighLevelIsStopped	8	static
../Core/Src/Comms/crtp_commander_high_level.c:289:6:crtpCommanderHighLevelTellState	16	static
../Core/Src/Comms/crtp_commander_high_level.c:298:5:crtpCommanderHighLevelDisable	8	static
../Core/Src/Comms/crtp_commander_high_level.c:304:6:crtpCommanderHighLevelGetSetpoint	88	static
../Core/Src/Comms/crtp_commander_high_level.c:369:12:handleCommand	24	static
../Core/Src/Comms/crtp_commander_high_level.c:416:6:crtpCommanderHighLevelTask	56	static
../Core/Src/Comms/crtp_commander_high_level.c:433:5:set_group_mask	16	static
../Core/Src/Comms/crtp_commander_high_level.c:441:5:takeoff	24	static
../Core/Src/Comms/crtp_commander_high_level.c:457:5:takeoff2	32	static
../Core/Src/Comms/crtp_commander_high_level.c:479:5:takeoff_with_velocity	40	static
../Core/Src/Comms/crtp_commander_high_level.c:509:5:land	24	static
../Core/Src/Comms/crtp_commander_high_level.c:525:5:land2	32	static
../Core/Src/Comms/crtp_commander_high_level.c:547:5:land_with_velocity	40	static
../Core/Src/Comms/crtp_commander_high_level.c:576:5:stop	24	static
../Core/Src/Comms/crtp_commander_high_level.c:587:5:go_to	40	static
../Core/Src/Comms/crtp_commander_high_level.c:618:5:start_trajectory	32	static
../Core/Src/Comms/crtp_commander_high_level.c:660:5:define_trajectory	16	static
../Core/Src/Comms/crtp_commander_high_level.c:669:13:handleMemRead	24	static
../Core/Src/Comms/crtp_commander_high_level.c:673:13:handleMemWrite	24	static
../Core/Src/Comms/crtp_commander_high_level.c:677:10:initCrtpPacket	16	static
../Core/Src/Comms/crtp_commander_high_level.c:684:5:crtpCommanderHighLevelTakeoff	32	static
../Core/Src/Comms/crtp_commander_high_level.c:697:5:crtpCommanderHighLevelTakeoffYaw	40	static
../Core/Src/Comms/crtp_commander_high_level.c:711:5:crtpCommanderHighLevelTakeoffWithVelocity	40	static
../Core/Src/Comms/crtp_commander_high_level.c:725:5:crtpCommanderHighLevelLand	32	static
../Core/Src/Comms/crtp_commander_high_level.c:738:5:crtpCommanderHighLevelLandWithVelocity	40	static
../Core/Src/Comms/crtp_commander_high_level.c:752:5:crtpCommanderHighLevelLandYaw	40	static
../Core/Src/Comms/crtp_commander_high_level.c:766:5:crtpCommanderHighLevelStop	16	static
../Core/Src/Comms/crtp_commander_high_level.c:776:5:crtpCommanderBlock	24	static
../Core/Src/Comms/crtp_commander_high_level.c:798:6:crtpCommanderHighLevelIsBlocked	4	static
../Core/Src/Comms/crtp_commander_high_level.c:803:5:crtpCommanderHighLevelGoTo	56	static
../Core/Src/Comms/crtp_commander_high_level.c:819:6:crtpCommanderHighLevelIsTrajectoryDefined	16	static
../Core/Src/Comms/crtp_commander_high_level.c:827:5:crtpCommanderHighLevelStartTrajectory	24	static
../Core/Src/Comms/crtp_commander_high_level.c:841:5:crtpCommanderHighLevelDefineTrajectory	24	static
../Core/Src/Comms/crtp_commander_high_level.c:855:10:crtpCommanderHighLevelTrajectoryMemSize	4	static
../Core/Src/Comms/crtp_commander_high_level.c:860:6:crtpCommanderHighLevelWriteTrajectory	32	static
../Core/Src/Comms/crtp_commander_high_level.c:872:6:crtpCommanderHighLevelReadTrajectory	32	static
../Core/Src/Comms/crtp_commander_high_level.c:883:6:crtpCommanderHighLevelIsTrajectoryFinished	16	static
