../Core/Src/Comms/crtp.c:86:6:crtpInit	24	static
../Core/Src/Comms/crtp.c:100:6:crtpTest	4	static
../Core/Src/Comms/crtp.c:105:6:crtpInitTaskQueue	24	static
../Core/Src/Comms/crtp.c:113:5:crtpReceivePacket	16	static
../Core/Src/Comms/crtp.c:121:5:crtpReceivePacketBlock	16	static
../Core/Src/Comms/crtp.c:130:5:crtpReceivePacketWait	24	static
../Core/Src/Comms/crtp.c:138:5:crtpGetFreeTxQueuePackets	8	static
../Core/Src/Comms/crtp.c:143:6:crtpTxTask	48	static
../Core/Src/Comms/crtp.c:170:6:crtpRxTask	48	static
../Core/Src/Comms/crtp.c:202:6:crtpRegisterPortCB	16	static
../Core/Src/Comms/crtp.c:210:5:crtpSendPacket	16	static
../Core/Src/Comms/crtp.c:218:5:crtpSendPacketBlock	16	static
../Core/Src/Comms/crtp.c:226:5:crtpReset	8	static
../Core/Src/Comms/crtp.c:236:6:crtpIsConnected	8	static
../Core/Src/Comms/crtp.c:243:6:crtpSetLink	16	static
../Core/Src/Comms/crtp.c:256:12:nopFunc	4	static
../Core/Src/Comms/crtp.c:261:13:clearStats	4	static
../Core/Src/Comms/crtp.c:267:13:updateStats	16	static
