/home/swift/workspace/project/swiftF4/Core/Inc/Algo/estimator.h:100:20:estimatorEnqueuePosition	72	static
/home/swift/workspace/project/swiftF4/Core/Inc/Algo/estimator.h:108:20:estimatorEnqueuePose	72	static
/home/swift/workspace/project/swiftF4/Core/Inc/Algo/quatcompress.h:65:20:quatdecompress	48	static
../Core/Src/Comms/crtp_localization_service.c:135:6:locSrvInit	16	static
../Core/Src/Comms/crtp_localization_service.c:149:13:locSrvCrtpCB	16	static
../Core/Src/Comms/crtp_localization_service.c:167:13:updateLogFromExtPos	4	static
../Core/Src/Comms/crtp_localization_service.c:174:13:extPositionHandler	24	static
../Core/Src/Comms/crtp_localization_service.c:188:13:extPoseHandler	24	static
../Core/Src/Comms/crtp_localization_service.c:205:13:extPosePackedHandler	24	static
../Core/Src/Comms/crtp_localization_service.c:228:13:lpsShortLppPacketHandler	24	static
../Core/Src/Comms/crtp_localization_service.c:257:13:lhPersistDataWorker	64	static
../Core/Src/Comms/crtp_localization_service.c:286:13:lhPersistDataHandler	24	static
../Core/Src/Comms/crtp_localization_service.c:293:13:genericLocHandle	24	static
../Core/Src/Comms/crtp_localization_service.c:323:13:extPositionPackedHandler	24	static
../Core/Src/Comms/crtp_localization_service.c:344:6:locSrvSendRangeFloat	24	static
../Core/Src/Comms/crtp_localization_service.c:401:6:locSrvIsEmergencyStopRequested	4	static
../Core/Src/Comms/crtp_localization_service.c:405:6:locSrvResetEmergencyStopRequest	4	static
../Core/Src/Comms/crtp_localization_service.c:409:10:locSrvGetEmergencyStopWatchdogNotificationTick	4	static
