/home/swift/workspace/project/swiftF4/Core/Inc/Algo/quatcompress.h:65:20:quatdecompress	48	static
../Core/Src/Comms/crtp_commander_generic.c:84:13:stopDecoder	24	static
../Core/Src/Comms/crtp_commander_generic.c:98:13:velocityDecoder	32	static
../Core/Src/Comms/crtp_commander_generic.c:126:13:zDistanceDecoder	32	static
../Core/Src/Comms/crtp_commander_generic.c:186:21:getChannelUnitMultiplier	16	static
../Core/Src/Comms/crtp_commander_generic.c:192:7:getCPPMRollScale	4	static
../Core/Src/Comms/crtp_commander_generic.c:197:7:getCPPMRollRateScale	4	static
../Core/Src/Comms/crtp_commander_generic.c:202:7:getCPPMPitchScale	4	static
../Core/Src/Comms/crtp_commander_generic.c:207:7:getCPPMPitchRateScale	4	static
../Core/Src/Comms/crtp_commander_generic.c:212:7:getCPPMYawRateScale	4	static
../Core/Src/Comms/crtp_commander_generic.c:217:13:cppmEmuDecoder	32	static
../Core/Src/Comms/crtp_commander_generic.c:275:13:altHoldDecoder	32	static
../Core/Src/Comms/crtp_commander_generic.c:308:13:hoverDecoder	32	static
../Core/Src/Comms/crtp_commander_generic.c:345:13:fullStateDecoder	32	static
../Core/Src/Comms/crtp_commander_generic.c:383:13:positionDecoder	32	static
../Core/Src/Comms/crtp_commander_generic.c:414:6:crtpCommanderGenericDecodeSetpoint	32	static
