../Core/Src/Comms/radiolink.c:73:13:radiolinkIsConnected	8	static
../Core/Src/Comms/radiolink.c:85:6:radiolinkInit	16	static
../Core/Src/Comms/radiolink.c:106:6:radiolinkTest	8	static
../Core/Src/Comms/radiolink.c:111:6:radiolinkSetChannel	88	static
../Core/Src/Comms/radiolink.c:121:6:radiolinkSetDatarate	88	static
../Core/Src/Comms/radiolink.c:131:6:radiolinkSetAddress	88	static
../Core/Src/Comms/radiolink.c:141:6:radiolinkSetPowerDbm	88	static
../Core/Src/Comms/radiolink.c:152:6:radiolinkSyslinkDispatch	80	static
../Core/Src/Comms/radiolink.c:202:12:radiolinkReceiveCRTPPacket	16	static
../Core/Src/Comms/radiolink.c:212:6:p2pRegisterCB	16	static
../Core/Src/Comms/radiolink.c:217:12:radiolinkSendCRTPPacket	16	static
../Core/Src/Comms/radiolink.c:235:6:radiolinkSendP2PPacketBroadcast	16	static
../Core/Src/Comms/radiolink.c:252:29:radiolinkGetLink	4	static
../Core/Src/Comms/radiolink.c:257:12:radiolinkSetEnable	16	static
