../Core/Src/Comms/radiolink.c:73:13:radiolinkIsConnected	8	static
../Core/Src/Comms/radiolink.c:85:6:radiolinkInit	16	static
../Core/Src/Comms/radiolink.c:111:6:radiolinkTest	8	static
../Core/Src/Comms/radiolink.c:116:6:radiolinkSetChannel	88	static
../Core/Src/Comms/radiolink.c:126:6:radiolinkSetDatarate	88	static
../Core/Src/Comms/radiolink.c:136:6:radiolinkSetAddress	88	static
../Core/Src/Comms/radiolink.c:146:6:radiolinkSetPowerDbm	88	static
../Core/Src/Comms/radiolink.c:157:6:radiolinkSyslinkDispatch	80	static
../Core/Src/Comms/radiolink.c:207:12:radiolinkReceiveCRTPPacket	16	static
../Core/Src/Comms/radiolink.c:217:6:p2pRegisterCB	16	static
../Core/Src/Comms/radiolink.c:222:12:radiolinkSendCRTPPacket	16	static
../Core/Src/Comms/radiolink.c:240:6:radiolinkSendP2PPacketBroadcast	16	static
../Core/Src/Comms/radiolink.c:257:29:radiolinkGetLink	4	static
../Core/Src/Comms/radiolink.c:262:12:radiolinkSetEnable	16	static
