../Core/Src/Utils/debug_printf.c:38:5:UART_PRINTF	24	static
../Core/Src/Utils/debug_printf.c:57:6:uartInit	16	static
../Core/Src/Utils/debug_printf.c:69:6:uartDmaInit	24	static
../Core/Src/Utils/debug_printf.c:93:6:uartSendDataDmaBlocking	16	static
../Core/Src/Utils/debug_printf.c:116:6:uartSendData	24	static
../Core/Src/Utils/debug_printf.c:128:5:uartPutchar	16	static
../Core/Src/Utils/debug_printf.c:135:6:uartGetchar	16	static
../Core/Src/Utils/debug_printf.c:141:10:uartbytesAvailable	8	static
../Core/Src/Utils/debug_printf.c:146:10:uartQueueMaxLength	4	static
../Core/Src/Utils/debug_printf.c:151:6:uartDidOverrun	16	static
