/home/swift/workspace/project/swiftF4/Core/Inc/Utils/log.h:61:20:logVarIdIsValid	16	static
../Core/Src/Utils/log.c:180:6:logInit	56	static
../Core/Src/Utils/log.c:241:6:logTest	4	static
../Core/Src/Utils/log.c:246:6:logTask	16	static
../Core/Src/Utils/log.c:262:6:logTOCProcess	40	static
../Core/Src/Utils/log.c:384:6:logControlProcess	16	static
../Core/Src/Utils/log.c:431:12:logCreateBlock	40	static
../Core/Src/Utils/log.c:460:12:logCreateBlockV2	40	static
../Core/Src/Utils/log.c:495:12:logAppendBlock	48	static
../Core/Src/Utils/log.c:563:12:logAppendBlockV2	48	static
../Core/Src/Utils/log.c:631:12:logDeleteBlock	40	static
../Core/Src/Utils/log.c:663:12:logStartBlock	40	static
../Core/Src/Utils/log.c:689:12:logStopBlock	32	static
../Core/Src/Utils/log.c:707:6:logBlockTimed	16	static
../Core/Src/Utils/log.c:713:13:appendToPacket	24	static
../Core/Src/Utils/log.c:724:6:logRunBlock	88	static
../Core/Src/Utils/log.c:895:12:variableGetIndex	24	static
../Core/Src/Utils/log.c:916:25:opsMalloc	16	static
../Core/Src/Utils/log.c:929:13:opsFree	16	static
../Core/Src/Utils/log.c:934:12:blockCalcLength	24	static
../Core/Src/Utils/log.c:945:6:blockAppendOps	24	static
../Core/Src/Utils/log.c:961:13:logReset	16	static
../Core/Src/Utils/log.c:988:12:logGetVarId	32	static
../Core/Src/Utils/log.c:1009:12:logGetType	16	static
../Core/Src/Utils/log.c:1014:6:logGetGroupAndName	32	static
../Core/Src/Utils/log.c:1035:7:logGetAddress	16	static
../Core/Src/Utils/log.c:1040:9:logVarSize	16	static
../Core/Src/Utils/log.c:1045:5:logGetInt	24	static
../Core/Src/Utils/log.c:1079:7:logGetFloat	16	static
../Core/Src/Utils/log.c:1089:14:logGetUint	16	static
../Core/Src/Utils/log.c:1094:26:acquisitionTypeFromLogType	16	static
