../Core/Src/Utils/param_logic.c:100:15:paramGetDefault	32	static
../Core/Src/Utils/param_logic.c:138:12:paramSet	24	static
../Core/Src/Utils/param_logic.c:171:12:paramGet	24	static
../Core/Src/Utils/param_logic.c:201:12:paramGetLen	24	static
../Core/Src/Utils/param_logic.c:224:6:paramLogicInit	72	static
../Core/Src/Utils/param_logic.c:272:6:paramTOCProcess	40	static
../Core/Src/Utils/param_logic.c:348:6:paramWriteProcess	32	static
../Core/Src/Utils/param_logic.c:376:13:paramNotifyChanged	16	static
../Core/Src/Utils/param_logic.c:382:13:paramWriteByNameProcess	32	static
../Core/Src/Utils/param_logic.c:421:6:paramReadProcess	24	static
../Core/Src/Utils/param_logic.c:440:12:variableGetIndex	24	static
../Core/Src/Utils/param_logic.c:465:14:paramGetVarIdFromComplete	64	static
../Core/Src/Utils/param_logic.c:481:14:paramGetVarId	32	static
../Core/Src/Utils/param_logic.c:508:5:paramGetType	16	static
../Core/Src/Utils/param_logic.c:513:6:paramGetGroupAndName	32	static
../Core/Src/Utils/param_logic.c:534:9:paramVarSize	16	static
../Core/Src/Utils/param_logic.c:539:5:paramGetInt	24	static
../Core/Src/Utils/param_logic.c:551:7:paramGetFloat	16	static
../Core/Src/Utils/param_logic.c:559:14:paramGetUint	16	static
../Core/Src/Utils/param_logic.c:564:6:paramSetInt	24	static
../Core/Src/Utils/param_logic.c:594:6:paramSetFloat	24	static
../Core/Src/Utils/param_logic.c:622:6:paramSetByName	56	static
../Core/Src/Utils/param_logic.c:654:6:paramGetExtendedType	24	static
../Core/Src/Utils/param_logic.c:675:13:generateStorageKey	32	static
../Core/Src/Utils/param_logic.c:691:6:paramPersistentStore	64	static
../Core/Src/Utils/param_logic.c:717:6:paramGetDefaultValue	32	static
../Core/Src/Utils/param_logic.c:744:6:paramPersistentGetState	72	static
../Core/Src/Utils/param_logic.c:789:6:paramPersistentClear	56	static
../Core/Src/Utils/param_logic.c:816:13:persistentParamFromStorage	32	static
../Core/Src/Utils/param_logic.c:831:6:paramLogicStorageInit	8	static
