../Core/Src/Utils/SEGGER_RTT.c:276:13:_DoInit	16	static
../Core/Src/Utils/SEGGER_RTT.c:331:17:_WriteBlocking	40	static
../Core/Src/Utils/SEGGER_RTT.c:395:13:_WriteNoCheck	40	static
../Core/Src/Utils/SEGGER_RTT.c:459:13:_PostTerminalSwitch	24	static
../Core/Src/Utils/SEGGER_RTT.c:481:17:_GetAvailWriteSpace	32	static
../Core/Src/Utils/SEGGER_RTT.c:522:10:SEGGER_RTT_ReadNoLock	48	static
../Core/Src/Utils/SEGGER_RTT.c:612:10:SEGGER_RTT_Read	32	static,ignoring_inline_asm
../Core/Src/Utils/SEGGER_RTT.c:651:6:SEGGER_RTT_WriteWithOverwriteNoLock	40	static
../Core/Src/Utils/SEGGER_RTT.c:830:10:SEGGER_RTT_WriteNoLock	40	static
../Core/Src/Utils/SEGGER_RTT.c:901:10:SEGGER_RTT_Write	32	static,ignoring_inline_asm
../Core/Src/Utils/SEGGER_RTT.c:938:10:SEGGER_RTT_WriteString	24	static
../Core/Src/Utils/SEGGER_RTT.c:968:10:SEGGER_RTT_PutCharSkipNoLock	32	static
../Core/Src/Utils/SEGGER_RTT.c:1015:10:SEGGER_RTT_PutCharSkip	32	static,ignoring_inline_asm
../Core/Src/Utils/SEGGER_RTT.c:1071:10:SEGGER_RTT_PutChar	32	static,ignoring_inline_asm
../Core/Src/Utils/SEGGER_RTT.c:1132:5:SEGGER_RTT_GetKey	16	static
../Core/Src/Utils/SEGGER_RTT.c:1160:5:SEGGER_RTT_WaitKey	16	static
../Core/Src/Utils/SEGGER_RTT.c:1183:5:SEGGER_RTT_HasKey	16	static
../Core/Src/Utils/SEGGER_RTT.c:1209:10:SEGGER_RTT_HasData	24	static
../Core/Src/Utils/SEGGER_RTT.c:1230:10:SEGGER_RTT_HasDataUp	24	static
../Core/Src/Utils/SEGGER_RTT.c:1258:5:SEGGER_RTT_AllocDownBuffer	32	static,ignoring_inline_asm
../Core/Src/Utils/SEGGER_RTT.c:1303:5:SEGGER_RTT_AllocUpBuffer	32	static,ignoring_inline_asm
../Core/Src/Utils/SEGGER_RTT.c:1354:5:SEGGER_RTT_ConfigUpBuffer	32	static,ignoring_inline_asm
../Core/Src/Utils/SEGGER_RTT.c:1401:5:SEGGER_RTT_ConfigDownBuffer	32	static,ignoring_inline_asm
../Core/Src/Utils/SEGGER_RTT.c:1439:5:SEGGER_RTT_SetNameUpBuffer	24	static,ignoring_inline_asm
../Core/Src/Utils/SEGGER_RTT.c:1470:5:SEGGER_RTT_SetNameDownBuffer	24	static,ignoring_inline_asm
../Core/Src/Utils/SEGGER_RTT.c:1501:5:SEGGER_RTT_SetFlagsUpBuffer	24	static,ignoring_inline_asm
../Core/Src/Utils/SEGGER_RTT.c:1532:5:SEGGER_RTT_SetFlagsDownBuffer	24	static,ignoring_inline_asm
../Core/Src/Utils/SEGGER_RTT.c:1556:6:SEGGER_RTT_Init	8	static
../Core/Src/Utils/SEGGER_RTT.c:1574:5:SEGGER_RTT_SetTerminal	40	static,ignoring_inline_asm
../Core/Src/Utils/SEGGER_RTT.c:1624:5:SEGGER_RTT_TerminalOut	40	static,ignoring_inline_asm
