../Middlewares/ST/STM32_USB_Device_Library/Class/CDC/Src/usbd_cdc.c:287:16:USBD_CDC_Init	24	static
../Middlewares/ST/STM32_USB_Device_Library/Class/CDC/Src/usbd_cdc.c:388:16:USBD_CDC_DeInit	16	static
../Middlewares/ST/STM32_USB_Device_Library/Class/CDC/Src/usbd_cdc.c:432:16:USBD_CDC_Setup	32	static
../Middlewares/ST/STM32_USB_Device_Library/Class/CDC/Src/usbd_cdc.c:553:16:USBD_CDC_DataIn	24	static
../Middlewares/ST/STM32_USB_Device_Library/Class/CDC/Src/usbd_cdc.c:594:16:USBD_CDC_DataOut	24	static
../Middlewares/ST/STM32_USB_Device_Library/Class/CDC/Src/usbd_cdc.c:622:16:USBD_CDC_EP0_RxReady	24	static
../Middlewares/ST/STM32_USB_Device_Library/Class/CDC/Src/usbd_cdc.c:648:17:USBD_CDC_GetFSCfgDesc	32	static
../Middlewares/ST/STM32_USB_Device_Library/Class/CDC/Src/usbd_cdc.c:679:17:USBD_CDC_GetHSCfgDesc	32	static
../Middlewares/ST/STM32_USB_Device_Library/Class/CDC/Src/usbd_cdc.c:710:17:USBD_CDC_GetOtherSpeedCfgDesc	32	static
../Middlewares/ST/STM32_USB_Device_Library/Class/CDC/Src/usbd_cdc.c:741:10:USBD_CDC_GetDeviceQualifierDescriptor	16	static
../Middlewares/ST/STM32_USB_Device_Library/Class/CDC/Src/usbd_cdc.c:754:9:USBD_CDC_RegisterInterface	16	static
../Middlewares/ST/STM32_USB_Device_Library/Class/CDC/Src/usbd_cdc.c:782:9:USBD_CDC_SetTxBuffer	32	static
../Middlewares/ST/STM32_USB_Device_Library/Class/CDC/Src/usbd_cdc.c:805:9:USBD_CDC_SetRxBuffer	24	static
../Middlewares/ST/STM32_USB_Device_Library/Class/CDC/Src/usbd_cdc.c:832:9:USBD_CDC_TransmitPacket	24	static
../Middlewares/ST/STM32_USB_Device_Library/Class/CDC/Src/usbd_cdc.c:872:9:USBD_CDC_ReceivePacket	24	static
