../Core/Src/Drivers/bmp280.c:120:6:bmp280init	24	static
../Core/Src/Drivers/bmp280.c:148:29:bmp280_init	32	static
../Core/Src/Drivers/bmp280.c:181:29:bmp280_read_uncomp_temperature	32	static
../Core/Src/Drivers/bmp280.c:227:9:bmp280_compensate_temperature_s32	32	static
../Core/Src/Drivers/bmp280.c:277:29:bmp280_read_uncomp_pressure	32	static
../Core/Src/Drivers/bmp280.c:322:10:bmp280_compensate_pressure_s32	32	static
../Core/Src/Drivers/bmp280.c:417:29:bmp280_read_uncomp_pressure_temperature	32	static
../Core/Src/Drivers/bmp280.c:478:29:bmp280_read_pressure_temperature	32	static
../Core/Src/Drivers/bmp280.c:526:29:bmp280_get_calib_param	48	static
../Core/Src/Drivers/bmp280.c:639:29:bmp280_get_oversamp_temperature	32	static
../Core/Src/Drivers/bmp280.c:684:29:bmp280_set_oversamp_temperature	32	static
../Core/Src/Drivers/bmp280.c:736:29:bmp280_get_oversamp_pressure	32	static
../Core/Src/Drivers/bmp280.c:781:29:bmp280_set_oversamp_pressure	32	static
../Core/Src/Drivers/bmp280.c:828:29:bmp280_get_power_mode	32	static
../Core/Src/Drivers/bmp280.c:865:29:bmp280_set_power_mode	32	static
../Core/Src/Drivers/bmp280.c:908:29:bmp280_set_soft_rst	24	static
../Core/Src/Drivers/bmp280.c:944:29:bmp280_get_spi3	32	static
../Core/Src/Drivers/bmp280.c:981:29:bmp280_set_spi3	32	static
../Core/Src/Drivers/bmp280.c:1027:29:bmp280_get_filter	32	static
../Core/Src/Drivers/bmp280.c:1066:29:bmp280_set_filter	32	static
../Core/Src/Drivers/bmp280.c:1114:29:bmp280_get_standby_durn	32	static
../Core/Src/Drivers/bmp280.c:1167:29:bmp280_set_standby_durn	32	static
../Core/Src/Drivers/bmp280.c:1213:29:bmp280_set_work_mode	32	static
../Core/Src/Drivers/bmp280.c:1292:29:bmp280_get_forced_uncomp_pressure_temperature	32	static
../Core/Src/Drivers/bmp280.c:1337:29:bmp280_write_register	32	static
../Core/Src/Drivers/bmp280.c:1368:29:bmp280_read_register	32	static
../Core/Src/Drivers/bmp280.c:1399:7:bmp280_compensate_temperature_float	32	static
../Core/Src/Drivers/bmp280.c:1437:7:bmp280_compensate_pressure_float	40	static
../Core/Src/Drivers/bmp280.c:1576:29:bmp280_compute_wait_time	24	static
