../Core/Src/Drivers/i2c_drv.c:76:13:gpioWaitForHigh	40	static
../Core/Src/Drivers/i2c_drv.c:202:13:i2cdrvStartTransfer	24	static
../Core/Src/Drivers/i2c_drv.c:217:13:i2cTryNextMessage	16	static
../Core/Src/Drivers/i2c_drv.c:223:13:i2cNotifyClient	24	static,ignoring_inline_asm
../Core/Src/Drivers/i2c_drv.c:230:13:i2cdrvTryToRestartBus	48	static
../Core/Src/Drivers/i2c_drv.c:322:13:i2cdrvInitBus	24	static
../Core/Src/Drivers/i2c_drv.c:330:13:i2cdrvdevUnlockBus	24	static
../Core/Src/Drivers/i2c_drv.c:369:6:i2cdrvInit	16	static
../Core/Src/Drivers/i2c_drv.c:374:6:i2cdrvCreateMessage	24	static
../Core/Src/Drivers/i2c_drv.c:392:6:i2cdrvCreateMessageIntAddr	16	static
../Core/Src/Drivers/i2c_drv.c:412:6:i2cdrvMessageTransfer	24	static
../Core/Src/Drivers/i2c_drv.c:455:13:i2cdrvEventIsrHandler	24	static
../Core/Src/Drivers/i2c_drv.c:615:13:i2cdrvErrorIsrHandler	16	static
../Core/Src/Drivers/i2c_drv.c:652:13:i2cdrvClearDMA	16	static
../Core/Src/Drivers/i2c_drv.c:663:13:i2cdrvDmaRxIsrHandler	16	static
../Core/Src/Drivers/i2c_drv.c:675:13:i2cdrvDmaTxIsrHandler	24	static
../Core/Src/Drivers/i2c_drv.c:692:28:DMA1_Stream0_IRQ_Callback	8	static
../Core/Src/Drivers/i2c_drv.c:699:28:I2C1_ER_IRQ_Callback	8	static
../Core/Src/Drivers/i2c_drv.c:704:28:I2C1_EV_IRQ_Callback	8	static
../Core/Src/Drivers/i2c_drv.c:709:28:DMA1_Stream1_IRQ_Callback	8	static
