../Core/Src/Drivers/i2c_drv.c:76:13:gpioWaitForHigh	56	static
../Core/Src/Drivers/i2c_drv.c:201:13:i2cdrvStartTransfer	24	static
../Core/Src/Drivers/i2c_drv.c:220:13:i2cTryNextMessage	16	static
../Core/Src/Drivers/i2c_drv.c:226:13:i2cNotifyClient	24	static,ignoring_inline_asm
../Core/Src/Drivers/i2c_drv.c:233:13:i2cdrvTryToRestartBus	48	static
../Core/Src/Drivers/i2c_drv.c:303:13:i2cdrvInitBus	24	static
../Core/Src/Drivers/i2c_drv.c:311:13:i2cdrvdevUnlockBus	24	static
../Core/Src/Drivers/i2c_drv.c:350:6:i2cdrvInit	16	static
../Core/Src/Drivers/i2c_drv.c:355:6:i2cdrvCreateMessage	24	static
../Core/Src/Drivers/i2c_drv.c:373:6:i2cdrvCreateMessageIntAddr	16	static
../Core/Src/Drivers/i2c_drv.c:393:6:i2cdrvMessageTransfer	24	static
../Core/Src/Drivers/i2c_drv.c:422:13:i2cdrvEventIsrHandler	24	static
../Core/Src/Drivers/i2c_drv.c:577:13:i2cdrvErrorIsrHandler	16	static
../Core/Src/Drivers/i2c_drv.c:613:13:i2cdrvClearDMA	16	static
../Core/Src/Drivers/i2c_drv.c:624:13:i2cdrvDmaIsrHandler	16	static
