../Core/Src/Drivers/i2c_drv.c:76:13:gpioWaitForHigh	56	static
../Core/Src/Drivers/i2c_drv.c:202:13:i2cdrvStartTransfer	24	static
../Core/Src/Drivers/i2c_drv.c:217:13:i2cTryNextMessage	16	static
../Core/Src/Drivers/i2c_drv.c:223:13:i2cNotifyClient	24	static,ignoring_inline_asm
../Core/Src/Drivers/i2c_drv.c:230:13:i2cdrvTryToRestartBus	48	static
../Core/Src/Drivers/i2c_drv.c:323:13:i2cdrvInitBus	24	static
../Core/Src/Drivers/i2c_drv.c:331:13:i2cdrvdevUnlockBus	24	static
../Core/Src/Drivers/i2c_drv.c:370:6:i2cdrvInit	16	static
../Core/Src/Drivers/i2c_drv.c:375:6:i2cdrvCreateMessage	24	static
../Core/Src/Drivers/i2c_drv.c:393:6:i2cdrvCreateMessageIntAddr	16	static
../Core/Src/Drivers/i2c_drv.c:413:6:i2cdrvMessageTransfer	24	static
../Core/Src/Drivers/i2c_drv.c:452:13:i2cdrvEventIsrHandler	24	static
../Core/Src/Drivers/i2c_drv.c:607:13:i2cdrvErrorIsrHandler	16	static
../Core/Src/Drivers/i2c_drv.c:643:13:i2cdrvClearDMA	16	static
../Core/Src/Drivers/i2c_drv.c:654:13:i2cdrvDmaIsrHandler	16	static
../Core/Src/Drivers/i2c_drv.c:690:28:DMA1_Stream0_IRQHandler	8	static
../Core/Src/Drivers/i2c_drv.c:697:28:I2C1_ER_IRQHandler	8	static
../Core/Src/Drivers/i2c_drv.c:702:28:I2C1_EV_IRQHandler	8	static
../Core/Src/Drivers/i2c_drv.c:707:28:DMA1_Stream2_IRQHandler	8	static
