../Core/Src/Drivers/i2c_drv.c:74:13:gpioWaitForHigh	56	static
../Core/Src/Drivers/i2c_drv.c:195:13:i2cdrvStartTransfer	16	static
../Core/Src/Drivers/i2c_drv.c:214:13:i2cTryNextMessage	16	static
../Core/Src/Drivers/i2c_drv.c:220:13:i2cNotifyClient	24	static,ignoring_inline_asm
../Core/Src/Drivers/i2c_drv.c:227:13:i2cdrvTryToRestartBus	16	static
../Core/Src/Drivers/i2c_drv.c:288:13:i2cdrvDmaSetupBus	16	static
../Core/Src/Drivers/i2c_drv.c:321:13:i2cdrvInitBus	24	static
../Core/Src/Drivers/i2c_drv.c:329:13:i2cdrvdevUnlockBus	24	static
../Core/Src/Drivers/i2c_drv.c:366:6:i2cdrvInit	16	static
../Core/Src/Drivers/i2c_drv.c:371:6:i2cdrvCreateMessage	24	static
../Core/Src/Drivers/i2c_drv.c:389:6:i2cdrvCreateMessageIntAddr	16	static
../Core/Src/Drivers/i2c_drv.c:409:6:i2cdrvMessageTransfer	24	static
../Core/Src/Drivers/i2c_drv.c:438:13:i2cdrvEventIsrHandler	24	static
../Core/Src/Drivers/i2c_drv.c:593:13:i2cdrvErrorIsrHandler	16	static
../Core/Src/Drivers/i2c_drv.c:629:13:i2cdrvClearDMA	16	static
../Core/Src/Drivers/i2c_drv.c:640:13:i2cdrvDmaIsrHandler	16	static
../Core/Src/Drivers/i2c_drv.c:662:28:I2C1_ER_IRQHandler	8	static
../Core/Src/Drivers/i2c_drv.c:667:28:I2C1_EV_IRQHandler	8	static
../Core/Src/Drivers/i2c_drv.c:675:28:DMA1_Stream0_IRQHandler	8	static
../Core/Src/Drivers/i2c_drv.c:681:28:I2C3_ER_IRQHandler	8	static
../Core/Src/Drivers/i2c_drv.c:686:28:I2C3_EV_IRQHandler	8	static
../Core/Src/Drivers/i2c_drv.c:691:28:DMA1_Stream2_IRQHandler	8	static
