../Core/Src/Drivers/mem.c:37:17:handleMemTesterGetSize	4	static
../Core/Src/Drivers/mem.c:60:6:memInit	8	static
../Core/Src/Drivers/mem.c:71:6:memTest	4	static
../Core/Src/Drivers/mem.c:93:6:memoryRegisterHandler	24	static
../Core/Src/Drivers/mem.c:103:6:memoryRegisterOwHandler	16	static
../Core/Src/Drivers/mem.c:111:6:memBlockHandlerRegistration	4	static
../Core/Src/Drivers/mem.c:115:14:memGetType	16	static
../Core/Src/Drivers/mem.c:120:10:memGetSize	16	static
../Core/Src/Drivers/mem.c:125:10:memGetOwSize	8	static
../Core/Src/Drivers/mem.c:130:6:memRead	32	static
../Core/Src/Drivers/mem.c:141:6:memWrite	32	static
../Core/Src/Drivers/mem.c:152:6:memReadOw	32	static
../Core/Src/Drivers/mem.c:157:6:memGetOwSerialNr	16	static
../Core/Src/Drivers/mem.c:162:6:memWriteOw	32	static
../Core/Src/Drivers/mem.c:167:10:memGetNrOfMems	4	static
../Core/Src/Drivers/mem.c:171:10:memGetNrOfOwMems	4	static
../Core/Src/Drivers/mem.c:189:13:handleMemTesterRead	40	static
../Core/Src/Drivers/mem.c:208:13:handleMemTesterWrite	48	static
