../Core/Src/Drivers/motors.c:115:17:motorsBLConv16ToBits	16	static
../Core/Src/Drivers/motors.c:121:17:motorsConv16ToBits	16	static
../Core/Src/Drivers/motors.c:183:7:motorsCompensateBatteryVoltage	40	static
../Core/Src/Drivers/motors.c:216:6:motorsInit	48	static
../Core/Src/Drivers/motors.c:290:6:motorsDeInit	40	static
../Core/Src/Drivers/motors.c:309:6:motorsTest	16	static
../Core/Src/Drivers/motors.c:334:6:motorsStop	24	static
../Core/Src/Drivers/motors.c:462:6:motorsSetRatio	40	static
../Core/Src/Drivers/motors.c:498:6:motorsEnablePWM	16	static
../Core/Src/Drivers/motors.c:506:6:motorsDisablePWM	16	static
../Core/Src/Drivers/motors.c:514:6:motorsEnablePassthough	16	static
../Core/Src/Drivers/motors.c:524:6:motorsESCSetInput	16	static
../Core/Src/Drivers/motors.c:531:6:motorsESCSetOutput	16	static
../Core/Src/Drivers/motors.c:539:6:motorsESCSetHi	16	static
../Core/Src/Drivers/motors.c:545:6:motorsESCSetLo	16	static
../Core/Src/Drivers/motors.c:551:5:motorsESCIsHi	16	static
../Core/Src/Drivers/motors.c:557:5:motorsESCIsLo	16	static
../Core/Src/Drivers/motors.c:563:5:motorsGetRatio	16	static
../Core/Src/Drivers/motors.c:570:6:motorsBeep	48	static
../Core/Src/Drivers/motors.c:599:6:motorsPlayTone	16	static
../Core/Src/Drivers/motors.c:613:6:motorsPlayMelody	24	static
../Core/Src/Drivers/motors.c:627:27:motorsGetHealthTestSettings	16	static
../Core/Src/Drivers/motors.c:648:6:setCompare_CH1	16	static
../Core/Src/Drivers/motors.c:654:6:setCompare_CH2	16	static
../Core/Src/Drivers/motors.c:660:6:setCompare_CH3	16	static
../Core/Src/Drivers/motors.c:665:6:setCompare_CH4	16	static
