../Core/Src/Drivers/mpu6500.c:87:6:mpu6500Init	16	static
../Core/Src/Drivers/mpu6500.c:98:6:mpu6500Test	16	static
../Core/Src/Drivers/mpu6500.c:114:6:mpu6500TestConnection	8	static
../Core/Src/Drivers/mpu6500.c:122:6:mpu6500SelfTest	144	static
../Core/Src/Drivers/mpu6500.c:264:6:mpu6500EvaluateSelfTest	64	static
../Core/Src/Drivers/mpu6500.c:298:9:mpu6500GetRate	8	static
../Core/Src/Drivers/mpu6500.c:308:6:mpu6500SetRate	16	static
../Core/Src/Drivers/mpu6500.c:342:9:mpu6500GetExternalFrameSync	16	static
../Core/Src/Drivers/mpu6500.c:353:6:mpu6500SetExternalFrameSync	24	static
../Core/Src/Drivers/mpu6500.c:386:9:mpu6500GetDLPFMode	16	static
../Core/Src/Drivers/mpu6500.c:400:6:mpu6500SetDLPFMode	24	static
../Core/Src/Drivers/mpu6500.c:425:9:mpu6500GetFullScaleGyroRangeId	16	static
../Core/Src/Drivers/mpu6500.c:440:7:mpu6500GetFullScaleGyroDPL	16	static
../Core/Src/Drivers/mpu6500.c:476:6:mpu6500SetFullScaleGyroRange	24	static
../Core/Src/Drivers/mpu6500.c:482:6:mpu6500SetGyroXSelfTest	24	static
../Core/Src/Drivers/mpu6500.c:487:6:mpu6500SetGyroYSelfTest	24	static
../Core/Src/Drivers/mpu6500.c:492:6:mpu6500SetGyroZSelfTest	24	static
../Core/Src/Drivers/mpu6500.c:503:6:mpu6500GetAccelXSelfTest	16	static
../Core/Src/Drivers/mpu6500.c:512:6:mpu6500SetAccelXSelfTest	24	static
../Core/Src/Drivers/mpu6500.c:520:6:mpu6500GetAccelYSelfTest	16	static
../Core/Src/Drivers/mpu6500.c:529:6:mpu6500SetAccelYSelfTest	24	static
../Core/Src/Drivers/mpu6500.c:537:6:mpu6500GetAccelZSelfTest	16	static
../Core/Src/Drivers/mpu6500.c:546:6:mpu6500SetAccelZSelfTest	24	static
../Core/Src/Drivers/mpu6500.c:567:9:mpu6500GetFullScaleAccelRangeId	16	static
../Core/Src/Drivers/mpu6500.c:582:7:mpu6500GetFullScaleAccelGPL	16	static
../Core/Src/Drivers/mpu6500.c:614:6:mpu6500SetFullScaleAccelRange	24	static
../Core/Src/Drivers/mpu6500.c:630:6:mpu6500SetAccelDLPF	24	static
../Core/Src/Drivers/mpu6500.c:671:9:mpu6500GetDHPFMode	16	static
../Core/Src/Drivers/mpu6500.c:683:6:mpu6500SetDHPFMode	24	static
../Core/Src/Drivers/mpu6500.c:697:6:mpu6500GetTempFIFOEnabled	16	static
../Core/Src/Drivers/mpu6500.c:707:6:mpu6500SetTempFIFOEnabled	24	static
../Core/Src/Drivers/mpu6500.c:717:6:mpu6500GetXGyroFIFOEnabled	16	static
../Core/Src/Drivers/mpu6500.c:727:6:mpu6500SetXGyroFIFOEnabled	24	static
../Core/Src/Drivers/mpu6500.c:737:6:mpu6500GetYGyroFIFOEnabled	16	static
../Core/Src/Drivers/mpu6500.c:747:6:mpu6500SetYGyroFIFOEnabled	24	static
../Core/Src/Drivers/mpu6500.c:757:6:mpu6500GetZGyroFIFOEnabled	16	static
../Core/Src/Drivers/mpu6500.c:767:6:mpu6500SetZGyroFIFOEnabled	24	static
../Core/Src/Drivers/mpu6500.c:778:6:mpu6500GetAccelFIFOEnabled	16	static
../Core/Src/Drivers/mpu6500.c:788:6:mpu6500SetAccelFIFOEnabled	24	static
../Core/Src/Drivers/mpu6500.c:798:6:mpu6500GetSlave2FIFOEnabled	16	static
../Core/Src/Drivers/mpu6500.c:808:6:mpu6500SetSlave2FIFOEnabled	24	static
../Core/Src/Drivers/mpu6500.c:818:6:mpu6500GetSlave1FIFOEnabled	16	static
../Core/Src/Drivers/mpu6500.c:828:6:mpu6500SetSlave1FIFOEnabled	24	static
../Core/Src/Drivers/mpu6500.c:838:6:mpu6500GetSlave0FIFOEnabled	16	static
../Core/Src/Drivers/mpu6500.c:848:6:mpu6500SetSlave0FIFOEnabled	24	static
../Core/Src/Drivers/mpu6500.c:870:6:mpu6500GetMultiMasterEnabled	16	static
../Core/Src/Drivers/mpu6500.c:880:6:mpu6500SetMultiMasterEnabled	24	static
../Core/Src/Drivers/mpu6500.c:895:6:mpu6500GetWaitForExternalSensorEnabled	16	static
../Core/Src/Drivers/mpu6500.c:905:6:mpu6500SetWaitForExternalSensorEnabled	24	static
../Core/Src/Drivers/mpu6500.c:915:6:mpu6500GetSlave3FIFOEnabled	16	static
../Core/Src/Drivers/mpu6500.c:925:6:mpu6500SetSlave3FIFOEnabled	24	static
../Core/Src/Drivers/mpu6500.c:939:6:mpu6500GetSlaveReadWriteTransitionEnabled	16	static
../Core/Src/Drivers/mpu6500.c:949:6:mpu6500SetSlaveReadWriteTransitionEnabled	24	static
../Core/Src/Drivers/mpu6500.c:982:9:mpu6500GetMasterClockSpeed	16	static
../Core/Src/Drivers/mpu6500.c:992:6:mpu6500SetMasterClockSpeed	24	static
../Core/Src/Drivers/mpu6500.c:1041:9:mpu6500GetSlaveAddress	16	static
../Core/Src/Drivers/mpu6500.c:1054:6:mpu6500SetSlaveAddress	16	static
../Core/Src/Drivers/mpu6500.c:1071:9:mpu6500GetSlaveRegister	16	static
../Core/Src/Drivers/mpu6500.c:1084:6:mpu6500SetSlaveRegister	16	static
../Core/Src/Drivers/mpu6500.c:1097:6:mpu6500GetSlaveEnabled	24	static
../Core/Src/Drivers/mpu6500.c:1110:6:mpu6500SetSlaveEnabled	24	static
../Core/Src/Drivers/mpu6500.c:1128:6:mpu6500GetSlaveWordByteSwap	24	static
../Core/Src/Drivers/mpu6500.c:1142:6:mpu6500SetSlaveWordByteSwap	24	static
../Core/Src/Drivers/mpu6500.c:1159:6:mpu6500GetSlaveWriteMode	24	static
../Core/Src/Drivers/mpu6500.c:1173:6:mpu6500SetSlaveWriteMode	24	static
../Core/Src/Drivers/mpu6500.c:1191:6:mpu6500GetSlaveWordGroupOffset	24	static
../Core/Src/Drivers/mpu6500.c:1204:6:mpu6500SetSlaveWordGroupOffset	24	static
../Core/Src/Drivers/mpu6500.c:1218:9:mpu6500GetSlaveDataLength	24	static
../Core/Src/Drivers/mpu6500.c:1232:6:mpu6500SetSlaveDataLength	24	static
../Core/Src/Drivers/mpu6500.c:1251:9:mpu6500GetSlave4Address	8	static
../Core/Src/Drivers/mpu6500.c:1261:6:mpu6500SetSlave4Address	16	static
../Core/Src/Drivers/mpu6500.c:1272:9:mpu6500GetSlave4Register	8	static
../Core/Src/Drivers/mpu6500.c:1282:6:mpu6500SetSlave4Register	16	static
../Core/Src/Drivers/mpu6500.c:1292:6:mpu6500SetSlave4OutputByte	16	static
../Core/Src/Drivers/mpu6500.c:1302:6:mpu6500GetSlave4Enabled	16	static
../Core/Src/Drivers/mpu6500.c:1312:6:mpu6500SetSlave4Enabled	24	static
../Core/Src/Drivers/mpu6500.c:1325:6:mpu6500GetSlave4InterruptEnabled	16	static
../Core/Src/Drivers/mpu6500.c:1335:6:mpu6500SetSlave4InterruptEnabled	24	static
../Core/Src/Drivers/mpu6500.c:1348:6:mpu6500GetSlave4WriteMode	16	static
../Core/Src/Drivers/mpu6500.c:1358:6:mpu6500SetSlave4WriteMode	24	static
../Core/Src/Drivers/mpu6500.c:1377:9:mpu6500GetSlave4MasterDelay	16	static
../Core/Src/Drivers/mpu6500.c:1388:6:mpu6500SetSlave4MasterDelay	24	static
../Core/Src/Drivers/mpu6500.c:1399:9:mpu6500GetSlate4InputByte	8	static
../Core/Src/Drivers/mpu6500.c:1416:6:mpu6500GetPassthroughStatus	16	static
../Core/Src/Drivers/mpu6500.c:1429:6:mpu6500GetSlave4IsDone	16	static
../Core/Src/Drivers/mpu6500.c:1441:6:mpu6500GetLostArbitration	16	static
../Core/Src/Drivers/mpu6500.c:1453:6:mpu6500GetSlave4Nack	16	static
../Core/Src/Drivers/mpu6500.c:1465:6:mpu6500GetSlave3Nack	16	static
../Core/Src/Drivers/mpu6500.c:1477:6:mpu6500GetSlave2Nack	16	static
../Core/Src/Drivers/mpu6500.c:1489:6:mpu6500GetSlave1Nack	16	static
../Core/Src/Drivers/mpu6500.c:1501:6:mpu6500GetSlave0Nack	16	static
../Core/Src/Drivers/mpu6500.c:1515:6:mpu6500GetInterruptMode	16	static
../Core/Src/Drivers/mpu6500.c:1526:6:mpu6500SetInterruptMode	24	static
../Core/Src/Drivers/mpu6500.c:1536:6:mpu6500GetInterruptDrive	16	static
../Core/Src/Drivers/mpu6500.c:1547:6:mpu6500SetInterruptDrive	24	static
../Core/Src/Drivers/mpu6500.c:1557:6:mpu6500GetInterruptLatch	16	static
../Core/Src/Drivers/mpu6500.c:1568:6:mpu6500SetInterruptLatch	24	static
../Core/Src/Drivers/mpu6500.c:1578:6:mpu6500GetInterruptLatchClear	16	static
../Core/Src/Drivers/mpu6500.c:1589:6:mpu6500SetInterruptLatchClear	24	static
../Core/Src/Drivers/mpu6500.c:1599:6:mpu6500GetFSyncInterruptLevel	16	static
../Core/Src/Drivers/mpu6500.c:1610:6:mpu6500SetFSyncInterruptLevel	24	static
../Core/Src/Drivers/mpu6500.c:1620:6:mpu6500GetFSyncInterruptEnabled	16	static
../Core/Src/Drivers/mpu6500.c:1631:6:mpu6500SetFSyncInterruptEnabled	24	static
../Core/Src/Drivers/mpu6500.c:1646:6:mpu6500GetI2CBypassEnabled	16	static
../Core/Src/Drivers/mpu6500.c:1662:6:mpu6500SetI2CBypassEnabled	24	static
../Core/Src/Drivers/mpu6500.c:1675:6:mpu6500GetClockOutputEnabled	16	static
../Core/Src/Drivers/mpu6500.c:1689:6:mpu6500SetClockOutputEnabled	24	static
../Core/Src/Drivers/mpu6500.c:1703:9:mpu6500GetIntEnabled	8	static
../Core/Src/Drivers/mpu6500.c:1716:6:mpu6500SetIntEnabled	16	static
../Core/Src/Drivers/mpu6500.c:1726:6:mpu6500GetIntFreefallEnabled	16	static
../Core/Src/Drivers/mpu6500.c:1737:6:mpu6500SetIntFreefallEnabled	24	static
../Core/Src/Drivers/mpu6500.c:1747:6:mpu6500GetIntMotionEnabled	16	static
../Core/Src/Drivers/mpu6500.c:1758:6:mpu6500SetIntMotionEnabled	24	static
../Core/Src/Drivers/mpu6500.c:1768:6:mpu6500GetIntZeroMotionEnabled	16	static
../Core/Src/Drivers/mpu6500.c:1779:6:mpu6500SetIntZeroMotionEnabled	24	static
../Core/Src/Drivers/mpu6500.c:1789:6:mpu6500GetIntFIFOBufferOverflowEnabled	16	static
../Core/Src/Drivers/mpu6500.c:1800:6:mpu6500SetIntFIFOBufferOverflowEnabled	24	static
../Core/Src/Drivers/mpu6500.c:1811:6:mpu6500GetIntI2CMasterEnabled	16	static
../Core/Src/Drivers/mpu6500.c:1822:6:mpu6500SetIntI2CMasterEnabled	24	static
../Core/Src/Drivers/mpu6500.c:1833:6:mpu6500GetIntDataReadyEnabled	16	static
../Core/Src/Drivers/mpu6500.c:1844:6:mpu6500SetIntDataReadyEnabled	24	static
../Core/Src/Drivers/mpu6500.c:1858:9:mpu6500GetIntStatus	8	static
../Core/Src/Drivers/mpu6500.c:1870:6:mpu6500GetIntFreefallStatus	16	static
../Core/Src/Drivers/mpu6500.c:1882:6:mpu6500GetIntMotionStatus	16	static
../Core/Src/Drivers/mpu6500.c:1894:6:mpu6500GetIntZeroMotionStatus	16	static
../Core/Src/Drivers/mpu6500.c:1906:6:mpu6500GetIntFIFOBufferOverflowStatus	16	static
../Core/Src/Drivers/mpu6500.c:1919:6:mpu6500GetIntI2CMasterStatus	16	static
../Core/Src/Drivers/mpu6500.c:1931:6:mpu6500GetIntDataReadyStatus	16	static
../Core/Src/Drivers/mpu6500.c:1955:6:mpu6500GetMotion9	32	static
../Core/Src/Drivers/mpu6500.c:1973:6:mpu6500GetMotion6	32	static
../Core/Src/Drivers/mpu6500.c:2019:6:mpu6500GetAcceleration	32	static
../Core/Src/Drivers/mpu6500.c:2031:9:mpu6500GetAccelerationX	16	static
../Core/Src/Drivers/mpu6500.c:2041:9:mpu6500GetAccelerationY	16	static
../Core/Src/Drivers/mpu6500.c:2051:9:mpu6500GetAccelerationZ	16	static
../Core/Src/Drivers/mpu6500.c:2063:9:mpu6500GetTemperature	16	static
../Core/Src/Drivers/mpu6500.c:2103:6:mpu6500GetRotation	32	static
../Core/Src/Drivers/mpu6500.c:2115:9:mpu6500GetRotationX	16	static
../Core/Src/Drivers/mpu6500.c:2125:9:mpu6500GetRotationY	16	static
../Core/Src/Drivers/mpu6500.c:2135:9:mpu6500GetRotationZ	16	static
../Core/Src/Drivers/mpu6500.c:2217:9:mpu6500GetExternalSensorByte	16	static
../Core/Src/Drivers/mpu6500.c:2227:10:mpu6500GetExternalSensorWord	24	static
../Core/Src/Drivers/mpu6500.c:2237:10:mpu6500GetExternalSensorDWord	24	static
../Core/Src/Drivers/mpu6500.c:2251:6:mpu6500GetXNegMotionDetected	16	static
../Core/Src/Drivers/mpu6500.c:2261:6:mpu6500GetXPosMotionDetected	16	static
../Core/Src/Drivers/mpu6500.c:2271:6:mpu6500GetYNegMotionDetected	16	static
../Core/Src/Drivers/mpu6500.c:2281:6:mpu6500GetYPosMotionDetected	16	static
../Core/Src/Drivers/mpu6500.c:2291:6:mpu6500GetZNegMotionDetected	16	static
../Core/Src/Drivers/mpu6500.c:2301:6:mpu6500GetZPosMotionDetected	16	static
../Core/Src/Drivers/mpu6500.c:2311:6:mpu6500GetZeroMotionDetected	16	static
../Core/Src/Drivers/mpu6500.c:2327:6:mpu6500SetSlaveOutputByte	16	static
../Core/Src/Drivers/mpu6500.c:2344:6:mpu6500GetExternalShadowDelayEnabled	16	static
../Core/Src/Drivers/mpu6500.c:2356:6:mpu6500SetExternalShadowDelayEnabled	24	static
../Core/Src/Drivers/mpu6500.c:2379:6:mpu6500GetSlaveDelayEnabled	24	static
../Core/Src/Drivers/mpu6500.c:2393:6:mpu6500SetSlaveDelayEnabled	24	static
../Core/Src/Drivers/mpu6500.c:2406:6:mpu6500ResetGyroscopePath	16	static
../Core/Src/Drivers/mpu6500.c:2416:6:mpu6500ResetAccelerometerPath	16	static
../Core/Src/Drivers/mpu6500.c:2426:6:mpu6500ResetTemperaturePath	16	static
../Core/Src/Drivers/mpu6500.c:2447:9:mpu6500GetAccelerometerPowerOnDelay	16	static
../Core/Src/Drivers/mpu6500.c:2459:6:mpu6500SetAccelerometerPowerOnDelay	24	static
../Core/Src/Drivers/mpu6500.c:2490:9:mpu6500GetFreefallDetectionCounterDecrement	16	static
../Core/Src/Drivers/mpu6500.c:2502:6:mpu6500SetFreefallDetectionCounterDecrement	24	static
../Core/Src/Drivers/mpu6500.c:2530:9:mpu6500GetMotionDetectionCounterDecrement	16	static
../Core/Src/Drivers/mpu6500.c:2542:6:mpu6500SetMotionDetectionCounterDecrement	24	static
../Core/Src/Drivers/mpu6500.c:2558:6:mpu6500GetFIFOEnabled	16	static
../Core/Src/Drivers/mpu6500.c:2569:6:mpu6500SetFIFOEnabled	24	static
../Core/Src/Drivers/mpu6500.c:2584:6:mpu6500GetI2CMasterModeEnabled	16	static
../Core/Src/Drivers/mpu6500.c:2595:6:mpu6500SetI2CMasterModeEnabled	24	static
../Core/Src/Drivers/mpu6500.c:2603:6:mpu6500SwitchSPIEnabled	24	static
../Core/Src/Drivers/mpu6500.c:2613:6:mpu6500ResetFIFO	16	static
../Core/Src/Drivers/mpu6500.c:2623:6:mpu6500ResetI2CMaster	16	static
../Core/Src/Drivers/mpu6500.c:2639:6:mpu6500ResetSensors	16	static
../Core/Src/Drivers/mpu6500.c:2651:6:mpu6500Reset	16	static
../Core/Src/Drivers/mpu6500.c:2666:6:mpu6500GetSleepEnabled	16	static
../Core/Src/Drivers/mpu6500.c:2677:6:mpu6500SetSleepEnabled	24	static
../Core/Src/Drivers/mpu6500.c:2689:6:mpu6500GetWakeCycleEnabled	16	static
../Core/Src/Drivers/mpu6500.c:2700:6:mpu6500SetWakeCycleEnabled	24	static
../Core/Src/Drivers/mpu6500.c:2715:6:mpu6500GetTempSensorEnabled	16	static
../Core/Src/Drivers/mpu6500.c:2730:6:mpu6500SetTempSensorEnabled	24	static
../Core/Src/Drivers/mpu6500.c:2741:9:mpu6500GetClockSource	16	static
../Core/Src/Drivers/mpu6500.c:2777:6:mpu6500SetClockSource	24	static
../Core/Src/Drivers/mpu6500.c:2808:9:mpu6500GetWakeFrequency	16	static
../Core/Src/Drivers/mpu6500.c:2818:6:mpu6500SetWakeFrequency	24	static
../Core/Src/Drivers/mpu6500.c:2830:6:mpu6500GetStandbyXAccelEnabled	16	static
../Core/Src/Drivers/mpu6500.c:2841:6:mpu6500SetStandbyXAccelEnabled	24	static
../Core/Src/Drivers/mpu6500.c:2851:6:mpu6500GetStandbyYAccelEnabled	16	static
../Core/Src/Drivers/mpu6500.c:2862:6:mpu6500SetStandbyYAccelEnabled	24	static
../Core/Src/Drivers/mpu6500.c:2872:6:mpu6500GetStandbyZAccelEnabled	16	static
../Core/Src/Drivers/mpu6500.c:2883:6:mpu6500SetStandbyZAccelEnabled	24	static
../Core/Src/Drivers/mpu6500.c:2893:6:mpu6500GetStandbyXGyroEnabled	16	static
../Core/Src/Drivers/mpu6500.c:2904:6:mpu6500SetStandbyXGyroEnabled	24	static
../Core/Src/Drivers/mpu6500.c:2914:6:mpu6500GetStandbyYGyroEnabled	16	static
../Core/Src/Drivers/mpu6500.c:2925:6:mpu6500SetStandbyYGyroEnabled	24	static
../Core/Src/Drivers/mpu6500.c:2935:6:mpu6500GetStandbyZGyroEnabled	16	static
../Core/Src/Drivers/mpu6500.c:2946:6:mpu6500SetStandbyZGyroEnabled	24	static
../Core/Src/Drivers/mpu6500.c:2960:10:mpu6500GetFIFOCount	16	static
../Core/Src/Drivers/mpu6500.c:2993:9:mpu6500GetFIFOByte	8	static
../Core/Src/Drivers/mpu6500.c:2998:6:mpu6500GetFIFOBytes	24	static
../Core/Src/Drivers/mpu6500.c:3006:6:mpu6500SetFIFOByte	16	static
../Core/Src/Drivers/mpu6500.c:3020:9:mpu6500GetDeviceID	16	static
../Core/Src/Drivers/mpu6500.c:3035:6:mpu6500SetDeviceID	24	static
../Core/Src/Drivers/mpu6500.c:3047:6:mpu6500GetIntPLLReadyEnabled	16	static
../Core/Src/Drivers/mpu6500.c:3052:6:mpu6500SetIntPLLReadyEnabled	24	static
../Core/Src/Drivers/mpu6500.c:3056:6:mpu6500GetIntDMPEnabled	16	static
../Core/Src/Drivers/mpu6500.c:3061:6:mpu6500SetIntDMPEnabled	24	static
../Core/Src/Drivers/mpu6500.c:3068:6:mpu6500GetDMPInt5Status	16	static
../Core/Src/Drivers/mpu6500.c:3073:6:mpu6500GetDMPInt4Status	16	static
../Core/Src/Drivers/mpu6500.c:3078:6:mpu6500GetDMPInt3Status	16	static
../Core/Src/Drivers/mpu6500.c:3083:6:mpu6500GetDMPInt2Status	16	static
../Core/Src/Drivers/mpu6500.c:3088:6:mpu6500GetDMPInt1Status	16	static
../Core/Src/Drivers/mpu6500.c:3093:6:mpu6500GetDMPInt0Status	16	static
../Core/Src/Drivers/mpu6500.c:3101:6:mpu6500GetIntPLLReadyStatus	16	static
../Core/Src/Drivers/mpu6500.c:3106:6:mpu6500GetIntDMPStatus	16	static
../Core/Src/Drivers/mpu6500.c:3114:6:mpu6500GetDMPEnabled	16	static
../Core/Src/Drivers/mpu6500.c:3119:6:mpu6500SetDMPEnabled	24	static
../Core/Src/Drivers/mpu6500.c:3123:6:mpu6500ResetDMP	16	static
../Core/Src/Drivers/mpu6500.c:3130:6:mpu6500SetMemoryBank	16	static
../Core/Src/Drivers/mpu6500.c:3142:6:mpu6500SetMemoryStartAddress	16	static
../Core/Src/Drivers/mpu6500.c:3149:9:mpu6500ReadMemoryByte	8	static
../Core/Src/Drivers/mpu6500.c:3154:6:mpu6500WriteMemoryByte	16	static
../Core/Src/Drivers/mpu6500.c:3158:6:mpu6500ReadMemoryBlock	40	static
../Core/Src/Drivers/mpu6500.c:3197:6:mpu6500WriteMemoryBlock	40	static
../Core/Src/Drivers/mpu6500.c:3277:6:mpu6500WriteProgMemoryBlock	24	static
../Core/Src/Drivers/mpu6500.c:3283:6:mpu6500WriteDMPConfigurationSet	40	static
../Core/Src/Drivers/mpu6500.c:3348:6:mpu6500WriteProgDMPConfigurationSet	16	static
../Core/Src/Drivers/mpu6500.c:3355:9:mpu6500GetDMPConfig1	8	static
../Core/Src/Drivers/mpu6500.c:3360:6:mpu6500SetDMPConfig1	16	static
../Core/Src/Drivers/mpu6500.c:3367:9:mpu6500GetDMPConfig2	8	static
../Core/Src/Drivers/mpu6500.c:3372:6:mpu6500SetDMPConfig2	16	static
