../Core/Src/Drivers/mpu6500.c:87:6:mpu6500Init	16	static
../Core/Src/Drivers/mpu6500.c:98:6:mpu6500Test	16	static
../Core/Src/Drivers/mpu6500.c:114:6:mpu6500TestConnection	8	static
../Core/Src/Drivers/mpu6500.c:122:6:mpu6500SelfTest	184	static
../Core/Src/Drivers/mpu6500.c:259:6:mpu6500EvaluateSelfTest	64	static
../Core/Src/Drivers/mpu6500.c:293:9:mpu6500GetRate	8	static
../Core/Src/Drivers/mpu6500.c:303:6:mpu6500SetRate	16	static
../Core/Src/Drivers/mpu6500.c:337:9:mpu6500GetExternalFrameSync	16	static
../Core/Src/Drivers/mpu6500.c:348:6:mpu6500SetExternalFrameSync	24	static
../Core/Src/Drivers/mpu6500.c:381:9:mpu6500GetDLPFMode	16	static
../Core/Src/Drivers/mpu6500.c:395:6:mpu6500SetDLPFMode	24	static
../Core/Src/Drivers/mpu6500.c:420:9:mpu6500GetFullScaleGyroRangeId	16	static
../Core/Src/Drivers/mpu6500.c:435:7:mpu6500GetFullScaleGyroDPL	16	static
../Core/Src/Drivers/mpu6500.c:471:6:mpu6500SetFullScaleGyroRange	24	static
../Core/Src/Drivers/mpu6500.c:477:6:mpu6500SetGyroXSelfTest	24	static
../Core/Src/Drivers/mpu6500.c:482:6:mpu6500SetGyroYSelfTest	24	static
../Core/Src/Drivers/mpu6500.c:487:6:mpu6500SetGyroZSelfTest	24	static
../Core/Src/Drivers/mpu6500.c:498:6:mpu6500GetAccelXSelfTest	16	static
../Core/Src/Drivers/mpu6500.c:507:6:mpu6500SetAccelXSelfTest	24	static
../Core/Src/Drivers/mpu6500.c:515:6:mpu6500GetAccelYSelfTest	16	static
../Core/Src/Drivers/mpu6500.c:524:6:mpu6500SetAccelYSelfTest	24	static
../Core/Src/Drivers/mpu6500.c:532:6:mpu6500GetAccelZSelfTest	16	static
../Core/Src/Drivers/mpu6500.c:541:6:mpu6500SetAccelZSelfTest	24	static
../Core/Src/Drivers/mpu6500.c:562:9:mpu6500GetFullScaleAccelRangeId	16	static
../Core/Src/Drivers/mpu6500.c:577:7:mpu6500GetFullScaleAccelGPL	16	static
../Core/Src/Drivers/mpu6500.c:609:6:mpu6500SetFullScaleAccelRange	24	static
../Core/Src/Drivers/mpu6500.c:625:6:mpu6500SetAccelDLPF	24	static
../Core/Src/Drivers/mpu6500.c:666:9:mpu6500GetDHPFMode	16	static
../Core/Src/Drivers/mpu6500.c:678:6:mpu6500SetDHPFMode	24	static
../Core/Src/Drivers/mpu6500.c:692:6:mpu6500GetTempFIFOEnabled	16	static
../Core/Src/Drivers/mpu6500.c:702:6:mpu6500SetTempFIFOEnabled	24	static
../Core/Src/Drivers/mpu6500.c:712:6:mpu6500GetXGyroFIFOEnabled	16	static
../Core/Src/Drivers/mpu6500.c:722:6:mpu6500SetXGyroFIFOEnabled	24	static
../Core/Src/Drivers/mpu6500.c:732:6:mpu6500GetYGyroFIFOEnabled	16	static
../Core/Src/Drivers/mpu6500.c:742:6:mpu6500SetYGyroFIFOEnabled	24	static
../Core/Src/Drivers/mpu6500.c:752:6:mpu6500GetZGyroFIFOEnabled	16	static
../Core/Src/Drivers/mpu6500.c:762:6:mpu6500SetZGyroFIFOEnabled	24	static
../Core/Src/Drivers/mpu6500.c:773:6:mpu6500GetAccelFIFOEnabled	16	static
../Core/Src/Drivers/mpu6500.c:783:6:mpu6500SetAccelFIFOEnabled	24	static
../Core/Src/Drivers/mpu6500.c:793:6:mpu6500GetSlave2FIFOEnabled	16	static
../Core/Src/Drivers/mpu6500.c:803:6:mpu6500SetSlave2FIFOEnabled	24	static
../Core/Src/Drivers/mpu6500.c:813:6:mpu6500GetSlave1FIFOEnabled	16	static
../Core/Src/Drivers/mpu6500.c:823:6:mpu6500SetSlave1FIFOEnabled	24	static
../Core/Src/Drivers/mpu6500.c:833:6:mpu6500GetSlave0FIFOEnabled	16	static
../Core/Src/Drivers/mpu6500.c:843:6:mpu6500SetSlave0FIFOEnabled	24	static
../Core/Src/Drivers/mpu6500.c:865:6:mpu6500GetMultiMasterEnabled	16	static
../Core/Src/Drivers/mpu6500.c:875:6:mpu6500SetMultiMasterEnabled	24	static
../Core/Src/Drivers/mpu6500.c:890:6:mpu6500GetWaitForExternalSensorEnabled	16	static
../Core/Src/Drivers/mpu6500.c:900:6:mpu6500SetWaitForExternalSensorEnabled	24	static
../Core/Src/Drivers/mpu6500.c:910:6:mpu6500GetSlave3FIFOEnabled	16	static
../Core/Src/Drivers/mpu6500.c:920:6:mpu6500SetSlave3FIFOEnabled	24	static
../Core/Src/Drivers/mpu6500.c:934:6:mpu6500GetSlaveReadWriteTransitionEnabled	16	static
../Core/Src/Drivers/mpu6500.c:944:6:mpu6500SetSlaveReadWriteTransitionEnabled	24	static
../Core/Src/Drivers/mpu6500.c:977:9:mpu6500GetMasterClockSpeed	16	static
../Core/Src/Drivers/mpu6500.c:987:6:mpu6500SetMasterClockSpeed	24	static
../Core/Src/Drivers/mpu6500.c:1036:9:mpu6500GetSlaveAddress	16	static
../Core/Src/Drivers/mpu6500.c:1049:6:mpu6500SetSlaveAddress	16	static
../Core/Src/Drivers/mpu6500.c:1066:9:mpu6500GetSlaveRegister	16	static
../Core/Src/Drivers/mpu6500.c:1079:6:mpu6500SetSlaveRegister	16	static
../Core/Src/Drivers/mpu6500.c:1092:6:mpu6500GetSlaveEnabled	24	static
../Core/Src/Drivers/mpu6500.c:1105:6:mpu6500SetSlaveEnabled	24	static
../Core/Src/Drivers/mpu6500.c:1123:6:mpu6500GetSlaveWordByteSwap	24	static
../Core/Src/Drivers/mpu6500.c:1137:6:mpu6500SetSlaveWordByteSwap	24	static
../Core/Src/Drivers/mpu6500.c:1154:6:mpu6500GetSlaveWriteMode	24	static
../Core/Src/Drivers/mpu6500.c:1168:6:mpu6500SetSlaveWriteMode	24	static
../Core/Src/Drivers/mpu6500.c:1186:6:mpu6500GetSlaveWordGroupOffset	24	static
../Core/Src/Drivers/mpu6500.c:1199:6:mpu6500SetSlaveWordGroupOffset	24	static
../Core/Src/Drivers/mpu6500.c:1213:9:mpu6500GetSlaveDataLength	24	static
../Core/Src/Drivers/mpu6500.c:1227:6:mpu6500SetSlaveDataLength	24	static
../Core/Src/Drivers/mpu6500.c:1246:9:mpu6500GetSlave4Address	8	static
../Core/Src/Drivers/mpu6500.c:1256:6:mpu6500SetSlave4Address	16	static
../Core/Src/Drivers/mpu6500.c:1267:9:mpu6500GetSlave4Register	8	static
../Core/Src/Drivers/mpu6500.c:1277:6:mpu6500SetSlave4Register	16	static
../Core/Src/Drivers/mpu6500.c:1287:6:mpu6500SetSlave4OutputByte	16	static
../Core/Src/Drivers/mpu6500.c:1297:6:mpu6500GetSlave4Enabled	16	static
../Core/Src/Drivers/mpu6500.c:1307:6:mpu6500SetSlave4Enabled	24	static
../Core/Src/Drivers/mpu6500.c:1320:6:mpu6500GetSlave4InterruptEnabled	16	static
../Core/Src/Drivers/mpu6500.c:1330:6:mpu6500SetSlave4InterruptEnabled	24	static
../Core/Src/Drivers/mpu6500.c:1343:6:mpu6500GetSlave4WriteMode	16	static
../Core/Src/Drivers/mpu6500.c:1353:6:mpu6500SetSlave4WriteMode	24	static
../Core/Src/Drivers/mpu6500.c:1372:9:mpu6500GetSlave4MasterDelay	16	static
../Core/Src/Drivers/mpu6500.c:1383:6:mpu6500SetSlave4MasterDelay	24	static
../Core/Src/Drivers/mpu6500.c:1394:9:mpu6500GetSlate4InputByte	8	static
../Core/Src/Drivers/mpu6500.c:1411:6:mpu6500GetPassthroughStatus	16	static
../Core/Src/Drivers/mpu6500.c:1424:6:mpu6500GetSlave4IsDone	16	static
../Core/Src/Drivers/mpu6500.c:1436:6:mpu6500GetLostArbitration	16	static
../Core/Src/Drivers/mpu6500.c:1448:6:mpu6500GetSlave4Nack	16	static
../Core/Src/Drivers/mpu6500.c:1460:6:mpu6500GetSlave3Nack	16	static
../Core/Src/Drivers/mpu6500.c:1472:6:mpu6500GetSlave2Nack	16	static
../Core/Src/Drivers/mpu6500.c:1484:6:mpu6500GetSlave1Nack	16	static
../Core/Src/Drivers/mpu6500.c:1496:6:mpu6500GetSlave0Nack	16	static
../Core/Src/Drivers/mpu6500.c:1510:6:mpu6500GetInterruptMode	16	static
../Core/Src/Drivers/mpu6500.c:1521:6:mpu6500SetInterruptMode	24	static
../Core/Src/Drivers/mpu6500.c:1531:6:mpu6500GetInterruptDrive	16	static
../Core/Src/Drivers/mpu6500.c:1542:6:mpu6500SetInterruptDrive	24	static
../Core/Src/Drivers/mpu6500.c:1552:6:mpu6500GetInterruptLatch	16	static
../Core/Src/Drivers/mpu6500.c:1563:6:mpu6500SetInterruptLatch	24	static
../Core/Src/Drivers/mpu6500.c:1573:6:mpu6500GetInterruptLatchClear	16	static
../Core/Src/Drivers/mpu6500.c:1584:6:mpu6500SetInterruptLatchClear	24	static
../Core/Src/Drivers/mpu6500.c:1594:6:mpu6500GetFSyncInterruptLevel	16	static
../Core/Src/Drivers/mpu6500.c:1605:6:mpu6500SetFSyncInterruptLevel	24	static
../Core/Src/Drivers/mpu6500.c:1615:6:mpu6500GetFSyncInterruptEnabled	16	static
../Core/Src/Drivers/mpu6500.c:1626:6:mpu6500SetFSyncInterruptEnabled	24	static
../Core/Src/Drivers/mpu6500.c:1641:6:mpu6500GetI2CBypassEnabled	16	static
../Core/Src/Drivers/mpu6500.c:1657:6:mpu6500SetI2CBypassEnabled	24	static
../Core/Src/Drivers/mpu6500.c:1670:6:mpu6500GetClockOutputEnabled	16	static
../Core/Src/Drivers/mpu6500.c:1684:6:mpu6500SetClockOutputEnabled	24	static
../Core/Src/Drivers/mpu6500.c:1698:9:mpu6500GetIntEnabled	8	static
../Core/Src/Drivers/mpu6500.c:1711:6:mpu6500SetIntEnabled	16	static
../Core/Src/Drivers/mpu6500.c:1721:6:mpu6500GetIntFreefallEnabled	16	static
../Core/Src/Drivers/mpu6500.c:1732:6:mpu6500SetIntFreefallEnabled	24	static
../Core/Src/Drivers/mpu6500.c:1742:6:mpu6500GetIntMotionEnabled	16	static
../Core/Src/Drivers/mpu6500.c:1753:6:mpu6500SetIntMotionEnabled	24	static
../Core/Src/Drivers/mpu6500.c:1763:6:mpu6500GetIntZeroMotionEnabled	16	static
../Core/Src/Drivers/mpu6500.c:1774:6:mpu6500SetIntZeroMotionEnabled	24	static
../Core/Src/Drivers/mpu6500.c:1784:6:mpu6500GetIntFIFOBufferOverflowEnabled	16	static
../Core/Src/Drivers/mpu6500.c:1795:6:mpu6500SetIntFIFOBufferOverflowEnabled	24	static
../Core/Src/Drivers/mpu6500.c:1806:6:mpu6500GetIntI2CMasterEnabled	16	static
../Core/Src/Drivers/mpu6500.c:1817:6:mpu6500SetIntI2CMasterEnabled	24	static
../Core/Src/Drivers/mpu6500.c:1828:6:mpu6500GetIntDataReadyEnabled	16	static
../Core/Src/Drivers/mpu6500.c:1839:6:mpu6500SetIntDataReadyEnabled	24	static
../Core/Src/Drivers/mpu6500.c:1853:9:mpu6500GetIntStatus	8	static
../Core/Src/Drivers/mpu6500.c:1865:6:mpu6500GetIntFreefallStatus	16	static
../Core/Src/Drivers/mpu6500.c:1877:6:mpu6500GetIntMotionStatus	16	static
../Core/Src/Drivers/mpu6500.c:1889:6:mpu6500GetIntZeroMotionStatus	16	static
../Core/Src/Drivers/mpu6500.c:1901:6:mpu6500GetIntFIFOBufferOverflowStatus	16	static
../Core/Src/Drivers/mpu6500.c:1914:6:mpu6500GetIntI2CMasterStatus	16	static
../Core/Src/Drivers/mpu6500.c:1926:6:mpu6500GetIntDataReadyStatus	16	static
../Core/Src/Drivers/mpu6500.c:1950:6:mpu6500GetMotion9	32	static
../Core/Src/Drivers/mpu6500.c:1968:6:mpu6500GetMotion6	32	static
../Core/Src/Drivers/mpu6500.c:2014:6:mpu6500GetAcceleration	32	static
../Core/Src/Drivers/mpu6500.c:2026:9:mpu6500GetAccelerationX	16	static
../Core/Src/Drivers/mpu6500.c:2036:9:mpu6500GetAccelerationY	16	static
../Core/Src/Drivers/mpu6500.c:2046:9:mpu6500GetAccelerationZ	16	static
../Core/Src/Drivers/mpu6500.c:2058:9:mpu6500GetTemperature	16	static
../Core/Src/Drivers/mpu6500.c:2098:6:mpu6500GetRotation	32	static
../Core/Src/Drivers/mpu6500.c:2110:9:mpu6500GetRotationX	16	static
../Core/Src/Drivers/mpu6500.c:2120:9:mpu6500GetRotationY	16	static
../Core/Src/Drivers/mpu6500.c:2130:9:mpu6500GetRotationZ	16	static
../Core/Src/Drivers/mpu6500.c:2212:9:mpu6500GetExternalSensorByte	16	static
../Core/Src/Drivers/mpu6500.c:2222:10:mpu6500GetExternalSensorWord	24	static
../Core/Src/Drivers/mpu6500.c:2232:10:mpu6500GetExternalSensorDWord	24	static
../Core/Src/Drivers/mpu6500.c:2246:6:mpu6500GetXNegMotionDetected	16	static
../Core/Src/Drivers/mpu6500.c:2256:6:mpu6500GetXPosMotionDetected	16	static
../Core/Src/Drivers/mpu6500.c:2266:6:mpu6500GetYNegMotionDetected	16	static
../Core/Src/Drivers/mpu6500.c:2276:6:mpu6500GetYPosMotionDetected	16	static
../Core/Src/Drivers/mpu6500.c:2286:6:mpu6500GetZNegMotionDetected	16	static
../Core/Src/Drivers/mpu6500.c:2296:6:mpu6500GetZPosMotionDetected	16	static
../Core/Src/Drivers/mpu6500.c:2306:6:mpu6500GetZeroMotionDetected	16	static
../Core/Src/Drivers/mpu6500.c:2322:6:mpu6500SetSlaveOutputByte	16	static
../Core/Src/Drivers/mpu6500.c:2339:6:mpu6500GetExternalShadowDelayEnabled	16	static
../Core/Src/Drivers/mpu6500.c:2351:6:mpu6500SetExternalShadowDelayEnabled	24	static
../Core/Src/Drivers/mpu6500.c:2374:6:mpu6500GetSlaveDelayEnabled	24	static
../Core/Src/Drivers/mpu6500.c:2388:6:mpu6500SetSlaveDelayEnabled	24	static
../Core/Src/Drivers/mpu6500.c:2401:6:mpu6500ResetGyroscopePath	16	static
../Core/Src/Drivers/mpu6500.c:2411:6:mpu6500ResetAccelerometerPath	16	static
../Core/Src/Drivers/mpu6500.c:2421:6:mpu6500ResetTemperaturePath	16	static
../Core/Src/Drivers/mpu6500.c:2442:9:mpu6500GetAccelerometerPowerOnDelay	16	static
../Core/Src/Drivers/mpu6500.c:2454:6:mpu6500SetAccelerometerPowerOnDelay	24	static
../Core/Src/Drivers/mpu6500.c:2485:9:mpu6500GetFreefallDetectionCounterDecrement	16	static
../Core/Src/Drivers/mpu6500.c:2497:6:mpu6500SetFreefallDetectionCounterDecrement	24	static
../Core/Src/Drivers/mpu6500.c:2525:9:mpu6500GetMotionDetectionCounterDecrement	16	static
../Core/Src/Drivers/mpu6500.c:2537:6:mpu6500SetMotionDetectionCounterDecrement	24	static
../Core/Src/Drivers/mpu6500.c:2553:6:mpu6500GetFIFOEnabled	16	static
../Core/Src/Drivers/mpu6500.c:2564:6:mpu6500SetFIFOEnabled	24	static
../Core/Src/Drivers/mpu6500.c:2579:6:mpu6500GetI2CMasterModeEnabled	16	static
../Core/Src/Drivers/mpu6500.c:2590:6:mpu6500SetI2CMasterModeEnabled	24	static
../Core/Src/Drivers/mpu6500.c:2598:6:mpu6500SwitchSPIEnabled	24	static
../Core/Src/Drivers/mpu6500.c:2608:6:mpu6500ResetFIFO	16	static
../Core/Src/Drivers/mpu6500.c:2618:6:mpu6500ResetI2CMaster	16	static
../Core/Src/Drivers/mpu6500.c:2634:6:mpu6500ResetSensors	16	static
../Core/Src/Drivers/mpu6500.c:2646:6:mpu6500Reset	16	static
../Core/Src/Drivers/mpu6500.c:2661:6:mpu6500GetSleepEnabled	16	static
../Core/Src/Drivers/mpu6500.c:2672:6:mpu6500SetSleepEnabled	24	static
../Core/Src/Drivers/mpu6500.c:2684:6:mpu6500GetWakeCycleEnabled	16	static
../Core/Src/Drivers/mpu6500.c:2695:6:mpu6500SetWakeCycleEnabled	24	static
../Core/Src/Drivers/mpu6500.c:2710:6:mpu6500GetTempSensorEnabled	16	static
../Core/Src/Drivers/mpu6500.c:2725:6:mpu6500SetTempSensorEnabled	24	static
../Core/Src/Drivers/mpu6500.c:2736:9:mpu6500GetClockSource	16	static
../Core/Src/Drivers/mpu6500.c:2772:6:mpu6500SetClockSource	24	static
../Core/Src/Drivers/mpu6500.c:2803:9:mpu6500GetWakeFrequency	16	static
../Core/Src/Drivers/mpu6500.c:2813:6:mpu6500SetWakeFrequency	24	static
../Core/Src/Drivers/mpu6500.c:2825:6:mpu6500GetStandbyXAccelEnabled	16	static
../Core/Src/Drivers/mpu6500.c:2836:6:mpu6500SetStandbyXAccelEnabled	24	static
../Core/Src/Drivers/mpu6500.c:2846:6:mpu6500GetStandbyYAccelEnabled	16	static
../Core/Src/Drivers/mpu6500.c:2857:6:mpu6500SetStandbyYAccelEnabled	24	static
../Core/Src/Drivers/mpu6500.c:2867:6:mpu6500GetStandbyZAccelEnabled	16	static
../Core/Src/Drivers/mpu6500.c:2878:6:mpu6500SetStandbyZAccelEnabled	24	static
../Core/Src/Drivers/mpu6500.c:2888:6:mpu6500GetStandbyXGyroEnabled	16	static
../Core/Src/Drivers/mpu6500.c:2899:6:mpu6500SetStandbyXGyroEnabled	24	static
../Core/Src/Drivers/mpu6500.c:2909:6:mpu6500GetStandbyYGyroEnabled	16	static
../Core/Src/Drivers/mpu6500.c:2920:6:mpu6500SetStandbyYGyroEnabled	24	static
../Core/Src/Drivers/mpu6500.c:2930:6:mpu6500GetStandbyZGyroEnabled	16	static
../Core/Src/Drivers/mpu6500.c:2941:6:mpu6500SetStandbyZGyroEnabled	24	static
../Core/Src/Drivers/mpu6500.c:2955:10:mpu6500GetFIFOCount	16	static
../Core/Src/Drivers/mpu6500.c:2988:9:mpu6500GetFIFOByte	8	static
../Core/Src/Drivers/mpu6500.c:2993:6:mpu6500GetFIFOBytes	24	static
../Core/Src/Drivers/mpu6500.c:3001:6:mpu6500SetFIFOByte	16	static
../Core/Src/Drivers/mpu6500.c:3015:9:mpu6500GetDeviceID	16	static
../Core/Src/Drivers/mpu6500.c:3030:6:mpu6500SetDeviceID	24	static
../Core/Src/Drivers/mpu6500.c:3042:6:mpu6500GetIntPLLReadyEnabled	16	static
../Core/Src/Drivers/mpu6500.c:3047:6:mpu6500SetIntPLLReadyEnabled	24	static
../Core/Src/Drivers/mpu6500.c:3051:6:mpu6500GetIntDMPEnabled	16	static
../Core/Src/Drivers/mpu6500.c:3056:6:mpu6500SetIntDMPEnabled	24	static
../Core/Src/Drivers/mpu6500.c:3063:6:mpu6500GetDMPInt5Status	16	static
../Core/Src/Drivers/mpu6500.c:3068:6:mpu6500GetDMPInt4Status	16	static
../Core/Src/Drivers/mpu6500.c:3073:6:mpu6500GetDMPInt3Status	16	static
../Core/Src/Drivers/mpu6500.c:3078:6:mpu6500GetDMPInt2Status	16	static
../Core/Src/Drivers/mpu6500.c:3083:6:mpu6500GetDMPInt1Status	16	static
../Core/Src/Drivers/mpu6500.c:3088:6:mpu6500GetDMPInt0Status	16	static
../Core/Src/Drivers/mpu6500.c:3096:6:mpu6500GetIntPLLReadyStatus	16	static
../Core/Src/Drivers/mpu6500.c:3101:6:mpu6500GetIntDMPStatus	16	static
../Core/Src/Drivers/mpu6500.c:3109:6:mpu6500GetDMPEnabled	16	static
../Core/Src/Drivers/mpu6500.c:3114:6:mpu6500SetDMPEnabled	24	static
../Core/Src/Drivers/mpu6500.c:3118:6:mpu6500ResetDMP	16	static
../Core/Src/Drivers/mpu6500.c:3125:6:mpu6500SetMemoryBank	16	static
../Core/Src/Drivers/mpu6500.c:3137:6:mpu6500SetMemoryStartAddress	16	static
../Core/Src/Drivers/mpu6500.c:3144:9:mpu6500ReadMemoryByte	8	static
../Core/Src/Drivers/mpu6500.c:3149:6:mpu6500WriteMemoryByte	16	static
../Core/Src/Drivers/mpu6500.c:3153:6:mpu6500ReadMemoryBlock	40	static
../Core/Src/Drivers/mpu6500.c:3192:6:mpu6500WriteMemoryBlock	40	static
../Core/Src/Drivers/mpu6500.c:3272:6:mpu6500WriteProgMemoryBlock	24	static
../Core/Src/Drivers/mpu6500.c:3278:6:mpu6500WriteDMPConfigurationSet	40	static
../Core/Src/Drivers/mpu6500.c:3343:6:mpu6500WriteProgDMPConfigurationSet	16	static
../Core/Src/Drivers/mpu6500.c:3350:9:mpu6500GetDMPConfig1	8	static
../Core/Src/Drivers/mpu6500.c:3355:6:mpu6500SetDMPConfig1	16	static
../Core/Src/Drivers/mpu6500.c:3362:9:mpu6500GetDMPConfig2	8	static
../Core/Src/Drivers/mpu6500.c:3367:6:mpu6500SetDMPConfig2	16	static
