../Core/Src/Drivers/mpu6500.c:87:6:mpu6500Init	16	static
../Core/Src/Drivers/mpu6500.c:98:6:mpu6500Test	16	static
../Core/Src/Drivers/mpu6500.c:114:6:mpu6500TestConnection	8	static
../Core/Src/Drivers/mpu6500.c:122:6:mpu6500SelfTest	144	static
../Core/Src/Drivers/mpu6500.c:256:6:mpu6500EvaluateSelfTest	64	static
../Core/Src/Drivers/mpu6500.c:290:9:mpu6500GetRate	8	static
../Core/Src/Drivers/mpu6500.c:300:6:mpu6500SetRate	16	static
../Core/Src/Drivers/mpu6500.c:334:9:mpu6500GetExternalFrameSync	16	static
../Core/Src/Drivers/mpu6500.c:345:6:mpu6500SetExternalFrameSync	24	static
../Core/Src/Drivers/mpu6500.c:378:9:mpu6500GetDLPFMode	16	static
../Core/Src/Drivers/mpu6500.c:392:6:mpu6500SetDLPFMode	24	static
../Core/Src/Drivers/mpu6500.c:417:9:mpu6500GetFullScaleGyroRangeId	16	static
../Core/Src/Drivers/mpu6500.c:432:7:mpu6500GetFullScaleGyroDPL	16	static
../Core/Src/Drivers/mpu6500.c:468:6:mpu6500SetFullScaleGyroRange	24	static
../Core/Src/Drivers/mpu6500.c:474:6:mpu6500SetGyroXSelfTest	24	static
../Core/Src/Drivers/mpu6500.c:479:6:mpu6500SetGyroYSelfTest	24	static
../Core/Src/Drivers/mpu6500.c:484:6:mpu6500SetGyroZSelfTest	24	static
../Core/Src/Drivers/mpu6500.c:495:6:mpu6500GetAccelXSelfTest	16	static
../Core/Src/Drivers/mpu6500.c:504:6:mpu6500SetAccelXSelfTest	24	static
../Core/Src/Drivers/mpu6500.c:512:6:mpu6500GetAccelYSelfTest	16	static
../Core/Src/Drivers/mpu6500.c:521:6:mpu6500SetAccelYSelfTest	24	static
../Core/Src/Drivers/mpu6500.c:529:6:mpu6500GetAccelZSelfTest	16	static
../Core/Src/Drivers/mpu6500.c:538:6:mpu6500SetAccelZSelfTest	24	static
../Core/Src/Drivers/mpu6500.c:559:9:mpu6500GetFullScaleAccelRangeId	16	static
../Core/Src/Drivers/mpu6500.c:574:7:mpu6500GetFullScaleAccelGPL	16	static
../Core/Src/Drivers/mpu6500.c:606:6:mpu6500SetFullScaleAccelRange	24	static
../Core/Src/Drivers/mpu6500.c:622:6:mpu6500SetAccelDLPF	24	static
../Core/Src/Drivers/mpu6500.c:663:9:mpu6500GetDHPFMode	16	static
../Core/Src/Drivers/mpu6500.c:675:6:mpu6500SetDHPFMode	24	static
../Core/Src/Drivers/mpu6500.c:689:6:mpu6500GetTempFIFOEnabled	16	static
../Core/Src/Drivers/mpu6500.c:699:6:mpu6500SetTempFIFOEnabled	24	static
../Core/Src/Drivers/mpu6500.c:709:6:mpu6500GetXGyroFIFOEnabled	16	static
../Core/Src/Drivers/mpu6500.c:719:6:mpu6500SetXGyroFIFOEnabled	24	static
../Core/Src/Drivers/mpu6500.c:729:6:mpu6500GetYGyroFIFOEnabled	16	static
../Core/Src/Drivers/mpu6500.c:739:6:mpu6500SetYGyroFIFOEnabled	24	static
../Core/Src/Drivers/mpu6500.c:749:6:mpu6500GetZGyroFIFOEnabled	16	static
../Core/Src/Drivers/mpu6500.c:759:6:mpu6500SetZGyroFIFOEnabled	24	static
../Core/Src/Drivers/mpu6500.c:770:6:mpu6500GetAccelFIFOEnabled	16	static
../Core/Src/Drivers/mpu6500.c:780:6:mpu6500SetAccelFIFOEnabled	24	static
../Core/Src/Drivers/mpu6500.c:790:6:mpu6500GetSlave2FIFOEnabled	16	static
../Core/Src/Drivers/mpu6500.c:800:6:mpu6500SetSlave2FIFOEnabled	24	static
../Core/Src/Drivers/mpu6500.c:810:6:mpu6500GetSlave1FIFOEnabled	16	static
../Core/Src/Drivers/mpu6500.c:820:6:mpu6500SetSlave1FIFOEnabled	24	static
../Core/Src/Drivers/mpu6500.c:830:6:mpu6500GetSlave0FIFOEnabled	16	static
../Core/Src/Drivers/mpu6500.c:840:6:mpu6500SetSlave0FIFOEnabled	24	static
../Core/Src/Drivers/mpu6500.c:862:6:mpu6500GetMultiMasterEnabled	16	static
../Core/Src/Drivers/mpu6500.c:872:6:mpu6500SetMultiMasterEnabled	24	static
../Core/Src/Drivers/mpu6500.c:887:6:mpu6500GetWaitForExternalSensorEnabled	16	static
../Core/Src/Drivers/mpu6500.c:897:6:mpu6500SetWaitForExternalSensorEnabled	24	static
../Core/Src/Drivers/mpu6500.c:907:6:mpu6500GetSlave3FIFOEnabled	16	static
../Core/Src/Drivers/mpu6500.c:917:6:mpu6500SetSlave3FIFOEnabled	24	static
../Core/Src/Drivers/mpu6500.c:931:6:mpu6500GetSlaveReadWriteTransitionEnabled	16	static
../Core/Src/Drivers/mpu6500.c:941:6:mpu6500SetSlaveReadWriteTransitionEnabled	24	static
../Core/Src/Drivers/mpu6500.c:974:9:mpu6500GetMasterClockSpeed	16	static
../Core/Src/Drivers/mpu6500.c:984:6:mpu6500SetMasterClockSpeed	24	static
../Core/Src/Drivers/mpu6500.c:1033:9:mpu6500GetSlaveAddress	16	static
../Core/Src/Drivers/mpu6500.c:1046:6:mpu6500SetSlaveAddress	16	static
../Core/Src/Drivers/mpu6500.c:1063:9:mpu6500GetSlaveRegister	16	static
../Core/Src/Drivers/mpu6500.c:1076:6:mpu6500SetSlaveRegister	16	static
../Core/Src/Drivers/mpu6500.c:1089:6:mpu6500GetSlaveEnabled	24	static
../Core/Src/Drivers/mpu6500.c:1102:6:mpu6500SetSlaveEnabled	24	static
../Core/Src/Drivers/mpu6500.c:1120:6:mpu6500GetSlaveWordByteSwap	24	static
../Core/Src/Drivers/mpu6500.c:1134:6:mpu6500SetSlaveWordByteSwap	24	static
../Core/Src/Drivers/mpu6500.c:1151:6:mpu6500GetSlaveWriteMode	24	static
../Core/Src/Drivers/mpu6500.c:1165:6:mpu6500SetSlaveWriteMode	24	static
../Core/Src/Drivers/mpu6500.c:1183:6:mpu6500GetSlaveWordGroupOffset	24	static
../Core/Src/Drivers/mpu6500.c:1196:6:mpu6500SetSlaveWordGroupOffset	24	static
../Core/Src/Drivers/mpu6500.c:1210:9:mpu6500GetSlaveDataLength	24	static
../Core/Src/Drivers/mpu6500.c:1224:6:mpu6500SetSlaveDataLength	24	static
../Core/Src/Drivers/mpu6500.c:1243:9:mpu6500GetSlave4Address	8	static
../Core/Src/Drivers/mpu6500.c:1253:6:mpu6500SetSlave4Address	16	static
../Core/Src/Drivers/mpu6500.c:1264:9:mpu6500GetSlave4Register	8	static
../Core/Src/Drivers/mpu6500.c:1274:6:mpu6500SetSlave4Register	16	static
../Core/Src/Drivers/mpu6500.c:1284:6:mpu6500SetSlave4OutputByte	16	static
../Core/Src/Drivers/mpu6500.c:1294:6:mpu6500GetSlave4Enabled	16	static
../Core/Src/Drivers/mpu6500.c:1304:6:mpu6500SetSlave4Enabled	24	static
../Core/Src/Drivers/mpu6500.c:1317:6:mpu6500GetSlave4InterruptEnabled	16	static
../Core/Src/Drivers/mpu6500.c:1327:6:mpu6500SetSlave4InterruptEnabled	24	static
../Core/Src/Drivers/mpu6500.c:1340:6:mpu6500GetSlave4WriteMode	16	static
../Core/Src/Drivers/mpu6500.c:1350:6:mpu6500SetSlave4WriteMode	24	static
../Core/Src/Drivers/mpu6500.c:1369:9:mpu6500GetSlave4MasterDelay	16	static
../Core/Src/Drivers/mpu6500.c:1380:6:mpu6500SetSlave4MasterDelay	24	static
../Core/Src/Drivers/mpu6500.c:1391:9:mpu6500GetSlate4InputByte	8	static
../Core/Src/Drivers/mpu6500.c:1408:6:mpu6500GetPassthroughStatus	16	static
../Core/Src/Drivers/mpu6500.c:1421:6:mpu6500GetSlave4IsDone	16	static
../Core/Src/Drivers/mpu6500.c:1433:6:mpu6500GetLostArbitration	16	static
../Core/Src/Drivers/mpu6500.c:1445:6:mpu6500GetSlave4Nack	16	static
../Core/Src/Drivers/mpu6500.c:1457:6:mpu6500GetSlave3Nack	16	static
../Core/Src/Drivers/mpu6500.c:1469:6:mpu6500GetSlave2Nack	16	static
../Core/Src/Drivers/mpu6500.c:1481:6:mpu6500GetSlave1Nack	16	static
../Core/Src/Drivers/mpu6500.c:1493:6:mpu6500GetSlave0Nack	16	static
../Core/Src/Drivers/mpu6500.c:1507:6:mpu6500GetInterruptMode	16	static
../Core/Src/Drivers/mpu6500.c:1518:6:mpu6500SetInterruptMode	24	static
../Core/Src/Drivers/mpu6500.c:1528:6:mpu6500GetInterruptDrive	16	static
../Core/Src/Drivers/mpu6500.c:1539:6:mpu6500SetInterruptDrive	24	static
../Core/Src/Drivers/mpu6500.c:1549:6:mpu6500GetInterruptLatch	16	static
../Core/Src/Drivers/mpu6500.c:1560:6:mpu6500SetInterruptLatch	24	static
../Core/Src/Drivers/mpu6500.c:1570:6:mpu6500GetInterruptLatchClear	16	static
../Core/Src/Drivers/mpu6500.c:1581:6:mpu6500SetInterruptLatchClear	24	static
../Core/Src/Drivers/mpu6500.c:1591:6:mpu6500GetFSyncInterruptLevel	16	static
../Core/Src/Drivers/mpu6500.c:1602:6:mpu6500SetFSyncInterruptLevel	24	static
../Core/Src/Drivers/mpu6500.c:1612:6:mpu6500GetFSyncInterruptEnabled	16	static
../Core/Src/Drivers/mpu6500.c:1623:6:mpu6500SetFSyncInterruptEnabled	24	static
../Core/Src/Drivers/mpu6500.c:1638:6:mpu6500GetI2CBypassEnabled	16	static
../Core/Src/Drivers/mpu6500.c:1654:6:mpu6500SetI2CBypassEnabled	24	static
../Core/Src/Drivers/mpu6500.c:1667:6:mpu6500GetClockOutputEnabled	16	static
../Core/Src/Drivers/mpu6500.c:1681:6:mpu6500SetClockOutputEnabled	24	static
../Core/Src/Drivers/mpu6500.c:1695:9:mpu6500GetIntEnabled	8	static
../Core/Src/Drivers/mpu6500.c:1708:6:mpu6500SetIntEnabled	16	static
../Core/Src/Drivers/mpu6500.c:1718:6:mpu6500GetIntFreefallEnabled	16	static
../Core/Src/Drivers/mpu6500.c:1729:6:mpu6500SetIntFreefallEnabled	24	static
../Core/Src/Drivers/mpu6500.c:1739:6:mpu6500GetIntMotionEnabled	16	static
../Core/Src/Drivers/mpu6500.c:1750:6:mpu6500SetIntMotionEnabled	24	static
../Core/Src/Drivers/mpu6500.c:1760:6:mpu6500GetIntZeroMotionEnabled	16	static
../Core/Src/Drivers/mpu6500.c:1771:6:mpu6500SetIntZeroMotionEnabled	24	static
../Core/Src/Drivers/mpu6500.c:1781:6:mpu6500GetIntFIFOBufferOverflowEnabled	16	static
../Core/Src/Drivers/mpu6500.c:1792:6:mpu6500SetIntFIFOBufferOverflowEnabled	24	static
../Core/Src/Drivers/mpu6500.c:1803:6:mpu6500GetIntI2CMasterEnabled	16	static
../Core/Src/Drivers/mpu6500.c:1814:6:mpu6500SetIntI2CMasterEnabled	24	static
../Core/Src/Drivers/mpu6500.c:1825:6:mpu6500GetIntDataReadyEnabled	16	static
../Core/Src/Drivers/mpu6500.c:1836:6:mpu6500SetIntDataReadyEnabled	24	static
../Core/Src/Drivers/mpu6500.c:1850:9:mpu6500GetIntStatus	8	static
../Core/Src/Drivers/mpu6500.c:1862:6:mpu6500GetIntFreefallStatus	16	static
../Core/Src/Drivers/mpu6500.c:1874:6:mpu6500GetIntMotionStatus	16	static
../Core/Src/Drivers/mpu6500.c:1886:6:mpu6500GetIntZeroMotionStatus	16	static
../Core/Src/Drivers/mpu6500.c:1898:6:mpu6500GetIntFIFOBufferOverflowStatus	16	static
../Core/Src/Drivers/mpu6500.c:1911:6:mpu6500GetIntI2CMasterStatus	16	static
../Core/Src/Drivers/mpu6500.c:1923:6:mpu6500GetIntDataReadyStatus	16	static
../Core/Src/Drivers/mpu6500.c:1947:6:mpu6500GetMotion9	32	static
../Core/Src/Drivers/mpu6500.c:1965:6:mpu6500GetMotion6	32	static
../Core/Src/Drivers/mpu6500.c:2011:6:mpu6500GetAcceleration	32	static
../Core/Src/Drivers/mpu6500.c:2023:9:mpu6500GetAccelerationX	16	static
../Core/Src/Drivers/mpu6500.c:2033:9:mpu6500GetAccelerationY	16	static
../Core/Src/Drivers/mpu6500.c:2043:9:mpu6500GetAccelerationZ	16	static
../Core/Src/Drivers/mpu6500.c:2055:9:mpu6500GetTemperature	16	static
../Core/Src/Drivers/mpu6500.c:2095:6:mpu6500GetRotation	32	static
../Core/Src/Drivers/mpu6500.c:2107:9:mpu6500GetRotationX	16	static
../Core/Src/Drivers/mpu6500.c:2117:9:mpu6500GetRotationY	16	static
../Core/Src/Drivers/mpu6500.c:2127:9:mpu6500GetRotationZ	16	static
../Core/Src/Drivers/mpu6500.c:2209:9:mpu6500GetExternalSensorByte	16	static
../Core/Src/Drivers/mpu6500.c:2219:10:mpu6500GetExternalSensorWord	24	static
../Core/Src/Drivers/mpu6500.c:2229:10:mpu6500GetExternalSensorDWord	24	static
../Core/Src/Drivers/mpu6500.c:2243:6:mpu6500GetXNegMotionDetected	16	static
../Core/Src/Drivers/mpu6500.c:2253:6:mpu6500GetXPosMotionDetected	16	static
../Core/Src/Drivers/mpu6500.c:2263:6:mpu6500GetYNegMotionDetected	16	static
../Core/Src/Drivers/mpu6500.c:2273:6:mpu6500GetYPosMotionDetected	16	static
../Core/Src/Drivers/mpu6500.c:2283:6:mpu6500GetZNegMotionDetected	16	static
../Core/Src/Drivers/mpu6500.c:2293:6:mpu6500GetZPosMotionDetected	16	static
../Core/Src/Drivers/mpu6500.c:2303:6:mpu6500GetZeroMotionDetected	16	static
../Core/Src/Drivers/mpu6500.c:2319:6:mpu6500SetSlaveOutputByte	16	static
../Core/Src/Drivers/mpu6500.c:2336:6:mpu6500GetExternalShadowDelayEnabled	16	static
../Core/Src/Drivers/mpu6500.c:2348:6:mpu6500SetExternalShadowDelayEnabled	24	static
../Core/Src/Drivers/mpu6500.c:2371:6:mpu6500GetSlaveDelayEnabled	24	static
../Core/Src/Drivers/mpu6500.c:2385:6:mpu6500SetSlaveDelayEnabled	24	static
../Core/Src/Drivers/mpu6500.c:2398:6:mpu6500ResetGyroscopePath	16	static
../Core/Src/Drivers/mpu6500.c:2408:6:mpu6500ResetAccelerometerPath	16	static
../Core/Src/Drivers/mpu6500.c:2418:6:mpu6500ResetTemperaturePath	16	static
../Core/Src/Drivers/mpu6500.c:2439:9:mpu6500GetAccelerometerPowerOnDelay	16	static
../Core/Src/Drivers/mpu6500.c:2451:6:mpu6500SetAccelerometerPowerOnDelay	24	static
../Core/Src/Drivers/mpu6500.c:2482:9:mpu6500GetFreefallDetectionCounterDecrement	16	static
../Core/Src/Drivers/mpu6500.c:2494:6:mpu6500SetFreefallDetectionCounterDecrement	24	static
../Core/Src/Drivers/mpu6500.c:2522:9:mpu6500GetMotionDetectionCounterDecrement	16	static
../Core/Src/Drivers/mpu6500.c:2534:6:mpu6500SetMotionDetectionCounterDecrement	24	static
../Core/Src/Drivers/mpu6500.c:2550:6:mpu6500GetFIFOEnabled	16	static
../Core/Src/Drivers/mpu6500.c:2561:6:mpu6500SetFIFOEnabled	24	static
../Core/Src/Drivers/mpu6500.c:2576:6:mpu6500GetI2CMasterModeEnabled	16	static
../Core/Src/Drivers/mpu6500.c:2587:6:mpu6500SetI2CMasterModeEnabled	24	static
../Core/Src/Drivers/mpu6500.c:2595:6:mpu6500SwitchSPIEnabled	24	static
../Core/Src/Drivers/mpu6500.c:2605:6:mpu6500ResetFIFO	16	static
../Core/Src/Drivers/mpu6500.c:2615:6:mpu6500ResetI2CMaster	16	static
../Core/Src/Drivers/mpu6500.c:2631:6:mpu6500ResetSensors	16	static
../Core/Src/Drivers/mpu6500.c:2643:6:mpu6500Reset	16	static
../Core/Src/Drivers/mpu6500.c:2658:6:mpu6500GetSleepEnabled	16	static
../Core/Src/Drivers/mpu6500.c:2669:6:mpu6500SetSleepEnabled	24	static
../Core/Src/Drivers/mpu6500.c:2681:6:mpu6500GetWakeCycleEnabled	16	static
../Core/Src/Drivers/mpu6500.c:2692:6:mpu6500SetWakeCycleEnabled	24	static
../Core/Src/Drivers/mpu6500.c:2707:6:mpu6500GetTempSensorEnabled	16	static
../Core/Src/Drivers/mpu6500.c:2722:6:mpu6500SetTempSensorEnabled	24	static
../Core/Src/Drivers/mpu6500.c:2733:9:mpu6500GetClockSource	16	static
../Core/Src/Drivers/mpu6500.c:2769:6:mpu6500SetClockSource	24	static
../Core/Src/Drivers/mpu6500.c:2800:9:mpu6500GetWakeFrequency	16	static
../Core/Src/Drivers/mpu6500.c:2810:6:mpu6500SetWakeFrequency	24	static
../Core/Src/Drivers/mpu6500.c:2822:6:mpu6500GetStandbyXAccelEnabled	16	static
../Core/Src/Drivers/mpu6500.c:2833:6:mpu6500SetStandbyXAccelEnabled	24	static
../Core/Src/Drivers/mpu6500.c:2843:6:mpu6500GetStandbyYAccelEnabled	16	static
../Core/Src/Drivers/mpu6500.c:2854:6:mpu6500SetStandbyYAccelEnabled	24	static
../Core/Src/Drivers/mpu6500.c:2864:6:mpu6500GetStandbyZAccelEnabled	16	static
../Core/Src/Drivers/mpu6500.c:2875:6:mpu6500SetStandbyZAccelEnabled	24	static
../Core/Src/Drivers/mpu6500.c:2885:6:mpu6500GetStandbyXGyroEnabled	16	static
../Core/Src/Drivers/mpu6500.c:2896:6:mpu6500SetStandbyXGyroEnabled	24	static
../Core/Src/Drivers/mpu6500.c:2906:6:mpu6500GetStandbyYGyroEnabled	16	static
../Core/Src/Drivers/mpu6500.c:2917:6:mpu6500SetStandbyYGyroEnabled	24	static
../Core/Src/Drivers/mpu6500.c:2927:6:mpu6500GetStandbyZGyroEnabled	16	static
../Core/Src/Drivers/mpu6500.c:2938:6:mpu6500SetStandbyZGyroEnabled	24	static
../Core/Src/Drivers/mpu6500.c:2952:10:mpu6500GetFIFOCount	16	static
../Core/Src/Drivers/mpu6500.c:2985:9:mpu6500GetFIFOByte	8	static
../Core/Src/Drivers/mpu6500.c:2990:6:mpu6500GetFIFOBytes	24	static
../Core/Src/Drivers/mpu6500.c:2998:6:mpu6500SetFIFOByte	16	static
../Core/Src/Drivers/mpu6500.c:3012:9:mpu6500GetDeviceID	16	static
../Core/Src/Drivers/mpu6500.c:3027:6:mpu6500SetDeviceID	24	static
../Core/Src/Drivers/mpu6500.c:3039:6:mpu6500GetIntPLLReadyEnabled	16	static
../Core/Src/Drivers/mpu6500.c:3044:6:mpu6500SetIntPLLReadyEnabled	24	static
../Core/Src/Drivers/mpu6500.c:3048:6:mpu6500GetIntDMPEnabled	16	static
../Core/Src/Drivers/mpu6500.c:3053:6:mpu6500SetIntDMPEnabled	24	static
../Core/Src/Drivers/mpu6500.c:3060:6:mpu6500GetDMPInt5Status	16	static
../Core/Src/Drivers/mpu6500.c:3065:6:mpu6500GetDMPInt4Status	16	static
../Core/Src/Drivers/mpu6500.c:3070:6:mpu6500GetDMPInt3Status	16	static
../Core/Src/Drivers/mpu6500.c:3075:6:mpu6500GetDMPInt2Status	16	static
../Core/Src/Drivers/mpu6500.c:3080:6:mpu6500GetDMPInt1Status	16	static
../Core/Src/Drivers/mpu6500.c:3085:6:mpu6500GetDMPInt0Status	16	static
../Core/Src/Drivers/mpu6500.c:3093:6:mpu6500GetIntPLLReadyStatus	16	static
../Core/Src/Drivers/mpu6500.c:3098:6:mpu6500GetIntDMPStatus	16	static
../Core/Src/Drivers/mpu6500.c:3106:6:mpu6500GetDMPEnabled	16	static
../Core/Src/Drivers/mpu6500.c:3111:6:mpu6500SetDMPEnabled	24	static
../Core/Src/Drivers/mpu6500.c:3115:6:mpu6500ResetDMP	16	static
../Core/Src/Drivers/mpu6500.c:3122:6:mpu6500SetMemoryBank	16	static
../Core/Src/Drivers/mpu6500.c:3134:6:mpu6500SetMemoryStartAddress	16	static
../Core/Src/Drivers/mpu6500.c:3141:9:mpu6500ReadMemoryByte	8	static
../Core/Src/Drivers/mpu6500.c:3146:6:mpu6500WriteMemoryByte	16	static
../Core/Src/Drivers/mpu6500.c:3150:6:mpu6500ReadMemoryBlock	40	static
../Core/Src/Drivers/mpu6500.c:3189:6:mpu6500WriteMemoryBlock	40	static
../Core/Src/Drivers/mpu6500.c:3269:6:mpu6500WriteProgMemoryBlock	24	static
../Core/Src/Drivers/mpu6500.c:3275:6:mpu6500WriteDMPConfigurationSet	40	static
../Core/Src/Drivers/mpu6500.c:3340:6:mpu6500WriteProgDMPConfigurationSet	16	static
../Core/Src/Drivers/mpu6500.c:3347:9:mpu6500GetDMPConfig1	8	static
../Core/Src/Drivers/mpu6500.c:3352:6:mpu6500SetDMPConfig1	16	static
../Core/Src/Drivers/mpu6500.c:3359:9:mpu6500GetDMPConfig2	8	static
../Core/Src/Drivers/mpu6500.c:3364:6:mpu6500SetDMPConfig2	16	static
