../Core/Src/Drivers/sensors_bmi088_bmp388.c:188:13:bmi088_burst_read	24	static
../Core/Src/Drivers/sensors_bmi088_bmp388.c:208:13:bmi088_burst_write	24	static
../Core/Src/Drivers/sensors_bmi088_bmp388.c:228:6:bmi088_ms_delay	16	static
../Core/Src/Drivers/sensors_bmi088_bmp388.c:234:17:sensorsGyroGet	16	static
../Core/Src/Drivers/sensors_bmi088_bmp388.c:239:13:sensorsAccelGet	16	static
../Core/Src/Drivers/sensors_bmi088_bmp388.c:244:13:sensorsScaleBaro	24	static
../Core/Src/Drivers/sensors_bmi088_bmp388.c:253:6:sensorsBmi088Bmp388ReadGyro	16	static
../Core/Src/Drivers/sensors_bmi088_bmp388.c:258:6:sensorsBmi088Bmp388ReadAcc	16	static
../Core/Src/Drivers/sensors_bmi088_bmp388.c:263:6:sensorsBmi088Bmp388ReadMag	16	static
../Core/Src/Drivers/sensors_bmi088_bmp388.c:268:6:sensorsBmi088Bmp388ReadBaro	16	static
../Core/Src/Drivers/sensors_bmi088_bmp388.c:273:6:sensorsBmi088Bmp388Acquire	16	static
../Core/Src/Drivers/sensors_bmi088_bmp388.c:282:6:sensorsBmi088Bmp388AreCalibrated	4	static
../Core/Src/Drivers/sensors_bmi088_bmp388.c:287:13:sensorsTask	120	static
../Core/Src/Drivers/sensors_bmi088_bmp388.c:374:6:sensorsBmi088Bmp388WaitDataReady	8	static
../Core/Src/Drivers/sensors_bmi088_bmp388.c:379:13:sensorsDeviceInit	56	static
../Core/Src/Drivers/sensors_bmi088_bmp388.c:538:13:sensorsTaskInit	24	static
../Core/Src/Drivers/sensors_bmi088_bmp388.c:548:13:sensorsInterruptInit	40	static
../Core/Src/Drivers/sensors_bmi088_bmp388.c:577:13:sensorsBmi088Bmp388Init	8	static
../Core/Src/Drivers/sensors_bmi088_bmp388.c:585:6:sensorsBmi088Bmp388Init_SPI	8	static
../Core/Src/Drivers/sensors_bmi088_bmp388.c:597:6:sensorsBmi088Bmp388Init_I2C	8	static
../Core/Src/Drivers/sensors_bmi088_bmp388.c:609:13:gyroSelftest	24	static
../Core/Src/Drivers/sensors_bmi088_bmp388.c:641:6:sensorsBmi088Bmp388Test	16	static
../Core/Src/Drivers/sensors_bmi088_bmp388.c:663:13:processAccScale	24	static
../Core/Src/Drivers/sensors_bmi088_bmp388.c:731:13:processGyroBias	24	static
../Core/Src/Drivers/sensors_bmi088_bmp388.c:753:13:sensorsBiasObjInit	16	static
../Core/Src/Drivers/sensors_bmi088_bmp388.c:762:13:sensorsCalculateVarianceAndMean	208	static
../Core/Src/Drivers/sensors_bmi088_bmp388.c:790:35:sensorsCalculateBiasMean	32	static
../Core/Src/Drivers/sensors_bmi088_bmp388.c:811:13:sensorsAddBiasValue	24	static
../Core/Src/Drivers/sensors_bmi088_bmp388.c:830:13:sensorsFindBiasValue	32	static
../Core/Src/Drivers/sensors_bmi088_bmp388.c:856:6:sensorsBmi088Bmp388ManufacturingTest	16	static
../Core/Src/Drivers/sensors_bmi088_bmp388.c:882:13:sensorsAlignToAirframe	16	static
../Core/Src/Drivers/sensors_bmi088_bmp388.c:914:13:sensorsAccAlignToGravity	40	static
../Core/Src/Drivers/sensors_bmi088_bmp388.c:934:6:sensorsBmi088Bmp388SetAccMode	24	static
../Core/Src/Drivers/sensors_bmi088_bmp388.c:971:13:applyAxis3fLpf	32	static
../Core/Src/Drivers/sensors_bmi088_bmp388.c:978:6:sensorsBmi088Bmp388DataAvailableCallback	16	static,ignoring_inline_asm
