../Core/Src/Drivers/sensors_mpu9250_bmp280.c:193:6:sensorsMpu9250Lps25hReadGyro	16	static
../Core/Src/Drivers/sensors_mpu9250_bmp280.c:198:6:sensorsMpu9250Lps25hReadAcc	16	static
../Core/Src/Drivers/sensors_mpu9250_bmp280.c:203:6:sensorsMpu9250Lps25hReadMag	16	static
../Core/Src/Drivers/sensors_mpu9250_bmp280.c:208:6:sensorsMpu9250Lps25hReadBaro	16	static
../Core/Src/Drivers/sensors_mpu9250_bmp280.c:213:6:sensorsMpu9250Lps25hAcquire	16	static
../Core/Src/Drivers/sensors_mpu9250_bmp280.c:222:6:sensorsMpu9250Lps25hAreCalibrated	4	static
../Core/Src/Drivers/sensors_mpu9250_bmp280.c:236:13:sensorsTask	80	static
../Core/Src/Drivers/sensors_mpu9250_bmp280.c:307:6:sensorsMpu9250Lps25hWaitDataReady	8	static
../Core/Src/Drivers/sensors_mpu9250_bmp280.c:312:6:processBarometerMeasurements	16	static
../Core/Src/Drivers/sensors_mpu9250_bmp280.c:331:6:processMagnetometerMeasurements	24	static
../Core/Src/Drivers/sensors_mpu9250_bmp280.c:344:6:processAccGyroMeasurements	56	static
../Core/Src/Drivers/sensors_mpu9250_bmp280.c:382:13:sensorsDeviceInit	24	static
../Core/Src/Drivers/sensors_mpu9250_bmp280.c:531:13:sensorsSetupSlaveRead	8	static
../Core/Src/Drivers/sensors_mpu9250_bmp280.c:582:13:sensorsTaskInit	24	static
../Core/Src/Drivers/sensors_mpu9250_bmp280.c:592:13:sensorsInterruptInit	40	static
../Core/Src/Drivers/sensors_mpu9250_bmp280.c:647:6:sensorsMpu9250Lps25hInit	8	static
../Core/Src/Drivers/sensors_mpu9250_bmp280.c:662:6:sensorsMpu9250Lps25hTest	16	static
../Core/Src/Drivers/sensors_mpu9250_bmp280.c:712:13:processAccScale	24	static
../Core/Src/Drivers/sensors_mpu9250_bmp280.c:781:13:processGyroBias	24	static
../Core/Src/Drivers/sensors_mpu9250_bmp280.c:803:13:sensorsBiasObjInit	16	static
../Core/Src/Drivers/sensors_mpu9250_bmp280.c:813:13:sensorsCalculateVarianceAndMean	208	static
../Core/Src/Drivers/sensors_mpu9250_bmp280.c:842:35:sensorsCalculateBiasMean	32	static
../Core/Src/Drivers/sensors_mpu9250_bmp280.c:863:13:sensorsAddBiasValue	24	static
../Core/Src/Drivers/sensors_mpu9250_bmp280.c:882:13:sensorsFindBiasValue	32	static
../Core/Src/Drivers/sensors_mpu9250_bmp280.c:908:6:sensorsMpu9250Lps25hManufacturingTest	104	static
../Core/Src/Drivers/sensors_mpu9250_bmp280.c:970:28:EXTI4_IRQHandler	24	static,ignoring_inline_asm
../Core/Src/Drivers/sensors_mpu9250_bmp280.c:991:13:sensorsAlignToAirframe	16	static
../Core/Src/Drivers/sensors_mpu9250_bmp280.c:1026:13:sensorsAccAlignToGravity	40	static
../Core/Src/Drivers/sensors_mpu9250_bmp280.c:1046:6:sensorsMpu9250Lps25hSetAccMode	24	static
../Core/Src/Drivers/sensors_mpu9250_bmp280.c:1068:13:applyAxis3fLpf	32	static
