../Core/Src/Drivers/sensors_mpu9250_lps25h.c:183:6:sensorsMpu9250Lps25hReadGyro	16	static
../Core/Src/Drivers/sensors_mpu9250_lps25h.c:188:6:sensorsMpu9250Lps25hReadAcc	16	static
../Core/Src/Drivers/sensors_mpu9250_lps25h.c:193:6:sensorsMpu9250Lps25hReadMag	16	static
../Core/Src/Drivers/sensors_mpu9250_lps25h.c:198:6:sensorsMpu9250Lps25hReadBaro	16	static
../Core/Src/Drivers/sensors_mpu9250_lps25h.c:203:6:sensorsMpu9250Lps25hAcquire	16	static
../Core/Src/Drivers/sensors_mpu9250_lps25h.c:212:6:sensorsMpu9250Lps25hAreCalibrated	4	static
../Core/Src/Drivers/sensors_mpu9250_lps25h.c:216:13:sensorsTask	80	static
../Core/Src/Drivers/sensors_mpu9250_lps25h.c:274:6:sensorsMpu9250Lps25hWaitDataReady	8	static
../Core/Src/Drivers/sensors_mpu9250_lps25h.c:279:6:processBarometerMeasurements	16	static
../Core/Src/Drivers/sensors_mpu9250_lps25h.c:298:6:processMagnetometerMeasurements	24	static
../Core/Src/Drivers/sensors_mpu9250_lps25h.c:311:6:processAccGyroMeasurements	56	static
../Core/Src/Drivers/sensors_mpu9250_lps25h.c:349:13:sensorsDeviceInit	16	static
../Core/Src/Drivers/sensors_mpu9250_lps25h.c:444:13:sensorsSetupSlaveRead	8	static
../Core/Src/Drivers/sensors_mpu9250_lps25h.c:495:13:sensorsTaskInit	24	static
../Core/Src/Drivers/sensors_mpu9250_lps25h.c:505:13:sensorsInterruptInit	40	static
../Core/Src/Drivers/sensors_mpu9250_lps25h.c:543:6:sensorsMpu9250Lps25hInit	8	static
../Core/Src/Drivers/sensors_mpu9250_lps25h.c:558:6:sensorsMpu9250Lps25hTest	16	static
../Core/Src/Drivers/sensors_mpu9250_lps25h.c:608:13:processAccScale	24	static
../Core/Src/Drivers/sensors_mpu9250_lps25h.c:677:13:processGyroBias	24	static
../Core/Src/Drivers/sensors_mpu9250_lps25h.c:699:13:sensorsBiasObjInit	16	static
../Core/Src/Drivers/sensors_mpu9250_lps25h.c:708:13:sensorsCalculateVarianceAndMean	208	static
../Core/Src/Drivers/sensors_mpu9250_lps25h.c:737:35:sensorsCalculateBiasMean	32	static
../Core/Src/Drivers/sensors_mpu9250_lps25h.c:758:13:sensorsAddBiasValue	24	static
../Core/Src/Drivers/sensors_mpu9250_lps25h.c:777:13:sensorsFindBiasValue	32	static
../Core/Src/Drivers/sensors_mpu9250_lps25h.c:803:6:sensorsMpu9250Lps25hManufacturingTest	80	static
../Core/Src/Drivers/sensors_mpu9250_lps25h.c:860:28:EXTI13_Callback	24	static,ignoring_inline_asm
../Core/Src/Drivers/sensors_mpu9250_lps25h.c:875:13:sensorsAlignToAirframe	16	static
../Core/Src/Drivers/sensors_mpu9250_lps25h.c:910:13:sensorsAccAlignToGravity	40	static
../Core/Src/Drivers/sensors_mpu9250_lps25h.c:930:6:sensorsMpu9250Lps25hSetAccMode	24	static
../Core/Src/Drivers/sensors_mpu9250_lps25h.c:952:13:applyAxis3fLpf	32	static
