../Core/Src/Drivers/sensors_mpu9250_bmp280.c:193:6:sensorsMpu9250Lps25hReadGyro	16	static
../Core/Src/Drivers/sensors_mpu9250_bmp280.c:198:6:sensorsMpu9250Lps25hReadAcc	16	static
../Core/Src/Drivers/sensors_mpu9250_bmp280.c:203:6:sensorsMpu9250Lps25hReadMag	16	static
../Core/Src/Drivers/sensors_mpu9250_bmp280.c:208:6:sensorsMpu9250Lps25hReadBaro	16	static
../Core/Src/Drivers/sensors_mpu9250_bmp280.c:213:6:sensorsMpu9250Lps25hAcquire	16	static
../Core/Src/Drivers/sensors_mpu9250_bmp280.c:222:6:sensorsMpu9250Lps25hAreCalibrated	4	static
../Core/Src/Drivers/sensors_mpu9250_bmp280.c:236:13:sensorsTask	80	static
../Core/Src/Drivers/sensors_mpu9250_bmp280.c:307:6:sensorsMpu9250Lps25hWaitDataReady	8	static
../Core/Src/Drivers/sensors_mpu9250_bmp280.c:312:6:processBarometerMeasurements	16	static
../Core/Src/Drivers/sensors_mpu9250_bmp280.c:331:6:processMagnetometerMeasurements	24	static
../Core/Src/Drivers/sensors_mpu9250_bmp280.c:344:6:processAccGyroMeasurements	56	static
../Core/Src/Drivers/sensors_mpu9250_bmp280.c:382:13:sensorsDeviceInit	16	static
../Core/Src/Drivers/sensors_mpu9250_bmp280.c:507:13:sensorsSetupSlaveRead	8	static
../Core/Src/Drivers/sensors_mpu9250_bmp280.c:558:13:sensorsTaskInit	24	static
../Core/Src/Drivers/sensors_mpu9250_bmp280.c:568:13:sensorsInterruptInit	40	static
../Core/Src/Drivers/sensors_mpu9250_bmp280.c:623:6:sensorsMpu9250Lps25hInit	8	static
../Core/Src/Drivers/sensors_mpu9250_bmp280.c:638:6:sensorsMpu9250Lps25hTest	16	static
../Core/Src/Drivers/sensors_mpu9250_bmp280.c:688:13:processAccScale	24	static
../Core/Src/Drivers/sensors_mpu9250_bmp280.c:757:13:processGyroBias	24	static
../Core/Src/Drivers/sensors_mpu9250_bmp280.c:779:13:sensorsBiasObjInit	16	static
../Core/Src/Drivers/sensors_mpu9250_bmp280.c:789:13:sensorsCalculateVarianceAndMean	208	static
../Core/Src/Drivers/sensors_mpu9250_bmp280.c:818:35:sensorsCalculateBiasMean	32	static
../Core/Src/Drivers/sensors_mpu9250_bmp280.c:839:13:sensorsAddBiasValue	24	static
../Core/Src/Drivers/sensors_mpu9250_bmp280.c:858:13:sensorsFindBiasValue	32	static
../Core/Src/Drivers/sensors_mpu9250_bmp280.c:884:6:sensorsMpu9250Lps25hManufacturingTest	88	static
../Core/Src/Drivers/sensors_mpu9250_bmp280.c:944:28:EXTI4_IRQHandler	24	static,ignoring_inline_asm
../Core/Src/Drivers/sensors_mpu9250_bmp280.c:965:13:sensorsAlignToAirframe	16	static
../Core/Src/Drivers/sensors_mpu9250_bmp280.c:1000:13:sensorsAccAlignToGravity	40	static
../Core/Src/Drivers/sensors_mpu9250_bmp280.c:1020:6:sensorsMpu9250Lps25hSetAccMode	24	static
../Core/Src/Drivers/sensors_mpu9250_bmp280.c:1042:13:applyAxis3fLpf	32	static
