../Core/Src/Drivers/sensors_bosch.c:208:6:sensorsBoschInit	16	static
../Core/Src/Drivers/sensors_bosch.c:223:13:sensorsDeviceInit	64	static
../Core/Src/Drivers/sensors_bosch.c:388:13:sensorsTaskInit	24	static
../Core/Src/Drivers/sensors_bosch.c:402:13:sensorsGyroGet	16	static
../Core/Src/Drivers/sensors_bosch.c:418:13:sensorsAccelGet	16	static
../Core/Src/Drivers/sensors_bosch.c:438:13:sensorsGyroCalibrate	16	static
../Core/Src/Drivers/sensors_bosch.c:459:1:sensorsAccelCalibrate	24	static
../Core/Src/Drivers/sensors_bosch.c:486:13:sensorsTask	120	static
../Core/Src/Drivers/sensors_bosch.c:688:6:sensorsBoschWaitDataReady	8	static
../Core/Src/Drivers/sensors_bosch.c:693:13:sensorsBiasMalloc	16	static
../Core/Src/Drivers/sensors_bosch.c:703:35:sensorsBiasReset	16	static
../Core/Src/Drivers/sensors_bosch.c:718:13:sensorsBiasFree	16	static
../Core/Src/Drivers/sensors_bosch.c:732:13:sensorsBiasBufPtrIncrement	16	static
../Core/Src/Drivers/sensors_bosch.c:745:13:calcMean	96	static
../Core/Src/Drivers/sensors_bosch.c:765:13:calcVarianceAndMean	128	static
../Core/Src/Drivers/sensors_bosch.c:792:13:processGyroBias	48	static
../Core/Src/Drivers/sensors_bosch.c:812:13:processAccelBias	32	static
../Core/Src/Drivers/sensors_bosch.c:823:13:sensorsApplyBiasAndScale	24	static
../Core/Src/Drivers/sensors_bosch.c:830:13:sensorsScaleBaro	24	static
../Core/Src/Drivers/sensors_bosch.c:838:6:sensorsBoschReadGyro	16	static
../Core/Src/Drivers/sensors_bosch.c:855:6:sensorsBoschReadAcc	16	static
../Core/Src/Drivers/sensors_bosch.c:860:6:sensorsBoschReadMag	16	static
../Core/Src/Drivers/sensors_bosch.c:865:6:sensorsBoschReadBaro	16	static
../Core/Src/Drivers/sensors_bosch.c:870:6:sensorsBoschAcquire	16	static
../Core/Src/Drivers/sensors_bosch.c:882:6:sensorsBoschAreCalibrated	4	static
../Core/Src/Drivers/sensors_bosch.c:887:6:sensorsBoschTest	16	static
../Core/Src/Drivers/sensors_bosch.c:900:6:sensorsBoschManufacturingTest	4	static
../Core/Src/Drivers/sensors_bosch.c:905:6:sensorsHasBarometer	4	static
../Core/Src/Drivers/sensors_bosch.c:910:6:sensorsHasMangnetometer	4	static
../Core/Src/Drivers/sensors_bosch.c:915:13:sensorsAccIIRLPFilter	24	static
../Core/Src/Drivers/sensors_bosch.c:928:13:sensorsAccAlignToGravity	40	static
../Core/Src/Drivers/sensors_bosch.c:948:6:sensorsBoschSetAccMode	16	static
