../Core/Src/Drivers/sensors_mpu9250_bmp280.c:193:6:sensorsMpu9250Lps25hReadGyro	16	static
../Core/Src/Drivers/sensors_mpu9250_bmp280.c:198:6:sensorsMpu9250Lps25hReadAcc	16	static
../Core/Src/Drivers/sensors_mpu9250_bmp280.c:203:6:sensorsMpu9250Lps25hReadMag	16	static
../Core/Src/Drivers/sensors_mpu9250_bmp280.c:208:6:sensorsMpu9250Lps25hReadBaro	16	static
../Core/Src/Drivers/sensors_mpu9250_bmp280.c:213:6:sensorsMpu9250Lps25hAcquire	16	static
../Core/Src/Drivers/sensors_mpu9250_bmp280.c:222:6:sensorsMpu9250Lps25hAreCalibrated	4	static
../Core/Src/Drivers/sensors_mpu9250_bmp280.c:226:13:sensorsTask	80	static
../Core/Src/Drivers/sensors_mpu9250_bmp280.c:284:6:sensorsMpu9250Lps25hWaitDataReady	8	static
../Core/Src/Drivers/sensors_mpu9250_bmp280.c:289:6:processBarometerMeasurements	16	static
../Core/Src/Drivers/sensors_mpu9250_bmp280.c:308:6:processMagnetometerMeasurements	24	static
../Core/Src/Drivers/sensors_mpu9250_bmp280.c:321:6:processAccGyroMeasurements	56	static
../Core/Src/Drivers/sensors_mpu9250_bmp280.c:359:13:sensorsDeviceInit	16	static
../Core/Src/Drivers/sensors_mpu9250_bmp280.c:484:13:sensorsSetupSlaveRead	8	static
../Core/Src/Drivers/sensors_mpu9250_bmp280.c:535:13:sensorsTaskInit	24	static
../Core/Src/Drivers/sensors_mpu9250_bmp280.c:545:13:sensorsInterruptInit	40	static
../Core/Src/Drivers/sensors_mpu9250_bmp280.c:600:6:sensorsMpu9250Lps25hInit	8	static
../Core/Src/Drivers/sensors_mpu9250_bmp280.c:615:6:sensorsMpu9250Lps25hTest	16	static
../Core/Src/Drivers/sensors_mpu9250_bmp280.c:665:13:processAccScale	24	static
../Core/Src/Drivers/sensors_mpu9250_bmp280.c:734:13:processGyroBias	24	static
../Core/Src/Drivers/sensors_mpu9250_bmp280.c:756:13:sensorsBiasObjInit	16	static
../Core/Src/Drivers/sensors_mpu9250_bmp280.c:765:13:sensorsCalculateVarianceAndMean	208	static
../Core/Src/Drivers/sensors_mpu9250_bmp280.c:794:35:sensorsCalculateBiasMean	32	static
../Core/Src/Drivers/sensors_mpu9250_bmp280.c:815:13:sensorsAddBiasValue	24	static
../Core/Src/Drivers/sensors_mpu9250_bmp280.c:834:13:sensorsFindBiasValue	32	static
../Core/Src/Drivers/sensors_mpu9250_bmp280.c:860:6:sensorsMpu9250Lps25hManufacturingTest	80	static
../Core/Src/Drivers/sensors_mpu9250_bmp280.c:917:28:EXTI13_Callback	24	static,ignoring_inline_asm
../Core/Src/Drivers/sensors_mpu9250_bmp280.c:932:13:sensorsAlignToAirframe	16	static
../Core/Src/Drivers/sensors_mpu9250_bmp280.c:967:13:sensorsAccAlignToGravity	40	static
../Core/Src/Drivers/sensors_mpu9250_bmp280.c:987:6:sensorsMpu9250Lps25hSetAccMode	24	static
../Core/Src/Drivers/sensors_mpu9250_bmp280.c:1009:13:applyAxis3fLpf	32	static
