../Drivers/CMSIS/Include/core_cm4.h:1684:22:__NVIC_EnableIRQ	16	static,ignoring_inline_asm
../Drivers/CMSIS/Include/core_cm4.h:1722:22:__NVIC_DisableIRQ	16	static,ignoring_inline_asm
../Core/Src/Drivers/sensors.c:72:13:nullFunction	4	static
../Core/Src/Drivers/sensors.c:175:6:sensorsInit	16	static
../Core/Src/Drivers/sensors.c:194:6:sensorsTest	8	static
../Core/Src/Drivers/sensors.c:198:6:sensorsAreCalibrated	8	static
../Core/Src/Drivers/sensors.c:202:6:sensorsManufacturingTest	4	static
../Core/Src/Drivers/sensors.c:206:6:sensorsAcquire	16	static
../Core/Src/Drivers/sensors.c:210:6:sensorsWaitDataReady	8	static
../Core/Src/Drivers/sensors.c:214:6:sensorsReadGyro	16	static
../Core/Src/Drivers/sensors.c:218:6:sensorsReadAcc	16	static
../Core/Src/Drivers/sensors.c:222:6:sensorsReadMag	16	static
../Core/Src/Drivers/sensors.c:226:6:sensorsReadBaro	16	static
../Core/Src/Drivers/sensors.c:230:6:sensorsSetAccMode	16	static
../Core/Src/Drivers/sensors.c:234:6:sensorsSuspend	8	static
../Core/Src/Drivers/sensors.c:239:6:sensorsResume	8	static
../Core/Src/Drivers/sensors.c:245:28:EXTI14_Callback	8	static
../Core/Src/Drivers/sensors.c:249:39:findImplementation	24	static
