../Core/Src/Drivers/system.c:115:6:systemLaunch	24	static
../Core/Src/Drivers/system.c:126:6:systemTask	72	static
../Core/Src/Drivers/system.c:330:6:systemTest	16	static
../Core/Src/Drivers/system.c:343:6:systemStart	8	static
../Core/Src/Drivers/system.c:353:6:systemWaitStart	8	static
../Core/Src/Drivers/system.c:367:6:systemInit	16	static
../Core/Src/Drivers/system.c:446:6:systemRequestShutdown	80	static
../Core/Src/Drivers/system.c:458:6:systemSyslinkReceive	24	static
../Core/Src/Drivers/system.c:472:6:systemRequestNRFVersion	80	static
../Core/Src/Drivers/system.c:483:6:vApplicationIdleHook	16	static
../Core/Src/Drivers/system.c:507:13:doAssertCallback	8	static
