../Core/Src/Drivers/system.c:115:6:systemLaunch	24	static
../Core/Src/Drivers/system.c:127:6:systemInit	16	static
../Core/Src/Drivers/system.c:210:6:systemTask	48	static
../Core/Src/Drivers/system.c:413:6:systemTest	16	static
../Core/Src/Drivers/system.c:425:6:systemStart	8	static
../Core/Src/Drivers/system.c:435:6:systemWaitStart	8	static
../Core/Src/Drivers/system.c:452:6:systemRequestShutdown	80	static
../Core/Src/Drivers/system.c:464:6:systemSyslinkReceive	24	static
../Core/Src/Drivers/system.c:478:6:systemRequestNRFVersion	80	static
../Core/Src/Drivers/system.c:489:6:vApplicationIdleHook	16	static
../Core/Src/Drivers/system.c:513:13:doAssertCallback	8	static
