../Drivers/CMSIS/Include/core_cm4.h:1684:22:__NVIC_EnableIRQ	16	static,ignoring_inline_asm
../Drivers/CMSIS/Include/core_cm4.h:1722:22:__NVIC_DisableIRQ	16	static,ignoring_inline_asm
../Core/Src/Drivers/uart_syslink.c:107:6:uartslkDmaInit	8	static
../Core/Src/Drivers/uart_syslink.c:120:6:uartslkInit	16	static
../Core/Src/Drivers/uart_syslink.c:172:6:uartslkTest	4	static
../Core/Src/Drivers/uart_syslink.c:177:6:uartslkPauseRx	8	static
../Core/Src/Drivers/uart_syslink.c:182:6:uartslkResumeRx	8	static
../Core/Src/Drivers/uart_syslink.c:188:6:uartslkEnableIncoming	4	static
../Core/Src/Drivers/uart_syslink.c:193:6:uartslkGetPacketBlocking	16	static
../Core/Src/Drivers/uart_syslink.c:198:6:uartslkSendData	24	static
../Core/Src/Drivers/uart_syslink.c:215:6:uartslkSendDataIsrBlocking	16	static
../Core/Src/Drivers/uart_syslink.c:228:5:uartslkPutchar	16	static
../Core/Src/Drivers/uart_syslink.c:235:6:uartslkSendDataDmaBlocking	16	static
../Core/Src/Drivers/uart_syslink.c:262:13:uartslkReceiveDMA	16	static
../Core/Src/Drivers/uart_syslink.c:336:13:uartslkDmaTXIsr	16	static
../Core/Src/Drivers/uart_syslink.c:355:13:uartslkDmaRXIsr	16	static,ignoring_inline_asm
../Core/Src/Drivers/uart_syslink.c:404:6:uartslkHandleDataFromISR	16	static
../Core/Src/Drivers/uart_syslink.c:504:6:uartslkIsr	16	static,ignoring_inline_asm
../Core/Src/Drivers/uart_syslink.c:543:6:uartslkTxenFlowctrlIsr	8	static
../Core/Src/Drivers/uart_syslink.c:566:28:USART2_IRQ_Callback	4	static
../Core/Src/Drivers/uart_syslink.c:572:28:DMA1_Stream6_Callback	8	static
../Core/Src/Drivers/uart_syslink.c:580:28:DMA1_Stream5_Callback	4	static
../Core/Src/Drivers/uart_syslink.c:590:6:uartSyslinkDumpDebugProbe	8	static
