../Drivers/CMSIS/Include/core_cm4.h:1684:22:__NVIC_EnableIRQ	16	static,ignoring_inline_asm
../Drivers/CMSIS/Include/core_cm4.h:1722:22:__NVIC_DisableIRQ	16	static,ignoring_inline_asm
../Core/Src/Drivers/uart_syslink.c:105:6:uartslkDmaInit	8	static
../Core/Src/Drivers/uart_syslink.c:118:6:uartslkInit	40	static
../Core/Src/Drivers/uart_syslink.c:181:6:uartslkTest	4	static
../Core/Src/Drivers/uart_syslink.c:186:6:uartslkPauseRx	8	static
../Core/Src/Drivers/uart_syslink.c:191:6:uartslkResumeRx	8	static
../Core/Src/Drivers/uart_syslink.c:197:6:uartslkEnableIncoming	4	static
../Core/Src/Drivers/uart_syslink.c:202:6:uartslkGetPacketBlocking	16	static
../Core/Src/Drivers/uart_syslink.c:207:6:uartslkSendData	24	static
../Core/Src/Drivers/uart_syslink.c:224:6:uartslkSendDataIsrBlocking	16	static
../Core/Src/Drivers/uart_syslink.c:237:5:uartslkPutchar	16	static
../Core/Src/Drivers/uart_syslink.c:244:6:uartslkSendDataDmaBlocking	16	static
../Core/Src/Drivers/uart_syslink.c:575:6:uartSyslinkDumpDebugProbe	8	static
