../Drivers/CMSIS/Include/core_cm4.h:1684:22:__NVIC_EnableIRQ	16	static,ignoring_inline_asm
../Drivers/CMSIS/Include/core_cm4.h:1722:22:__NVIC_DisableIRQ	16	static,ignoring_inline_asm
../Core/Src/Drivers/uart_syslink.c:107:6:uartslkDmaInit	8	static
../Core/Src/Drivers/uart_syslink.c:120:6:uartslkInit	16	static
../Core/Src/Drivers/uart_syslink.c:168:6:uartslkTest	4	static
../Core/Src/Drivers/uart_syslink.c:173:6:uartslkPauseRx	8	static
../Core/Src/Drivers/uart_syslink.c:178:6:uartslkResumeRx	8	static
../Core/Src/Drivers/uart_syslink.c:184:6:uartslkEnableIncoming	4	static
../Core/Src/Drivers/uart_syslink.c:189:6:uartslkGetPacketBlocking	16	static
../Core/Src/Drivers/uart_syslink.c:194:6:uartslkSendData	24	static
../Core/Src/Drivers/uart_syslink.c:211:6:uartslkSendDataIsrBlocking	16	static
../Core/Src/Drivers/uart_syslink.c:224:5:uartslkPutchar	16	static
../Core/Src/Drivers/uart_syslink.c:231:6:uartslkSendDataDmaBlocking	16	static
../Core/Src/Drivers/uart_syslink.c:258:13:uartslkReceiveDMA	16	static
../Core/Src/Drivers/uart_syslink.c:332:13:uartslkDmaTXIsr	16	static
../Core/Src/Drivers/uart_syslink.c:351:13:uartslkDmaRXIsr	16	static,ignoring_inline_asm
../Core/Src/Drivers/uart_syslink.c:400:6:uartslkHandleDataFromISR	16	static
../Core/Src/Drivers/uart_syslink.c:500:6:uartslkIsr	16	static,ignoring_inline_asm
../Core/Src/Drivers/uart_syslink.c:539:6:uartslkTxenFlowctrlIsr	8	static
../Core/Src/Drivers/uart_syslink.c:562:28:USART1_IRQHandler	8	static
../Core/Src/Drivers/uart_syslink.c:568:28:DMA2_Stream7_IRQHandler	8	static
../Core/Src/Drivers/uart_syslink.c:575:28:DMA2_Stream2_IRQHandler	8	static
../Core/Src/Drivers/uart_syslink.c:585:6:uartSyslinkDumpDebugProbe	8	static
