../Drivers/CMSIS/Include/core_cm4.h:1684:22:__NVIC_EnableIRQ	16	static,ignoring_inline_asm
../Drivers/CMSIS/Include/core_cm4.h:1722:22:__NVIC_DisableIRQ	16	static,ignoring_inline_asm
../Core/Src/Drivers/uart_syslink.c:105:6:uartslkDmaInit	8	static
../Core/Src/Drivers/uart_syslink.c:118:6:uartslkInit	16	static
../Core/Src/Drivers/uart_syslink.c:169:6:uartslkTest	4	static
../Core/Src/Drivers/uart_syslink.c:174:6:uartslkPauseRx	8	static
../Core/Src/Drivers/uart_syslink.c:179:6:uartslkResumeRx	8	static
../Core/Src/Drivers/uart_syslink.c:185:6:uartslkEnableIncoming	4	static
../Core/Src/Drivers/uart_syslink.c:190:6:uartslkGetPacketBlocking	16	static
../Core/Src/Drivers/uart_syslink.c:195:6:uartslkSendData	24	static
../Core/Src/Drivers/uart_syslink.c:212:6:uartslkSendDataIsrBlocking	16	static
../Core/Src/Drivers/uart_syslink.c:225:5:uartslkPutchar	16	static
../Core/Src/Drivers/uart_syslink.c:232:6:uartslkSendDataDmaBlocking	16	static
../Core/Src/Drivers/uart_syslink.c:563:6:uartSyslinkDumpDebugProbe	8	static
