../Drivers/CMSIS/Include/core_cm4.h:1684:22:__NVIC_EnableIRQ	16	static,ignoring_inline_asm
../Drivers/CMSIS/Include/core_cm4.h:1722:22:__NVIC_DisableIRQ	16	static,ignoring_inline_asm
../Core/Src/Drivers/usb.c:387:13:resetUSB	16	static
../Core/Src/Drivers/usb.c:409:16:usbd_cf_Setup	32	static
../Core/Src/Drivers/usb.c:553:17:usbd_cf_Init	24	static
../Core/Src/Drivers/usb.c:624:17:usbd_cf_DeInit	16	static
../Core/Src/Drivers/usb.c:667:10:usbd_cdc_EP0_RxReady	24	static
../Core/Src/Drivers/usb.c:694:17:usbd_cf_DataIn	24	static,ignoring_inline_asm
../Core/Src/Drivers/usb.c:735:17:usbd_cf_SOF	24	static,ignoring_inline_asm
../Core/Src/Drivers/usb.c:772:17:usbd_cf_DataOut	32	static
../Core/Src/Drivers/usb.c:839:18:usbd_cf_GetCfgDesc	40	static
../Core/Src/Drivers/usb.c:891:6:USBD_USR_Init	4	static
../Core/Src/Drivers/usb.c:901:6:USBD_USR_DeviceReset	16	static
../Core/Src/Drivers/usb.c:912:6:USBD_USR_DeviceConfigured	4	static
../Core/Src/Drivers/usb.c:921:6:USBD_USR_DeviceSuspended	8	static
../Core/Src/Drivers/usb.c:933:6:USBD_USR_DeviceResumed	4	static
../Core/Src/Drivers/usb.c:943:6:USBD_USR_DeviceConnected	4	static
../Core/Src/Drivers/usb.c:953:6:USBD_USR_DeviceDisconnected	8	static
../Core/Src/Drivers/usb.c:972:6:usbGetDataBlocking	16	static
../Core/Src/Drivers/usb.c:994:6:usbSendData	16	static
../Core/Src/Drivers/usb.c:1003:6:usbInit	16	static
../Core/Src/Drivers/usb.c:1039:6:usbTest	4	static
