../Drivers/CMSIS/Include/core_cm4.h:1684:22:__NVIC_EnableIRQ	16	static,ignoring_inline_asm
../Drivers/CMSIS/Include/core_cm4.h:1722:22:__NVIC_DisableIRQ	16	static,ignoring_inline_asm
../Core/Src/Drivers/usb.c:389:13:resetUSB	16	static
../Core/Src/Drivers/usb.c:411:16:usbd_cf_Setup	32	static
../Core/Src/Drivers/usb.c:555:17:usbd_cf_Init	24	static
../Core/Src/Drivers/usb.c:626:17:usbd_cf_DeInit	16	static
../Core/Src/Drivers/usb.c:669:10:usbd_cdc_EP0_RxReady	24	static
../Core/Src/Drivers/usb.c:696:17:usbd_cf_DataIn	24	static,ignoring_inline_asm
../Core/Src/Drivers/usb.c:737:17:usbd_cf_SOF	24	static,ignoring_inline_asm
../Core/Src/Drivers/usb.c:775:17:usbd_cf_DataOut	32	static
../Core/Src/Drivers/usb.c:843:18:usbd_cf_GetCfgDesc	40	static
../Core/Src/Drivers/usb.c:895:6:USBD_USR_Init	4	static
../Core/Src/Drivers/usb.c:905:6:USBD_USR_DeviceReset	16	static
../Core/Src/Drivers/usb.c:916:6:USBD_USR_DeviceConfigured	4	static
../Core/Src/Drivers/usb.c:925:6:USBD_USR_DeviceSuspended	8	static
../Core/Src/Drivers/usb.c:937:6:USBD_USR_DeviceResumed	4	static
../Core/Src/Drivers/usb.c:947:6:USBD_USR_DeviceConnected	4	static
../Core/Src/Drivers/usb.c:957:6:USBD_USR_DeviceDisconnected	8	static
../Core/Src/Drivers/usb.c:976:6:usbGetDataBlocking	16	static
../Core/Src/Drivers/usb.c:998:6:usbSendData	16	static
../Core/Src/Drivers/usb.c:1016:6:usbInit	16	static
../Core/Src/Drivers/usb.c:1052:6:usbTest	4	static
